'SharpWasserstein.PropagatedSourceEquation.Brownian.action_configuration_pairing' depends on axioms: [propext,
 Classical.choice,
 Quot.sound]
'SharpWasserstein.SwitchSourceDerivative.prescribedSourcePairing_eq_action' depends on axioms: [propext,
 Classical.choice,
 Quot.sound]
'SharpWasserstein.SwitchSourceDerivative.canonical_pairing_measure_congr' depends on axioms: [propext,
 Classical.choice,
 Quot.sound]
'SharpWasserstein.SwitchSourceDerivative.prescribedSourcePairing_eq_canonical_pairing' depends on axioms: [propext,
 Classical.choice,
 Quot.sound]
'SharpWasserstein.SwitchSourceDerivative.prescribedMarginalSource' depends on axioms: [propext,
 Classical.choice,
 Quot.sound]
'SharpWasserstein.SwitchSourceDerivative.prescribedMarginalSource_eq' depends on axioms: [propext,
 Classical.choice,
 Quot.sound]
'SharpWasserstein.SwitchSourceDerivative.prescribedMarginalSource_pairing' depends on axioms: [propext,
 Classical.choice,
 Quot.sound]
'SharpWasserstein.SwitchSourceDerivative.prescribedMarginalCurve' depends on axioms: [propext,
 Classical.choice,
 Quot.sound]
'SharpWasserstein.SwitchSourceDerivative.prescribedMarginalCurve_continuous' depends on axioms: [propext,
 Classical.choice,
 Quot.sound]
'SharpWasserstein.SwitchSourceDerivative.prescribedMarginalCurve_coe' depends on axioms: [propext,
 Classical.choice,
 Quot.sound]
'SharpWasserstein.SwitchSourceDerivative.marginal_configuration_test_bounds' depends on axioms: [propext,
 Classical.choice,
 Quot.sound]
'SharpWasserstein.SwitchSourceDerivative.prescribedMarginalSource_clamped_pairing' depends on axioms: [propext,
 Classical.choice,
 Quot.sound]
'SharpWasserstein.SwitchSourceDerivative.prescribedMarginalSource_continuous' depends on axioms: [propext,
 Classical.choice,
 Quot.sound]
'SharpWasserstein.SwitchSourceDerivative.prescribedMarginalCurve_integral' depends on axioms: [propext,
 Classical.choice,
 Quot.sound]
'SharpWasserstein.SwitchSourceDerivative.prescribedMarginalCurve_sub_eq_integral' depends on axioms: [propext,
 Classical.choice,
 Quot.sound]
'SharpWasserstein.SwitchSourceDerivative.prescribed_marginal_compactDistributionContinuity' depends on axioms: [propext,
 Classical.choice,
 Quot.sound]
