'SharpWasserstein.RoughEulerianCompression.euclideanCoordinates' depends on axioms: [propext,
 Classical.choice,
 Quot.sound]
'SharpWasserstein.RoughEulerianCompression.compression' depends on axioms: [propext, Classical.choice, Quot.sound]
'SharpWasserstein.RoughEulerianCompression.compression_apply' depends on axioms: [propext, Classical.choice, Quot.sound]
'SharpWasserstein.RoughEulerianCompression.compression_zero' depends on axioms: [propext, Classical.choice, Quot.sound]
'SharpWasserstein.RoughEulerianCompression.compression_contDiff' depends on axioms: [propext,
 Classical.choice,
 Quot.sound]
'SharpWasserstein.RoughEulerianCompression.compression_lipschitz' depends on axioms: [propext,
 Classical.choice,
 Quot.sound]
'SharpWasserstein.RoughEulerianCompression.compression_norm_le' depends on axioms: [propext,
 Classical.choice,
 Quot.sound]
'SharpWasserstein.RoughEulerianCompression.compression_range_bound' depends on axioms: [propext,
 Classical.choice,
 Quot.sound]
'SharpWasserstein.RoughEulerianCompression.compression_range_subset' depends on axioms: [propext,
 Classical.choice,
 Quot.sound]
'SharpWasserstein.RoughEulerianCompression.compression_fderiv_norm_le' depends on axioms: [propext,
 Classical.choice,
 Quot.sound]
'SharpWasserstein.RoughEulerianCompression.compression_fderiv_apply_norm_le' depends on axioms: [propext,
 Classical.choice,
 Quot.sound]
'SharpWasserstein.RoughEulerianCompression.compression_tendsto' depends on axioms: [propext,
 Classical.choice,
 Quot.sound]
'SharpWasserstein.RoughEulerianCompression.compression_displacement_bound' depends on axioms: [propext,
 Classical.choice,
 Quot.sound]
'SharpWasserstein.RoughEulerianCompression.curveSpaceTimeMeasure_finite' depends on axioms: [propext,
 Classical.choice,
 Quot.sound]
'SharpWasserstein.RoughEulerianCompression.bounded_gradient_joint_integrable' depends on axioms: [propext,
 Classical.choice,
 Quot.sound]
'SharpWasserstein.RoughEulerianCompression.bounded_gradient_time_integrable' depends on axioms: [propext,
 Classical.choice,
 Quot.sound]
'SharpWasserstein.RoughEulerianCompression.joint_pairing_eq_interval' depends on axioms: [propext,
 Classical.choice,
 Quot.sound]
'SharpWasserstein.RoughEulerianCompression.bounded_smooth_continuity_equation' depends on axioms: [propext,
 Classical.choice,
 Quot.sound]
'SharpWasserstein.RoughEulerianCompression.fluxPullback' depends on axioms: [propext, Classical.choice, Quot.sound]
'SharpWasserstein.RoughEulerianCompression.pushFunctional' depends on axioms: [propext, Classical.choice, Quot.sound]
'SharpWasserstein.RoughEulerianCompression.pushFunctional_norm_le' depends on axioms: [propext,
 Classical.choice,
 Quot.sound]
'SharpWasserstein.RoughEulerianCompression.pushedFlux' depends on axioms: [propext, Classical.choice, Quot.sound]
'SharpWasserstein.RoughEulerianCompression.pushedFlux_norm_le' depends on axioms: [propext,
 Classical.choice,
 Quot.sound]
'SharpWasserstein.RoughEulerianCompression.pushedFlux_inner' depends on axioms: [propext, Classical.choice, Quot.sound]
'SharpWasserstein.RoughEulerianCompression.pushedFlux_pairing' depends on axioms: [propext,
 Classical.choice,
 Quot.sound]
'SharpWasserstein.RoughEulerianCompression.pushedFlux_energy_le' depends on axioms: [propext,
 Classical.choice,
 Quot.sound]
'SharpWasserstein.RoughEulerianCompression.compressionMap' depends on axioms: [propext, Classical.choice, Quot.sound]
'SharpWasserstein.RoughEulerianCompression.compressionMap_measurable' depends on axioms: [propext,
 Classical.choice,
 Quot.sound]
'SharpWasserstein.RoughEulerianCompression.compressionVector' depends on axioms: [propext, Classical.choice, Quot.sound]
'SharpWasserstein.RoughEulerianCompression.compressionVector_memLp' depends on axioms: [propext,
 Classical.choice,
 Quot.sound]
'SharpWasserstein.RoughEulerianCompression.compressionVectorLp' depends on axioms: [propext,
 Classical.choice,
 Quot.sound]
'SharpWasserstein.RoughEulerianCompression.compressionVectorLp_ae' depends on axioms: [propext,
 Classical.choice,
 Quot.sound]
'SharpWasserstein.RoughEulerianCompression.compressedFlux' depends on axioms: [propext, Classical.choice, Quot.sound]
'SharpWasserstein.RoughEulerianCompression.compressedFlux_stronglyMeasurable' depends on axioms: [propext,
 Classical.choice,
 Quot.sound]
'SharpWasserstein.RoughEulerianCompression.compressedFlux_energy_le' depends on axioms: [propext,
 Classical.choice,
 Quot.sound]
'SharpWasserstein.RoughEulerianCompression.compressedFlux_pairing' depends on axioms: [propext,
 Classical.choice,
 Quot.sound]
'SharpWasserstein.RoughEulerianCompression.compressionMap_compProd' depends on axioms: [propext,
 Classical.choice,
 Quot.sound]
'SharpWasserstein.RoughEulerianCompression.compressedMeasure_outside_ball' depends on axioms: [propext,
 Classical.choice,
 Quot.sound]
'SharpWasserstein.RoughEulerianCompression.configurationCompression' depends on axioms: [propext,
 Classical.choice,
 Quot.sound]
'SharpWasserstein.RoughEulerianCompression.configurationCompression_continuous' depends on axioms: [propext,
 Classical.choice,
 Quot.sound]
'SharpWasserstein.RoughEulerianCompression.configurationCompression_cost' depends on axioms: [propext,
 Classical.choice,
 Quot.sound]
'SharpWasserstein.RoughEulerianCompression.configurationCompression_cost_bound' depends on axioms: [propext,
 Classical.choice,
 Quot.sound]
'SharpWasserstein.RoughEulerianCompression.configurationCompression_cost_integrable' depends on axioms: [propext,
 Classical.choice,
 Quot.sound]
'SharpWasserstein.RoughEulerianCompression.configurationCompression_cost_tendsto' depends on axioms: [propext,
 Classical.choice,
 Quot.sound]
'SharpWasserstein.RoughEulerianCompression.configurationCompression_wassersteinSq_tendsto' depends on axioms: [propext,
 Classical.choice,
 Quot.sound]
'SharpWasserstein.RoughEulerianCompression.compression_probability_tendsto' depends on axioms: [propext,
 Classical.choice,
 Quot.sound]
'SharpWasserstein.RoughEulerianCompression.compression_gradient_pairing' depends on axioms: [propext,
 Classical.choice,
 Quot.sound]
'SharpWasserstein.RoughEulerianCompression.compressed_test_bounds' depends on axioms: [propext,
 Classical.choice,
 Quot.sound]
'SharpWasserstein.RoughEulerianCompression.compressedFlux_localized_gradient' depends on axioms: [propext,
 Classical.choice,
 Quot.sound]
'SharpWasserstein.RoughEulerianCompression.compressedCurve' depends on axioms: [propext, Classical.choice, Quot.sound]
'SharpWasserstein.RoughEulerianCompression.compressedCurve_continuous' depends on axioms: [propext,
 Classical.choice,
 Quot.sound]
'SharpWasserstein.RoughEulerianCompression.compressedCurve_jointMeasure' depends on axioms: [propext,
 Classical.choice,
 Quot.sound]
'SharpWasserstein.RoughEulerianCompression.compressed_curve_joint_equation' depends on axioms: [propext,
 Classical.choice,
 Quot.sound]
'SharpWasserstein.RoughEulerianCompression.compressed_curve_pairing_integrable' depends on axioms: [propext,
 Classical.choice,
 Quot.sound]
'SharpWasserstein.RoughEulerianCompression.compressed_curve_continuity_equation' depends on axioms: [propext,
 Classical.choice,
 Quot.sound]
'SharpWasserstein.RoughEulerianCompression.compressed_curve_action_le' depends on axioms: [propext,
 Classical.choice,
 Quot.sound]
