'SharpWasserstein.PeriodicMarginalCoefficientEvolution.cylinder' depends on axioms: [propext,
 Classical.choice,
 Quot.sound]
'SharpWasserstein.PeriodicMarginalCoefficientEvolution.cylinder_coordinates' depends on axioms: [propext,
 Classical.choice,
 Quot.sound]
'SharpWasserstein.PeriodicMarginalCoefficientEvolution.cylinder_smooth' depends on axioms: [propext,
 Classical.choice,
 Quot.sound]
'SharpWasserstein.PeriodicMarginalCoefficientEvolution.cylinder_allDerivativesBounded' depends on axioms: [propext,
 Classical.choice,
 Quot.sound]
'SharpWasserstein.PeriodicMarginalCoefficientEvolution.marginalProjection_single_left' depends on axioms: [propext,
 Classical.choice,
 Quot.sound]
'SharpWasserstein.PeriodicMarginalCoefficientEvolution.marginalProjection_single_right' depends on axioms: [propext,
 Classical.choice,
 Quot.sound]
'SharpWasserstein.PeriodicMarginalCoefficientEvolution.laplacian_cylinder' depends on axioms: [propext,
 Classical.choice,
 Quot.sound]
'SharpWasserstein.PeriodicMarginalCoefficientEvolution.generator_cylinder' depends on axioms: [propext,
 Classical.choice,
 Quot.sound]
'SharpWasserstein.PeriodicMarginalCoefficientEvolution.sum_prefix_external' depends on axioms: [propext,
 Classical.choice,
 Quot.sound]
'SharpWasserstein.PeriodicMarginalCoefficientEvolution.projected_particleDrift' depends on axioms: [propext,
 Classical.choice,
 Quot.sound]
'SharpWasserstein.PeriodicMarginalCoefficientEvolution.particle_generator_cylinder' depends on axioms: [propext,
 Classical.choice,
 Quot.sound]
'SharpWasserstein.PeriodicMarginalCoefficientEvolution.splitGenerator' depends on axioms: [propext,
 Classical.choice,
 Quot.sound]
'SharpWasserstein.PeriodicMarginalCoefficientEvolution.splitGenerator_eq' depends on axioms: [propext,
 Classical.choice,
 Quot.sound]
'SharpWasserstein.PeriodicMarginalCoefficientEvolution.brownian_marginal_observable_hasDerivWithinAt' depends on axioms: [propext,
 Classical.choice,
 Quot.sound]
'SharpWasserstein.PeriodicMarginalCoefficientEvolution.brownian_marginal_gramEntry_hasDerivWithinAt' depends on axioms: [propext,
 Classical.choice,
 Quot.sound]
'SharpWasserstein.PeriodicMarginalCoefficientEvolution.brownian_marginal_source_hasDerivWithinAt' depends on axioms: [propext,
 Classical.choice,
 Quot.sound]
'SharpWasserstein.PeriodicMarginalCoefficientEvolution.brownian_marginal_source_pairing_hasDerivWithinAt' depends on axioms: [propext,
 Classical.choice,
 Quot.sound]
'SharpWasserstein.PeriodicMarginalCoefficientEvolution.brownian_marginal_coefficients_hasDerivWithinAt' depends on axioms: [propext,
 Classical.choice,
 Quot.sound]
'SharpWasserstein.PeriodicMarginalCoefficientEvolution.physical_allDerivativesBounded' depends on axioms: [propext,
 Classical.choice,
 Quot.sound]
'SharpWasserstein.PeriodicMarginalCoefficientEvolution.directionDeriv_periodic' depends on axioms: [propext,
 Classical.choice,
 Quot.sound]
'SharpWasserstein.PeriodicMarginalCoefficientEvolution.euclidean_laplacian_periodic' depends on axioms: [propext,
 Classical.choice,
 Quot.sound]
'SharpWasserstein.PeriodicMarginalCoefficientEvolution.internalGenerator' depends on axioms: [propext,
 Classical.choice,
 Quot.sound]
'SharpWasserstein.PeriodicMarginalCoefficientEvolution.internalGenerator_smooth' depends on axioms: [propext,
 Classical.choice,
 Quot.sound]
'SharpWasserstein.PeriodicMarginalCoefficientEvolution.internalGenerator_periodic' depends on axioms: [propext,
 Classical.choice,
 Quot.sound]
'SharpWasserstein.PeriodicMarginalCoefficientEvolution.pairing_integrable' depends on axioms: [propext,
 Classical.choice,
 Quot.sound]
'SharpWasserstein.PeriodicMarginalCoefficientEvolution.pairing_add_sum' depends on axioms: [propext,
 Classical.choice,
 Quot.sound]
'SharpWasserstein.PeriodicMarginalCoefficientEvolution.prefixSource' depends on axioms: [propext,
 Classical.choice,
 Quot.sound]
'SharpWasserstein.PeriodicMarginalCoefficientEvolution.prefixSource_finiteEnergy' depends on axioms: [propext,
 Classical.choice,
 Quot.sound]
'SharpWasserstein.PeriodicMarginalCoefficientEvolution.prefixSource_periodic_pairing' depends on axioms: [propext,
 Classical.choice,
 Quot.sound]
'SharpWasserstein.PeriodicMarginalCoefficientEvolution.splitGenerator_periodic_pairing' depends on axioms: [propext,
 Classical.choice,
 Quot.sound]
'SharpWasserstein.PeriodicMarginalCoefficientEvolution.canonical_splitGenerator_periodic_pairing' depends on axioms: [propext,
 Classical.choice,
 Quot.sound]
'SharpWasserstein.PeriodicMarginalCoefficientEvolution.splitGenerator_terminal' depends on axioms: [propext,
 Classical.choice,
 Quot.sound]
'SharpWasserstein.PeriodicMarginalCoefficientEvolution.brownian_lawAt_permutation' depends on axioms: [propext,
 Classical.choice,
 Quot.sound]
'SharpWasserstein.PeriodicMarginalCoefficientEvolution.brownian_marginal_periodic_source_pairing' depends on axioms: [propext,
 Classical.choice,
 Quot.sound]
'SharpWasserstein.PeriodicMarginalCoefficientEvolution.brownian_marginal_periodic_source_hasDerivWithinAt' depends on axioms: [propext,
 Classical.choice,
 Quot.sound]
'SharpWasserstein.PeriodicMarginalCoefficientEvolution.external_integral_eq' depends on axioms: [propext,
 Classical.choice,
 Quot.sound]
'SharpWasserstein.PeriodicMarginalCoefficientEvolution.external_integral_meanField' depends on axioms: [propext,
 Classical.choice,
 Quot.sound]
'SharpWasserstein.PeriodicMarginalCoefficientEvolution.splitGenerator_integral' depends on axioms: [propext,
 Classical.choice,
 Quot.sound]
'SharpWasserstein.PeriodicMarginalCoefficientEvolution.gramTest_periodic' depends on axioms: [propext,
 Classical.choice,
 Quot.sound]
'SharpWasserstein.PeriodicMarginalCoefficientEvolution.brownian_marginal_periodic_gramEntry_hasDerivWithinAt' depends on axioms: [propext,
 Classical.choice,
 Quot.sound]
