'SharpWasserstein.PeriodicSourceConvolution.coefficient_hasSum_sq' depends on axioms: [propext,
 Classical.choice,
 Quot.sound]
'SharpWasserstein.PeriodicSourceConvolution.coefficient_zero' depends on axioms: [propext, Classical.choice, Quot.sound]
'SharpWasserstein.PeriodicSourceConvolution.frequency_gap' depends on axioms: [propext, Classical.choice, Quot.sound]
'SharpWasserstein.PeriodicSourceConvolution.periodic_poincare_sq' depends on axioms: [propext,
 Classical.choice,
 Quot.sound]
'SharpWasserstein.PeriodicSourceConvolution.periodic_poincare_centered_sq' depends on axioms: [propext,
 Classical.choice,
 Quot.sound]
'SharpWasserstein.PeriodicSourceConvolution.centerTest' depends on axioms: [propext, Classical.choice, Quot.sound]
'SharpWasserstein.PeriodicSourceConvolution.centeredValue' depends on axioms: [propext, Classical.choice, Quot.sound]
'SharpWasserstein.PeriodicSourceConvolution.gradientToPeriodic' depends on axioms: [propext,
 Classical.choice,
 Quot.sound]
'SharpWasserstein.PeriodicSourceConvolution.gradientToPeriodic_dense' depends on axioms: [propext,
 Classical.choice,
 Quot.sound]
'SharpWasserstein.PeriodicSourceConvolution.value_norm_sq' depends on axioms: [propext, Classical.choice, Quot.sound]
'SharpWasserstein.PeriodicSourceConvolution.gradientToPeriodic_norm_sq' depends on axioms: [propext,
 Classical.choice,
 Quot.sound]
'SharpWasserstein.PeriodicSourceConvolution.centeredValue_norm_le' depends on axioms: [propext,
 Classical.choice,
 Quot.sound]
'SharpWasserstein.PeriodicSourceConvolution.periodicPotential' depends on axioms: [propext,
 Classical.choice,
 Quot.sound]
'SharpWasserstein.PeriodicSourceConvolution.periodicPotential_gradient' depends on axioms: [propext,
 Classical.choice,
 Quot.sound]
'SharpWasserstein.PeriodicSourceConvolution.periodicPotential_norm_le' depends on axioms: [propext,
 Classical.choice,
 Quot.sound]
'SharpWasserstein.PeriodicSourceConvolution.projectedPotential' depends on axioms: [propext,
 Classical.choice,
 Quot.sound]
'SharpWasserstein.PeriodicSourceConvolution.projectedPotential_gradient' depends on axioms: [propext,
 Classical.choice,
 Quot.sound]
'SharpWasserstein.PeriodicSourceConvolution.sourceFunctional' depends on axioms: [propext, Classical.choice, Quot.sound]
'SharpWasserstein.PeriodicSourceConvolution.sourceFunctional_apply' depends on axioms: [propext,
 Classical.choice,
 Quot.sound]
'SharpWasserstein.PeriodicSourceConvolution.sourceFunctional_periodicGradient' depends on axioms: [propext,
 Classical.choice,
 Quot.sound]
'SharpWasserstein.PeriodicSourceConvolution.sourceFunctional_periodicGradient_of_mean_zero' depends on axioms: [propext,
 Classical.choice,
 Quot.sound]
'SharpWasserstein.PeriodicSourceConvolution.projectedPotential_norm_le' depends on axioms: [propext,
 Classical.choice,
 Quot.sound]
'SharpWasserstein.PeriodicSourceConvolution.sourceFunctional_norm_le' depends on axioms: [propext,
 Classical.choice,
 Quot.sound]
'SharpWasserstein.PeriodicSourceConvolution.sourceFunctional_hasDerivAt' depends on axioms: [propext,
 Classical.choice,
 Quot.sound]
'SharpWasserstein.PeriodicSourceConvolution.sourceFunctional_hasDerivWithinAt' depends on axioms: [propext,
 Classical.choice,
 Quot.sound]
'SharpWasserstein.PeriodicSourceConvolution.integral_kernel_fderiv_eq_zero' depends on axioms: [propext,
 Classical.choice,
 Quot.sound]
'SharpWasserstein.PeriodicSourceConvolution.integral_random_kernel_fderiv_eq_zero' depends on axioms: [propext,
 Classical.choice,
 Quot.sound]
'SharpWasserstein.PeriodicSourceConvolution.convolvedSource_integral_eq_zero' depends on axioms: [propext,
 Classical.choice,
 Quot.sound]
'SharpWasserstein.PeriodicSourceConvolution.convolvedSourceBCF_integral_eq_zero' depends on axioms: [propext,
 Classical.choice,
 Quot.sound]
'SharpWasserstein.PeriodicSourceConvolution.cubeIntegral' depends on axioms: [propext, Classical.choice, Quot.sound]
'SharpWasserstein.PeriodicSourceConvolution.cubeIntegral_apply' depends on axioms: [propext,
 Classical.choice,
 Quot.sound]
'SharpWasserstein.PeriodicSourceConvolution.convolvedFunctional' depends on axioms: [propext,
 Classical.choice,
 Quot.sound]
'SharpWasserstein.PeriodicSourceConvolution.convolvedFunctionalDerivative' depends on axioms: [propext,
 Classical.choice,
 Quot.sound]
'SharpWasserstein.PeriodicSourceConvolution.convolvedFunctional_periodicGradient' depends on axioms: [propext,
 Classical.choice,
 Quot.sound]
'SharpWasserstein.PeriodicSourceConvolution.convolvedFunctional_hasDerivWithinAt' depends on axioms: [propext,
 Classical.choice,
 Quot.sound]
'SharpWasserstein.PeriodicSourceConvolution.convolvedFunctional_hasDerivAt' depends on axioms: [propext,
 Classical.choice,
 Quot.sound]
'SharpWasserstein.PeriodicSourceConvolution.convolvedSourceDerivativeBCF_integral_eq_zero' depends on axioms: [propext,
 Classical.choice,
 Quot.sound]
'SharpWasserstein.PeriodicSourceConvolution.convolvedFunctionalDerivative_periodicGradient' depends on axioms: [propext,
 Classical.choice,
 Quot.sound]
