'SharpWasserstein.RoughEulerianTransport.timeSampling' depends on axioms: [propext, Classical.choice, Quot.sound]
'SharpWasserstein.RoughEulerianTransport.timeSampling_probability' depends on axioms: [propext,
 Classical.choice,
 Quot.sound]
'SharpWasserstein.RoughEulerianTransport.timeSampling_support' depends on axioms: [propext,
 Classical.choice,
 Quot.sound]
'SharpWasserstein.RoughEulerianTransport.timeSampling_lintegral_tendsto_zero' depends on axioms: [propext,
 Classical.choice,
 Quot.sound]
'SharpWasserstein.RoughEulerianTransport.averagedKernel_eq_commonLabel' depends on axioms: [propext,
 Classical.choice,
 Quot.sound]
'SharpWasserstein.RoughEulerianTransport.averagedKernel_configuration_eq_commonLabel' depends on axioms: [propext,
 Classical.choice,
 Quot.sound]
'SharpWasserstein.RoughEulerianTransport.averagedKernel_wassersteinSq_le_commonLabel' depends on axioms: [propext,
 Classical.choice,
 Quot.sound]
'SharpWasserstein.RoughEulerianTransport.averagedKernel_wassersteinSq_tendsto_commonLabel' depends on axioms: [propext,
 Classical.choice,
 Quot.sound]
'SharpWasserstein.RoughEulerianTransport.wassersteinSq_tendsto_zero_triangle' depends on axioms: [propext,
 Classical.choice,
 Quot.sound]
'SharpWasserstein.RoughEulerianTransport.regularizedLaw_moving_wassersteinSq_tendsto' depends on axioms: [propext,
 Classical.choice,
 Quot.sound]
'SharpWasserstein.RoughEulerianTransport.spaceTimeRegularizedLaw_wassersteinSq_tendsto_commonLabel' depends on axioms: [propext,
 Classical.choice,
 Quot.sound]
'SharpWasserstein.RoughEulerianTransport.CommonLabelLift' depends on axioms: [propext, Classical.choice, Quot.sound]
'SharpWasserstein.RoughEulerianTransport.CommonLabelLift.translate' depends on axioms: [propext,
 Classical.choice,
 Quot.sound]
'SharpWasserstein.RoughEulerianTransport.CommonLabelLift.law_euclidean' depends on axioms: [propext,
 Classical.choice,
 Quot.sound]
'SharpWasserstein.RoughEulerianTransport.CommonLabelLift.configurationCompression_pair_cost_le' depends on axioms: [propext,
 Classical.choice,
 Quot.sound]
'SharpWasserstein.RoughEulerianTransport.CommonLabelLift.compress' depends on axioms: [propext,
 Classical.choice,
 Quot.sound]
'SharpWasserstein.RoughEulerianTransport.CommonLabelLift.averagedKernel_wassersteinSq_tendsto' depends on axioms: [propext,
 Classical.choice,
 Quot.sound]
'SharpWasserstein.RoughEulerianTransport.CommonLabelLift.spaceTimeRegularizedLaw_wassersteinSq_tendsto' depends on axioms: [propext,
 Classical.choice,
 Quot.sound]
