'SharpWasserstein.RoughEulerianTransport.measurable_measure_of_continuous_probability' depends on axioms: [propext,
 Classical.choice,
 Quot.sound]
'SharpWasserstein.RoughEulerianTransport.probabilityCurveKernel' depends on axioms: [propext,
 Classical.choice,
 Quot.sound]
'SharpWasserstein.RoughEulerianTransport.probabilityCurveKernel_apply' depends on axioms: [propext,
 Classical.choice,
 Quot.sound]
'SharpWasserstein.RoughEulerianTransport.probabilityCurveKernel_markov' depends on axioms: [propext,
 Classical.choice,
 Quot.sound]
'SharpWasserstein.RoughEulerianTransport.fieldGradient' depends on axioms: [propext, Classical.choice, Quot.sound]
'SharpWasserstein.RoughEulerianTransport.fieldGradient_add' depends on axioms: [propext, Classical.choice, Quot.sound]
'SharpWasserstein.RoughEulerianTransport.fieldGradient_smul' depends on axioms: [propext, Classical.choice, Quot.sound]
'SharpWasserstein.RoughEulerianTransport.fieldGradient_zero' depends on axioms: [propext, Classical.choice, Quot.sound]
'SharpWasserstein.RoughEulerianTransport.fieldSpace' depends on axioms: [propext, Classical.choice, Quot.sound]
'SharpWasserstein.RoughEulerianTransport.Field' depends on axioms: [propext, Classical.choice, Quot.sound]
'SharpWasserstein.RoughEulerianTransport.fieldAction' depends on axioms: [propext, Classical.choice, Quot.sound]
'SharpWasserstein.RoughEulerianTransport.fieldGradientLp' depends on axioms: [propext, Classical.choice, Quot.sound]
'SharpWasserstein.RoughEulerianTransport.fieldGradientLp_ae' depends on axioms: [propext, Classical.choice, Quot.sound]
'SharpWasserstein.RoughEulerianTransport.fieldGradientLinear' depends on axioms: [propext, Classical.choice, Quot.sound]
'SharpWasserstein.RoughEulerianTransport.fieldClosure' depends on axioms: [propext, Classical.choice, Quot.sound]
'SharpWasserstein.RoughEulerianTransport.fieldClosure_completeSpace' depends on axioms: [propext,
 Classical.choice,
 Quot.sound]
'SharpWasserstein.RoughEulerianTransport.fieldIntoClosure' depends on axioms: [propext, Classical.choice, Quot.sound]
'SharpWasserstein.RoughEulerianTransport.dense_fieldIntoClosure' depends on axioms: [propext,
 Classical.choice,
 Quot.sound]
'SharpWasserstein.RoughEulerianTransport.fieldGradientLp_norm_sq' depends on axioms: [propext,
 Classical.choice,
 Quot.sound]
'SharpWasserstein.RoughEulerianTransport.field_objective_le_integral' depends on axioms: [propext,
 Classical.choice,
 Quot.sound]
'SharpWasserstein.RoughEulerianTransport.spaceTimeRepresentative' depends on axioms: [propext,
 Classical.choice,
 Quot.sound]
'SharpWasserstein.RoughEulerianTransport.spaceTimeFlux' depends on axioms: [propext, Classical.choice, Quot.sound]
'SharpWasserstein.RoughEulerianTransport.spaceTimeFlux_pairing' depends on axioms: [propext,
 Classical.choice,
 Quot.sound]
'SharpWasserstein.RoughEulerianTransport.spaceTimeFlux_energy_le' depends on axioms: [propext,
 Classical.choice,
 Quot.sound]
'SharpWasserstein.RoughEulerianTransport.localizedTest' depends on axioms: [propext, Classical.choice, Quot.sound]
'SharpWasserstein.RoughEulerianTransport.fieldGradient_localizedTest' depends on axioms: [propext,
 Classical.choice,
 Quot.sound]
'SharpWasserstein.RoughEulerianTransport.localizedField' depends on axioms: [propext, Classical.choice, Quot.sound]
'SharpWasserstein.RoughEulerianTransport.spaceTimeFlux_localized_pairing' depends on axioms: [propext,
 Classical.choice,
 Quot.sound]
'SharpWasserstein.RoughEulerianTransport.spaceTimeFlux_test_integrable' depends on axioms: [propext,
 Classical.choice,
 Quot.sound]
'SharpWasserstein.RoughEulerianTransport.spaceTimeFlux_set_pairing' depends on axioms: [propext,
 Classical.choice,
 Quot.sound]
'SharpWasserstein.RoughEulerianTransport.objective_le_energy_of_finite' depends on axioms: [propext,
 Classical.choice,
 Quot.sound]
'SharpWasserstein.RoughEulerianTransport.lowerSemicontinuous_extendedEnergy' depends on axioms: [propext,
 Classical.choice,
 Quot.sound]
'SharpWasserstein.RoughEulerianTransport.measurable_extendedEnergy' depends on axioms: [propext,
 Classical.choice,
 Quot.sound]
'SharpWasserstein.RoughEulerianTransport.measurable_finite_energy' depends on axioms: [propext,
 Classical.choice,
 Quot.sound]
'SharpWasserstein.RoughEulerianTransport.CompactDistributionContinuity' depends on axioms: [propext,
 Classical.choice,
 Quot.sound]
'SharpWasserstein.RoughEulerianTransport.curveSpaceTimeMeasure' depends on axioms: [propext,
 Classical.choice,
 Quot.sound]
'SharpWasserstein.RoughEulerianTransport.curveFlux' depends on axioms: [propext, Classical.choice, Quot.sound]
'SharpWasserstein.RoughEulerianTransport.curveFlux_stronglyMeasurable' depends on axioms: [propext,
 Classical.choice,
 Quot.sound]
'SharpWasserstein.RoughEulerianTransport.source_integrable_horizon' depends on axioms: [propext,
 Classical.choice,
 Quot.sound]
'SharpWasserstein.RoughEulerianTransport.curveFlux_energy_le' depends on axioms: [propext, Classical.choice, Quot.sound]
'SharpWasserstein.RoughEulerianTransport.curveFlux_pairing_integrable' depends on axioms: [propext,
 Classical.choice,
 Quot.sound]
'SharpWasserstein.RoughEulerianTransport.curveFlux_continuity_equation' depends on axioms: [propext,
 Classical.choice,
 Quot.sound]
'SharpWasserstein.RoughEulerianTransport.exists_measurable_finiteAction_flux' depends on axioms: [propext,
 Classical.choice,
 Quot.sound]
'SharpWasserstein.RoughEulerianTransport.exists_flux_of_finite_tangent_energy' depends on axioms: [propext,
 Classical.choice,
 Quot.sound]
'SharpWasserstein.RoughEulerianTransport.CompactDistributionContinuity.mk' depends on axioms: [propext,
 Classical.choice,
 Quot.sound]
'SharpWasserstein.RoughEulerianTransport.CompactDistributionContinuity.continuous' depends on axioms: [propext,
 Classical.choice,
 Quot.sound]
'SharpWasserstein.RoughEulerianTransport.CompactDistributionContinuity.equation' depends on axioms: [propext,
 Classical.choice,
 Quot.sound]
