'SharpWasserstein.VolterraFourier.finiteEnergy' depends on axioms: [propext, Classical.choice, Quot.sound]
'SharpWasserstein.VolterraFourier.totalEnergy' depends on axioms: [propext, Classical.choice, Quot.sound]
'SharpWasserstein.VolterraFourier.gap' depends on axioms: [propext, Classical.choice, Quot.sound]
'SharpWasserstein.VolterraFourier.finiteEnergy_nonneg' depends on axioms: [propext, Classical.choice, Quot.sound]
'SharpWasserstein.VolterraFourier.finiteEnergy_le' depends on axioms: [propext, Classical.choice, Quot.sound]
'SharpWasserstein.VolterraFourier.gap_bounds' depends on axioms: [propext, Classical.choice, Quot.sound]
'SharpWasserstein.VolterraFourier.finiteEnergy_tendsto' depends on axioms: [propext, Classical.choice, Quot.sound]
'SharpWasserstein.VolterraFourier.totalEnergy_aestronglyMeasurable' depends on axioms: [propext,
 Classical.choice,
 Quot.sound]
'SharpWasserstein.VolterraFourier.totalEnergy_integrable' depends on axioms: [propext, Classical.choice, Quot.sound]
'SharpWasserstein.VolterraFourier.finiteEnergy_integrable' depends on axioms: [propext, Classical.choice, Quot.sound]
'SharpWasserstein.VolterraFourier.gap_integrable' depends on axioms: [propext, Classical.choice, Quot.sound]
'SharpWasserstein.VolterraFourier.integral_norm_gap_tendsto' depends on axioms: [propext, Classical.choice, Quot.sound]
'SharpWasserstein.VolterraFourier.integral_norm_mul_gap_tendsto' depends on axioms: [propext,
 Classical.choice,
 Quot.sound]
'SharpWasserstein.VolterraFourier.totalEnergy_intervalIntegrable' depends on axioms: [propext,
 Classical.choice,
 Quot.sound]
'SharpWasserstein.VolterraFourier.intervalIntegral_norm_mul_gap_tendsto' depends on axioms: [propext,
 Classical.choice,
 Quot.sound]
'SharpWasserstein.VolterraFourier.volterra_bound_of_finite_derivative' depends on axioms: [propext,
 Classical.choice,
 Quot.sound]
'SharpWasserstein.VolterraFourier.intervalIntegrable_prefix' depends on axioms: [propext, Classical.choice, Quot.sound]
'SharpWasserstein.VolterraFourier.hierarchy_of_finite_derivatives' depends on axioms: [propext,
 Classical.choice,
 Quot.sound]
'SharpWasserstein.VolterraFourier.quadratic_bound_of_finite_derivatives' depends on axioms: [propext,
 Classical.choice,
 Quot.sound]
'SharpWasserstein.VolterraFourier.quadratic_bound_of_finite_derivatives_bounded_coefficients' depends on axioms: [propext,
 Classical.choice,
 Quot.sound]
'SharpWasserstein.VolterraFourier.sourceRepresentative' depends on axioms: [propext, Classical.choice, Quot.sound]
'SharpWasserstein.VolterraFourier.sourceFiniteEnergy' depends on axioms: [propext, Classical.choice, Quot.sound]
'SharpWasserstein.VolterraFourier.sourceRepresentative_mem' depends on axioms: [propext, Classical.choice, Quot.sound]
'SharpWasserstein.VolterraFourier.totalEnergy_sourceRepresentative' depends on axioms: [propext,
 Classical.choice,
 Quot.sound]
'SharpWasserstein.VolterraFourier.sourceEnergy_aestronglyMeasurable' depends on axioms: [propext,
 Classical.choice,
 Quot.sound]
'SharpWasserstein.VolterraFourier.sourceEnergy_integrable_of_full_bound' depends on axioms: [propext,
 Classical.choice,
 Quot.sound]
'SharpWasserstein.VolterraFourier.source_gap_tendsto_of_full_bound' depends on axioms: [propext,
 Classical.choice,
 Quot.sound]
'SharpWasserstein.VolterraFourier.source_quadratic_bound_of_finite_derivatives' depends on axioms: [propext,
 Classical.choice,
 Quot.sound]
