'SharpWasserstein.RegularizedBrownianSource.energy_measure_congr' depends on axioms: [propext,
 Classical.choice,
 Quot.sound]
'SharpWasserstein.RegularizedBrownianSource.levelEnergy_eq_configurationMarginal' depends on axioms: [propext,
 Classical.choice,
 Quot.sound]
'SharpWasserstein.RegularizedBrownianSource.initialCurrent_distribution_pairing' depends on axioms: [propext,
 Classical.choice,
 Quot.sound]
'SharpWasserstein.RegularizedBrownianSource.law_probability' depends on axioms: [propext, Classical.choice, Quot.sound]
'SharpWasserstein.RegularizedBrownianSource.law_secondMoment' depends on axioms: [propext, Classical.choice, Quot.sound]
'SharpWasserstein.RegularizedBrownianSource.law_exchangeable' depends on axioms: [propext, Classical.choice, Quot.sound]
'SharpWasserstein.RegularizedBrownianSource.current_memLp' depends on axioms: [propext, Classical.choice, Quot.sound]
'SharpWasserstein.RegularizedBrownianSource.current_covariant' depends on axioms: [propext,
 Classical.choice,
 Quot.sound]
'SharpWasserstein.RegularizedBrownianSource.exists_initial_profile' depends on axioms: [propext,
 Classical.choice,
 Quot.sound]
'SharpWasserstein.RegularizedBrownianSource.propagationConstant' depends on axioms: [propext,
 Classical.choice,
 Quot.sound]
'SharpWasserstein.RegularizedBrownianSource.sourceHorizonConstant_nonneg' depends on axioms: [propext,
 Classical.choice,
 Quot.sound]
'SharpWasserstein.RegularizedBrownianSource.propagationConstant_nonneg' depends on axioms: [propext,
 Classical.choice,
 Quot.sound]
'SharpWasserstein.RegularizedBrownianSource.prefixEnergy_le' depends on axioms: [propext, Classical.choice, Quot.sound]
'SharpWasserstein.RegularizedBrownianSource.imageEnergy_measure_congr' depends on axioms: [propext,
 Classical.choice,
 Quot.sound]
'SharpWasserstein.RegularizedBrownianSource.prescribed_marginal_energy_eq_prefix' depends on axioms: [propext,
 Classical.choice,
 Quot.sound]
'SharpWasserstein.RegularizedBrownianSource.prescribed_marginal_energy_le' depends on axioms: [propext,
 Classical.choice,
 Quot.sound]
