'SharpWasserstein.RoughEulerianSmoothing.spaceTimeFlux_test_pairing' depends on axioms: [propext,
 Classical.choice,
 Quot.sound]
'SharpWasserstein.RoughEulerianSmoothing.regularizedLaw_test_pairing' depends on axioms: [propext,
 Classical.choice,
 Quot.sound]
'SharpWasserstein.RoughEulerianSmoothing.time_weighted_joint_pairing_integrable' depends on axioms: [propext,
 Classical.choice,
 Quot.sound]
'SharpWasserstein.RoughEulerianSmoothing.spaceTimeRegularizedLaw_test_pairing' depends on axioms: [propext,
 Classical.choice,
 Quot.sound]
'SharpWasserstein.RoughEulerianSmoothing.spaceTimeRegularizedLaw_flux_pairing' depends on axioms: [propext,
 Classical.choice,
 Quot.sound]
'SharpWasserstein.RoughEulerianSmoothing.spaceTimeVelocity' depends on axioms: [propext, Classical.choice, Quot.sound]
'SharpWasserstein.RoughEulerianSmoothing.joint_gradient_pairing_integrable' depends on axioms: [propext,
 Classical.choice,
 Quot.sound]
'SharpWasserstein.RoughEulerianSmoothing.spaceTimeRegularizedLaw_flux_continuous' depends on axioms: [propext,
 Classical.choice,
 Quot.sound]
'SharpWasserstein.RoughEulerianSmoothing.spaceTimeRegularizedLaw_hasDerivAt' depends on axioms: [propext,
 Classical.choice,
 Quot.sound]
'SharpWasserstein.RoughEulerianSmoothing.spaceTimeProbabilityCurve_equation' depends on axioms: [propext,
 Classical.choice,
 Quot.sound]
