'SharpWasserstein.InitialSourceMarginal.representative_bounded_pairing' depends on axioms: [propext,
 Classical.choice,
 Quot.sound]
'SharpWasserstein.InitialSourceMarginal.imageSource' depends on axioms: [propext, Classical.choice, Quot.sound]
'SharpWasserstein.InitialSourceMarginal.imageSource_finite' depends on axioms: [propext, Classical.choice, Quot.sound]
'SharpWasserstein.InitialSourceMarginal.imageSource_apply' depends on axioms: [propext, Classical.choice, Quot.sound]
'SharpWasserstein.InitialSourceMarginal.cylinder_bounds' depends on axioms: [propext, Classical.choice, Quot.sound]
'SharpWasserstein.InitialSourceMarginal.imageSource_eq_flux_pairing' depends on axioms: [propext,
 Classical.choice,
 Quot.sound]
'SharpWasserstein.InitialSourceMarginal.imageSource_prefix_eq' depends on axioms: [propext,
 Classical.choice,
 Quot.sound]
'SharpWasserstein.InitialSourceMarginal.imageSource_comp' depends on axioms: [propext, Classical.choice, Quot.sound]
'SharpWasserstein.InitialSourceMarginal.map_marginalProjection' depends on axioms: [propext,
 Classical.choice,
 Quot.sound]
'SharpWasserstein.InitialSourceMarginal.configurationMarginalSource' depends on axioms: [propext,
 Classical.choice,
 Quot.sound]
'SharpWasserstein.InitialSourceMarginal.euclideanDistribution_configurationMarginalSource' depends on axioms: [propext,
 Classical.choice,
 Quot.sound]
'SharpWasserstein.InitialSourceMarginal.configurationMarginalSource_finite' depends on axioms: [propext,
 Classical.choice,
 Quot.sound]
'SharpWasserstein.InitialSourceMarginal.initialCurrent_memLp' depends on axioms: [propext, Classical.choice, Quot.sound]
'SharpWasserstein.InitialSourceMarginal.source_eq_configurationFlux' depends on axioms: [propext,
 Classical.choice,
 Quot.sound]
'SharpWasserstein.InitialSourceMarginal.configurationMarginalSource_apply_current' depends on axioms: [propext,
 Classical.choice,
 Quot.sound]
'SharpWasserstein.InitialSourceMarginal.configurationMarginalSource_self' depends on axioms: [propext,
 Classical.choice,
 Quot.sound]
'SharpWasserstein.InitialSourceMarginal.integrable_bounded_mul' depends on axioms: [propext,
 Classical.choice,
 Quot.sound]
'SharpWasserstein.InitialSourceMarginal.reference_coordinate_measurable' depends on axioms: [propext,
 Classical.choice,
 Quot.sound]
'SharpWasserstein.InitialSourceMarginal.reference_coordinate_bound' depends on axioms: [propext,
 Classical.choice,
 Quot.sound]
'SharpWasserstein.InitialSourceMarginal.particle_coordinate_measurable' depends on axioms: [propext,
 Classical.choice,
 Quot.sound]
'SharpWasserstein.InitialSourceMarginal.particle_coordinate_bounded' depends on axioms: [propext,
 Classical.choice,
 Quot.sound]
'SharpWasserstein.InitialSourceMarginal.conditional_coordinate_measurable' depends on axioms: [propext,
 Classical.choice,
 Quot.sound]
'SharpWasserstein.InitialSourceMarginal.conditional_coordinate_bounded' depends on axioms: [propext,
 Classical.choice,
 Quot.sound]
'SharpWasserstein.InitialSourceMarginal.integral_current_eq_conditional' depends on axioms: [propext,
 Classical.choice,
 Quot.sound]
'SharpWasserstein.InitialSourceMarginal.bounded_sub' depends on axioms: [propext, Classical.choice, Quot.sound]
'SharpWasserstein.InitialSourceMarginal.configurationMarginalSource_generator' depends on axioms: [propext,
 Classical.choice,
 Quot.sound]
'SharpWasserstein.InitialSourceMarginal.configurationMarginalSource_eq' depends on axioms: [propext,
 Classical.choice,
 Quot.sound]
'SharpWasserstein.InitialSourceMarginal.dimensionReindex' depends on axioms: [propext, Classical.choice, Quot.sound]
'SharpWasserstein.InitialSourceMarginal.prefix_comp_dimensionReindex' depends on axioms: [propext,
 Classical.choice,
 Quot.sound]
'SharpWasserstein.InitialSourceMarginal.marginalDistribution_reindexed_eq' depends on axioms: [propext,
 Classical.choice,
 Quot.sound]
'SharpWasserstein.InitialSourceMarginal.marginalLaw_reindexed_eq' depends on axioms: [propext,
 Classical.choice,
 Quot.sound]
'SharpWasserstein.InitialSourceMarginal.marginal_energy_reindexed_eq' depends on axioms: [propext,
 Classical.choice,
 Quot.sound]
'SharpWasserstein.InitialSourceMarginal.exists_regularized_consistent_source' depends on axioms: [propext,
 Classical.choice,
 Quot.sound]
'SharpWasserstein.InitialSourceMarginal.exists_regularized_weighted_marginal_profile' depends on axioms: [propext,
 Classical.choice,
 Quot.sound]
