'SharpWasserstein.RoughUniformAction.compressedJoint' depends on axioms: [propext, Classical.choice, Quot.sound]
'SharpWasserstein.RoughUniformAction.compressedField' depends on axioms: [propext, Classical.choice, Quot.sound]
'SharpWasserstein.RoughUniformAction.compressedJoint_eq' depends on axioms: [propext, Classical.choice, Quot.sound]
'SharpWasserstein.RoughUniformAction.compressedField_integrable' depends on axioms: [propext,
 Classical.choice,
 Quot.sound]
'SharpWasserstein.RoughUniformAction.compressedField_sq_integrable' depends on axioms: [propext,
 Classical.choice,
 Quot.sound]
'SharpWasserstein.RoughUniformAction.compressedJoint_support' depends on axioms: [propext, Classical.choice, Quot.sound]
'SharpWasserstein.RoughUniformAction.integral_constant_horizon' depends on axioms: [propext,
 Classical.choice,
 Quot.sound]
'SharpWasserstein.RoughUniformAction.compressedField_action_le' depends on axioms: [propext,
 Classical.choice,
 Quot.sound]
'SharpWasserstein.RoughUniformAction.compressedField_restricted_action_le' depends on axioms: [propext,
 Classical.choice,
 Quot.sound]
'SharpWasserstein.RoughUniformAction.compressedField_equation' depends on axioms: [propext,
 Classical.choice,
 Quot.sound]
'SharpWasserstein.RoughEulerianSmoothing.spaceTimeRegularizedLaw_wassersteinSq_le' depends on axioms: [propext,
 Classical.choice,
 Quot.sound]
'SharpWasserstein.RoughUniformAction.compressed_regularized_wassersteinSq_le' depends on axioms: [propext,
 Classical.choice,
 Quot.sound]
