'SharpWasserstein.BrownianPeriodicHierarchy.driftLipschitz' depends on axioms: [propext, Classical.choice, Quot.sound]
'SharpWasserstein.BrownianPeriodicHierarchy.baseline' depends on axioms: [propext, Classical.choice, Quot.sound]
'SharpWasserstein.BrownianPeriodicHierarchy.comparisonConstant' depends on axioms: [propext,
 Classical.choice,
 Quot.sound]
'SharpWasserstein.BrownianPeriodicHierarchy.externalFraction' depends on axioms: [propext, Classical.choice, Quot.sound]
'SharpWasserstein.BrownianPeriodicHierarchy.rate' depends on axioms: [propext, Classical.choice, Quot.sound]
'SharpWasserstein.BrownianPeriodicHierarchy.driftLipschitz_nonneg' depends on axioms: [propext,
 Classical.choice,
 Quot.sound]
'SharpWasserstein.BrownianPeriodicHierarchy.baseline_nonneg' depends on axioms: [propext, Classical.choice, Quot.sound]
'SharpWasserstein.BrownianPeriodicHierarchy.comparisonConstant_nonneg' depends on axioms: [propext,
 Classical.choice,
 Quot.sound]
'SharpWasserstein.BrownianPeriodicHierarchy.baseline_le_comparison' depends on axioms: [propext,
 Classical.choice,
 Quot.sound]
'SharpWasserstein.BrownianPeriodicHierarchy.terminal_le_comparison' depends on axioms: [propext,
 Classical.choice,
 Quot.sound]
'SharpWasserstein.BrownianPeriodicHierarchy.externalFraction_bounds' depends on axioms: [propext,
 Classical.choice,
 Quot.sound]
'SharpWasserstein.BrownianPeriodicHierarchy.rate_bounds' depends on axioms: [propext, Classical.choice, Quot.sound]
'SharpWasserstein.BrownianPeriodicHierarchy.rate_top' depends on axioms: [propext, Classical.choice, Quot.sound]
'SharpWasserstein.BrownianPeriodicHierarchy.levelProjection' depends on axioms: [propext, Classical.choice, Quot.sound]
'SharpWasserstein.BrownianPeriodicHierarchy.levelProjection_eq' depends on axioms: [propext,
 Classical.choice,
 Quot.sound]
'SharpWasserstein.BrownianPeriodicHierarchy.levelProjection_norm_le_one' depends on axioms: [propext,
 Classical.choice,
 Quot.sound]
'SharpWasserstein.BrownianPeriodicHierarchy.levelLaw' depends on axioms: [propext, Classical.choice, Quot.sound]
'SharpWasserstein.BrownianPeriodicHierarchy.levelSource' depends on axioms: [propext, Classical.choice, Quot.sound]
'SharpWasserstein.BrownianPeriodicHierarchy.levelLaw_eq' depends on axioms: [propext, Classical.choice, Quot.sound]
'SharpWasserstein.BrownianPeriodicHierarchy.levelSource_eq' depends on axioms: [propext, Classical.choice, Quot.sound]
'SharpWasserstein.BrownianPeriodicHierarchy.levelSource_finite' depends on axioms: [propext,
 Classical.choice,
 Quot.sound]
'SharpWasserstein.BrownianPeriodicHierarchy.imageSource_energy_le' depends on axioms: [propext,
 Classical.choice,
 Quot.sound]
'SharpWasserstein.BrownianPeriodicHierarchy.levelSource_energy_le' depends on axioms: [propext,
 Classical.choice,
 Quot.sound]
'SharpWasserstein.BrownianPeriodicHierarchy.brownian_level_energy_bound' depends on axioms: [propext,
 Classical.choice,
 Quot.sound]
'SharpWasserstein.BrownianPeriodicHierarchy.brownian_level_energy_bound_flux' depends on axioms: [propext,
 Classical.choice,
 Quot.sound]
'SharpWasserstein.BrownianPeriodicHierarchy.coordinateCast' depends on axioms: [propext, Classical.choice, Quot.sound]
'SharpWasserstein.BrownianPeriodicHierarchy.coordinateCast_rfl' depends on axioms: [propext,
 Classical.choice,
 Quot.sound]
'SharpWasserstein.BrownianPeriodicHierarchy.imageSource_id' depends on axioms: [propext, Classical.choice, Quot.sound]
'SharpWasserstein.BrownianPeriodicHierarchy.periodicEnergy_measure_congr' depends on axioms: [propext,
 Classical.choice,
 Quot.sound]
'SharpWasserstein.BrownianPeriodicHierarchy.periodicEnergy_coordinateCast' depends on axioms: [propext,
 Classical.choice,
 Quot.sound]
'SharpWasserstein.BrownianPeriodicHierarchy.nextCoordinates' depends on axioms: [propext, Classical.choice, Quot.sound]
'SharpWasserstein.BrownianPeriodicHierarchy.observation_eq_nextProjection' depends on axioms: [propext,
 Classical.choice,
 Quot.sound]
'SharpWasserstein.BrownianPeriodicHierarchy.observed_nextLaw' depends on axioms: [propext, Classical.choice, Quot.sound]
'SharpWasserstein.BrownianPeriodicHierarchy.observed_nextSource' depends on axioms: [propext,
 Classical.choice,
 Quot.sound]
'SharpWasserstein.BrownianPeriodicHierarchy.observed_nextEnergy' depends on axioms: [propext,
 Classical.choice,
 Quot.sound]
'SharpWasserstein.BrownianPeriodicHierarchy.trialEnergy_measure_congr' depends on axioms: [propext,
 Classical.choice,
 Quot.sound]
'SharpWasserstein.BrownianPeriodicHierarchy.sourceFiniteEnergy_level_eq' depends on axioms: [propext,
 Classical.choice,
 Quot.sound]
'SharpWasserstein.BrownianPeriodicHierarchy.brownianFiniteEnergy' depends on axioms: [propext,
 Classical.choice,
 Quot.sound]
'SharpWasserstein.BrownianPeriodicHierarchy.brownianFiniteEnergy_hasDerivWithinAt' depends on axioms: [propext,
 Classical.choice,
 Quot.sound]
'SharpWasserstein.BrownianPeriodicHierarchy.brownianFiniteEnergy_continuousOn' depends on axioms: [propext,
 Classical.choice,
 Quot.sound]
'SharpWasserstein.BrownianPeriodicHierarchy.brownianFiniteEnergy_hasDerivAt' depends on axioms: [propext,
 Classical.choice,
 Quot.sound]
'SharpWasserstein.BrownianPeriodicHierarchy.brownianPeriodicEnergy' depends on axioms: [propext,
 Classical.choice,
 Quot.sound]
'SharpWasserstein.BrownianPeriodicHierarchy.brownianPeriodicEnergy_intervalIntegrable' depends on axioms: [propext,
 Classical.choice,
 Quot.sound]
'SharpWasserstein.BrownianPeriodicHierarchy.brownianPeriodicEnergy_gap_tendsto' depends on axioms: [propext,
 Classical.choice,
 Quot.sound]
'SharpWasserstein.BrownianPeriodicHierarchy.periodicEnergy_level_eq' depends on axioms: [propext,
 Classical.choice,
 Quot.sound]
'SharpWasserstein.BrownianPeriodicHierarchy.gapCoefficient' depends on axioms: [propext, Classical.choice, Quot.sound]
'SharpWasserstein.BrownianPeriodicHierarchy.brownianFiniteEnergy_deriv_le' depends on axioms: [propext,
 Classical.choice,
 Quot.sound]
'SharpWasserstein.BrownianPeriodicHierarchy.brownianFiniteEnergy_terminal_deriv_le' depends on axioms: [propext,
 Classical.choice,
 Quot.sound]
'SharpWasserstein.BrownianPeriodicHierarchy.brownian_periodic_quadratic_bound' depends on axioms: [propext,
 Classical.choice,
 Quot.sound]
'SharpWasserstein.BrownianPeriodicHierarchy.levelEnergy_measure_congr' depends on axioms: [propext,
 Classical.choice,
 Quot.sound]
'SharpWasserstein.BrownianPeriodicHierarchy.brownian_periodic_quadratic_bound_initial_flux' depends on axioms: [propext,
 Classical.choice,
 Quot.sound]
