'SharpWasserstein.RoughEulerianSmoothing.mollifierLaw' depends on axioms: [propext, Classical.choice, Quot.sound]
'SharpWasserstein.RoughEulerianSmoothing.mollifierLaw_probability' depends on axioms: [propext,
 Classical.choice,
 Quot.sound]
'SharpWasserstein.RoughEulerianSmoothing.convolvedLaw' depends on axioms: [propext, Classical.choice, Quot.sound]
'SharpWasserstein.RoughEulerianSmoothing.convolvedLaw_probability' depends on axioms: [propext,
 Classical.choice,
 Quot.sound]
'SharpWasserstein.RoughEulerianSmoothing.mollifierLaw_quadratic_integrable' depends on axioms: [propext,
 Classical.choice,
 Quot.sound]
'SharpWasserstein.RoughEulerianSmoothing.mollifierLaw_quadratic_le' depends on axioms: [propext,
 Classical.choice,
 Quot.sound]
'SharpWasserstein.RoughEulerianSmoothing.convolvedLaw_eq_map_add' depends on axioms: [propext,
 Classical.choice,
 Quot.sound]
'SharpWasserstein.RoughEulerianSmoothing.convolutionCoupling' depends on axioms: [propext, Classical.choice, Quot.sound]
'SharpWasserstein.RoughEulerianSmoothing.convolutionCoupling_isCoupling' depends on axioms: [propext,
 Classical.choice,
 Quot.sound]
'SharpWasserstein.RoughEulerianSmoothing.convolutionCoupling_cost_integrable' depends on axioms: [propext,
 Classical.choice,
 Quot.sound]
'SharpWasserstein.RoughEulerianSmoothing.convolutionCoupling_cost_le' depends on axioms: [propext,
 Classical.choice,
 Quot.sound]
'SharpWasserstein.RoughEulerianSmoothing.gaussianFloorLaw' depends on axioms: [propext, Classical.choice, Quot.sound]
'SharpWasserstein.RoughEulerianSmoothing.gaussianFloorLaw_probability' depends on axioms: [propext,
 Classical.choice,
 Quot.sound]
'SharpWasserstein.RoughEulerianSmoothing.gaussianFloorLaw_quadratic_integrable' depends on axioms: [propext,
 Classical.choice,
 Quot.sound]
'SharpWasserstein.RoughEulerianSmoothing.regularizedLaw_eq_mixture' depends on axioms: [propext,
 Classical.choice,
 Quot.sound]
'SharpWasserstein.RoughEulerianSmoothing.euclidean_displacement_sq_le' depends on axioms: [propext,
 Classical.choice,
 Quot.sound]
'SharpWasserstein.RoughEulerianSmoothing.product_displacement_integrable' depends on axioms: [propext,
 Classical.choice,
 Quot.sound]
'SharpWasserstein.RoughEulerianSmoothing.product_displacement_integral_le' depends on axioms: [propext,
 Classical.choice,
 Quot.sound]
'SharpWasserstein.RoughEulerianSmoothing.regularizationCoupling' depends on axioms: [propext,
 Classical.choice,
 Quot.sound]
'SharpWasserstein.RoughEulerianSmoothing.regularizationCoupling_isCoupling' depends on axioms: [propext,
 Classical.choice,
 Quot.sound]
'SharpWasserstein.RoughEulerianSmoothing.regularizationCoupling_cost_integrable' depends on axioms: [propext,
 Classical.choice,
 Quot.sound]
'SharpWasserstein.RoughEulerianSmoothing.regularizationCoupling_cost_le' depends on axioms: [propext,
 Classical.choice,
 Quot.sound]
'SharpWasserstein.RoughEulerianSmoothing.coupling_map' depends on axioms: [propext, Classical.choice, Quot.sound]
'SharpWasserstein.RoughEulerianSmoothing.wassersteinSq_euclidean_coupling_le' depends on axioms: [propext,
 Classical.choice,
 Quot.sound]
'SharpWasserstein.RoughEulerianSmoothing.regularizedLaw_wassersteinSq_le' depends on axioms: [propext,
 Classical.choice,
 Quot.sound]
'SharpWasserstein.RoughEulerianSmoothing.regularizedLaw_wassersteinSq_tendsto' depends on axioms: [propext,
 Classical.choice,
 Quot.sound]
