'SharpWasserstein.PeriodicParticleTangentLimit.drift' depends on axioms: [propext, Classical.choice, Quot.sound]
'SharpWasserstein.PeriodicParticleTangentLimit.valueBound' depends on axioms: [propext, Classical.choice, Quot.sound]
'SharpWasserstein.PeriodicParticleTangentLimit.lipBound' depends on axioms: [propext, Classical.choice, Quot.sound]
'SharpWasserstein.PeriodicParticleTangentLimit.drift_norm_le' depends on axioms: [propext, Classical.choice, Quot.sound]
'SharpWasserstein.PeriodicParticleTangentLimit.drift_lipschitz' depends on axioms: [propext,
 Classical.choice,
 Quot.sound]
'SharpWasserstein.PeriodicParticleTangentLimit.drift_smooth' depends on axioms: [propext, Classical.choice, Quot.sound]
'SharpWasserstein.PeriodicParticleTangentLimit.drift_allDerivativesBounded' depends on axioms: [propext,
 Classical.choice,
 Quot.sound]
'SharpWasserstein.PeriodicParticleTangentLimit.drift_locallyUniform' depends on axioms: [propext,
 Classical.choice,
 Quot.sound]
'SharpWasserstein.PeriodicParticleTangentLimit.drift_fderiv_moving_tendsto' depends on axioms: [propext,
 Classical.choice,
 Quot.sound]
'SharpWasserstein.PeriodicParticleTangentLimit.flow' depends on axioms: [propext, Classical.choice, Quot.sound]
'SharpWasserstein.PeriodicParticleTangentLimit.flow_tendsto' depends on axioms: [propext, Classical.choice, Quot.sound]
'SharpWasserstein.PeriodicParticleTangentLimit.flow_fderiv_tendsto' depends on axioms: [propext,
 Classical.choice,
 Quot.sound]
'SharpWasserstein.PeriodicParticleTangentLimit.flow_fderiv_norm_le' depends on axioms: [propext,
 Classical.choice,
 Quot.sound]
'SharpWasserstein.PeriodicParticleTangentLimit.endpoint' depends on axioms: [propext, Classical.choice, Quot.sound]
'SharpWasserstein.PeriodicParticleTangentLimit.flux' depends on axioms: [propext, Classical.choice, Quot.sound]
'SharpWasserstein.PeriodicParticleTangentLimit.endpoint_continuous' depends on axioms: [propext,
 Classical.choice,
 Quot.sound]
'SharpWasserstein.PeriodicParticleTangentLimit.flux_memLp' depends on axioms: [propext, Classical.choice, Quot.sound]
'SharpWasserstein.PeriodicParticleTangentLimit.law' depends on axioms: [propext, Classical.choice, Quot.sound]
'SharpWasserstein.PeriodicParticleTangentLimit.law_probability' depends on axioms: [propext,
 Classical.choice,
 Quot.sound]
'SharpWasserstein.PeriodicParticleTangentLimit.probabilityLaw' depends on axioms: [propext,
 Classical.choice,
 Quot.sound]
'SharpWasserstein.PeriodicParticleTangentLimit.source' depends on axioms: [propext, Classical.choice, Quot.sound]
'SharpWasserstein.PeriodicParticleTangentLimit.source_apply' depends on axioms: [propext, Classical.choice, Quot.sound]
'SharpWasserstein.PeriodicParticleTangentLimit.source_finiteEnergy' depends on axioms: [propext,
 Classical.choice,
 Quot.sound]
'SharpWasserstein.PeriodicParticleTangentLimit.pairing_integrable' depends on axioms: [propext,
 Classical.choice,
 Quot.sound]
'SharpWasserstein.PeriodicParticleTangentLimit.flux_tendsto' depends on axioms: [propext, Classical.choice, Quot.sound]
'SharpWasserstein.PeriodicParticleTangentLimit.pairing_norm_le' depends on axioms: [propext,
 Classical.choice,
 Quot.sound]
'SharpWasserstein.PeriodicParticleTangentLimit.pairing_tendsto' depends on axioms: [propext,
 Classical.choice,
 Quot.sound]
'SharpWasserstein.PeriodicParticleTangentLimit.source_tendsto' depends on axioms: [propext,
 Classical.choice,
 Quot.sound]
'SharpWasserstein.PeriodicParticleTangentLimit.probabilityLaw_tendsto' depends on axioms: [propext,
 Classical.choice,
 Quot.sound]
'SharpWasserstein.PeriodicParticleTangentLimit.energy_bound_of_periodic_bounds' depends on axioms: [propext,
 Classical.choice,
 Quot.sound]
'SharpWasserstein.PeriodicParticleTangentLimit.flow_eq_particleSolution' depends on axioms: [propext,
 Classical.choice,
 Quot.sound]
'SharpWasserstein.PeriodicParticleTangentLimit.law_eq_map_particleLaw' depends on axioms: [propext,
 Classical.choice,
 Quot.sound]
'SharpWasserstein.PeriodicParticleTangentLimit.law_eq_map_brownianLaw' depends on axioms: [propext,
 Classical.choice,
 Quot.sound]
'SharpWasserstein.PeriodicParticleTangentLimit.fullLaw_map_symm_eq_particleLaw' depends on axioms: [propext,
 Classical.choice,
 Quot.sound]
'SharpWasserstein.PeriodicParticleTangentLimit.carryingLaw_wassersteinSq_tendsto' depends on axioms: [propext,
 Classical.choice,
 Quot.sound]
'SharpWasserstein.PeriodicParticleTangentLimit.configurationRestriction' depends on axioms: [propext,
 Classical.choice,
 Quot.sound]
'SharpWasserstein.PeriodicParticleTangentLimit.marginalProjection' depends on axioms: [propext,
 Classical.choice,
 Quot.sound]
'SharpWasserstein.PeriodicParticleTangentLimit.marginalProjection_coordinates' depends on axioms: [propext,
 Classical.choice,
 Quot.sound]
'SharpWasserstein.PeriodicParticleTangentLimit.marginalProjection_norm_le_one' depends on axioms: [propext,
 Classical.choice,
 Quot.sound]
'SharpWasserstein.PeriodicParticleTangentLimit.marginalLaw_eq_map_particleMarginal' depends on axioms: [propext,
 Classical.choice,
 Quot.sound]
'SharpWasserstein.PeriodicParticleTangentLimit.marginalLaw_map_symm_eq_particleMarginal' depends on axioms: [propext,
 Classical.choice,
 Quot.sound]
'SharpWasserstein.PeriodicParticleTangentLimit.marginalCarryingLaw_wassersteinSq_tendsto' depends on axioms: [propext,
 Classical.choice,
 Quot.sound]
'SharpWasserstein.PeriodicParticleTangentLimit.marginalSource_tendsto' depends on axioms: [propext,
 Classical.choice,
 Quot.sound]
'SharpWasserstein.PeriodicParticleTangentLimit.marginalEnergy_bound_of_periodic_bounds' depends on axioms: [propext,
 Classical.choice,
 Quot.sound]
'SharpWasserstein.PeriodicParticleTangentLimit.brownianMarginalSource_tendsto' depends on axioms: [propext,
 Classical.choice,
 Quot.sound]
'SharpWasserstein.PeriodicParticleTangentLimit.fullSource_eq_brownianSourceAt' depends on axioms: [propext,
 Classical.choice,
 Quot.sound]
'SharpWasserstein.PeriodicParticleTangentLimit.brownianSourceAt_tendsto' depends on axioms: [propext,
 Classical.choice,
 Quot.sound]
