'SharpWasserstein.RoughEulerianTime.timeWeight' depends on axioms: [propext, Classical.choice, Quot.sound]
'SharpWasserstein.RoughEulerianTime.timeWeight_measurable' depends on axioms: [propext, Classical.choice, Quot.sound]
'SharpWasserstein.RoughEulerianTime.weightedTimeKernel' depends on axioms: [propext, Classical.choice, Quot.sound]
'SharpWasserstein.RoughEulerianTime.weightedTimeKernel_apply' depends on axioms: [propext, Classical.choice, Quot.sound]
'SharpWasserstein.RoughEulerianTime.averagedKernel' depends on axioms: [propext, Classical.choice, Quot.sound]
'SharpWasserstein.RoughEulerianTime.averagedKernel_apply' depends on axioms: [propext, Classical.choice, Quot.sound]
'SharpWasserstein.RoughEulerianTime.integral_weightedTimeKernel' depends on axioms: [propext,
 Classical.choice,
 Quot.sound]
'SharpWasserstein.RoughEulerianTime.integral_averagedKernel' depends on axioms: [propext, Classical.choice, Quot.sound]
'SharpWasserstein.RoughEulerianTime.averagedKernel_probability' depends on axioms: [propext,
 Classical.choice,
 Quot.sound]
'SharpWasserstein.RoughEulerianTime.averagedKernel_support' depends on axioms: [propext, Classical.choice, Quot.sound]
'SharpWasserstein.RoughEulerianTime.kernel_smul_joint_integrable' depends on axioms: [propext,
 Classical.choice,
 Quot.sound]
'SharpWasserstein.RoughEulerianTime.integral_kernel_mul' depends on axioms: [propext, Classical.choice, Quot.sound]
'SharpWasserstein.RoughEulerianTime.kernel_mul_integrable' depends on axioms: [propext, Classical.choice, Quot.sound]
'SharpWasserstein.RoughEulerianTime.kernel_floor_action_le' depends on axioms: [propext, Classical.choice, Quot.sound]
'SharpWasserstein.RoughEulerianTime.kernel_floor_action_integrable_and_le' depends on axioms: [propext,
 Classical.choice,
 Quot.sound]
'SharpWasserstein.RoughEulerianSmoothing.spaceTimeKernel_integrable' depends on axioms: [propext,
 Classical.choice,
 Quot.sound]
'SharpWasserstein.RoughEulerianSmoothing.spaceTimeKernel_integral' depends on axioms: [propext,
 Classical.choice,
 Quot.sound]
'SharpWasserstein.RoughEulerianSmoothing.integral_spaceTimeKernel_mul' depends on axioms: [propext,
 Classical.choice,
 Quot.sound]
'SharpWasserstein.RoughEulerianSmoothing.spaceTimeFloor_action_integrable_and_le' depends on axioms: [propext,
 Classical.choice,
 Quot.sound]
'SharpWasserstein.RoughEulerianSmoothing.spaceTimeFloor_action_time_restrict' depends on axioms: [propext,
 Classical.choice,
 Quot.sound]
'SharpWasserstein.RoughEulerianSmoothing.spaceTimeDensity_eq_averaged' depends on axioms: [propext,
 Classical.choice,
 Quot.sound]
'SharpWasserstein.RoughEulerianSmoothing.spaceTimeFlux_eq_weighted' depends on axioms: [propext,
 Classical.choice,
 Quot.sound]
'SharpWasserstein.RoughEulerianSmoothing.spaceTimeRegularizedLaw' depends on axioms: [propext,
 Classical.choice,
 Quot.sound]
'SharpWasserstein.RoughEulerianSmoothing.spaceTimeRegularizedLaw_eq' depends on axioms: [propext,
 Classical.choice,
 Quot.sound]
'SharpWasserstein.RoughEulerianSmoothing.spaceTimeRegularizedLaw_probability' depends on axioms: [propext,
 Classical.choice,
 Quot.sound]
'SharpWasserstein.RoughEulerianSmoothing.spaceTimeRegularizedLaw_action_eq' depends on axioms: [propext,
 Classical.choice,
 Quot.sound]
'SharpWasserstein.RoughEulerianSmoothing.spaceTimeRegularizedLaw_action_integrable_and_le' depends on axioms: [propext,
 Classical.choice,
 Quot.sound]
