'SharpWasserstein.RoughEulerianSmoothing.weighted_norm_integral_sq_le_add' depends on axioms: [propext,
 Classical.choice,
 Quot.sound]
'SharpWasserstein.RoughEulerianSmoothing.allDerivativesBounded_of_compact' depends on axioms: [propext,
 Classical.choice,
 Quot.sound]
'SharpWasserstein.RoughEulerianSmoothing.floorDensity' depends on axioms: [propext, Classical.choice, Quot.sound]
'SharpWasserstein.RoughEulerianSmoothing.floorVelocity' depends on axioms: [propext, Classical.choice, Quot.sound]
'SharpWasserstein.RoughEulerianSmoothing.floorDensity_pos' depends on axioms: [propext, Classical.choice, Quot.sound]
'SharpWasserstein.RoughEulerianSmoothing.floorVelocity_flux' depends on axioms: [propext, Classical.choice, Quot.sound]
'SharpWasserstein.RoughEulerianSmoothing.floorVelocity_action' depends on axioms: [propext,
 Classical.choice,
 Quot.sound]
'SharpWasserstein.RoughEulerianSmoothing.floorVelocity_smooth' depends on axioms: [propext,
 Classical.choice,
 Quot.sound]
'SharpWasserstein.RoughEulerianSmoothing.floorVelocity_compact' depends on axioms: [propext,
 Classical.choice,
 Quot.sound]
'SharpWasserstein.RoughEulerianSmoothing.floorVelocity_regular' depends on axioms: [propext,
 Classical.choice,
 Quot.sound]
'SharpWasserstein.RoughEulerianSmoothing.mollifierBump' depends on axioms: [propext, Classical.choice, Quot.sound]
'SharpWasserstein.RoughEulerianSmoothing.mollifier' depends on axioms: [propext, Classical.choice, Quot.sound]
'SharpWasserstein.RoughEulerianSmoothing.mollifier_nonneg' depends on axioms: [propext, Classical.choice, Quot.sound]
'SharpWasserstein.RoughEulerianSmoothing.mollifier_smooth' depends on axioms: [propext, Classical.choice, Quot.sound]
'SharpWasserstein.RoughEulerianSmoothing.mollifier_compact' depends on axioms: [propext, Classical.choice, Quot.sound]
'SharpWasserstein.RoughEulerianSmoothing.mollifier_allDerivativesBounded' depends on axioms: [propext,
 Classical.choice,
 Quot.sound]
'SharpWasserstein.RoughEulerianSmoothing.mollifier_integrable' depends on axioms: [propext,
 Classical.choice,
 Quot.sound]
'SharpWasserstein.RoughEulerianSmoothing.mollifier_integral' depends on axioms: [propext, Classical.choice, Quot.sound]
'SharpWasserstein.RoughEulerianSmoothing.mollifier_eq_zero' depends on axioms: [propext, Classical.choice, Quot.sound]
'SharpWasserstein.RoughEulerianSmoothing.density' depends on axioms: [propext, Classical.choice, Quot.sound]
'SharpWasserstein.RoughEulerianSmoothing.flux' depends on axioms: [propext, Classical.choice, Quot.sound]
'SharpWasserstein.RoughEulerianSmoothing.density_nonneg' depends on axioms: [propext, Classical.choice, Quot.sound]
'SharpWasserstein.RoughEulerianSmoothing.mollifier_translate_integrable' depends on axioms: [propext,
 Classical.choice,
 Quot.sound]
'SharpWasserstein.RoughEulerianSmoothing.mollifier_smul_integrable' depends on axioms: [propext,
 Classical.choice,
 Quot.sound]
'SharpWasserstein.RoughEulerianSmoothing.density_smooth' depends on axioms: [propext, Classical.choice, Quot.sound]
'SharpWasserstein.RoughEulerianSmoothing.flux_smooth' depends on axioms: [propext, Classical.choice, Quot.sound]
'SharpWasserstein.RoughEulerianSmoothing.flux_eq_zero_of_norm_gt' depends on axioms: [propext,
 Classical.choice,
 Quot.sound]
'SharpWasserstein.RoughEulerianSmoothing.flux_compact' depends on axioms: [propext, Classical.choice, Quot.sound]
'SharpWasserstein.RoughEulerianSmoothing.convolved_floor_regular' depends on axioms: [propext,
 Classical.choice,
 Quot.sound]
'SharpWasserstein.RoughEulerianSmoothing.mollifier_mul_integrable' depends on axioms: [propext,
 Classical.choice,
 Quot.sound]
'SharpWasserstein.RoughEulerianSmoothing.mollifier_mul_joint_integrable' depends on axioms: [propext,
 Classical.choice,
 Quot.sound]
'SharpWasserstein.RoughEulerianSmoothing.integral_mollifier_mul' depends on axioms: [propext,
 Classical.choice,
 Quot.sound]
'SharpWasserstein.RoughEulerianSmoothing.density_integrable' depends on axioms: [propext, Classical.choice, Quot.sound]
'SharpWasserstein.RoughEulerianSmoothing.density_integral' depends on axioms: [propext, Classical.choice, Quot.sound]
'SharpWasserstein.RoughEulerianSmoothing.convolved_floor_action_le' depends on axioms: [propext,
 Classical.choice,
 Quot.sound]
'SharpWasserstein.RoughEulerianSmoothing.convolved_floor_action_integrable' depends on axioms: [propext,
 Classical.choice,
 Quot.sound]
'SharpWasserstein.RoughEulerianSmoothing.integral_convolved_floor_action_le' depends on axioms: [propext,
 Classical.choice,
 Quot.sound]
'SharpWasserstein.RoughEulerianSmoothing.gaussian_exponential_integrable' depends on axioms: [propext,
 Classical.choice,
 Quot.sound]
'SharpWasserstein.RoughEulerianSmoothing.gaussianNormalizer' depends on axioms: [propext, Classical.choice, Quot.sound]
'SharpWasserstein.RoughEulerianSmoothing.gaussianNormalizer_pos' depends on axioms: [propext,
 Classical.choice,
 Quot.sound]
'SharpWasserstein.RoughEulerianSmoothing.gaussianFloor' depends on axioms: [propext, Classical.choice, Quot.sound]
'SharpWasserstein.RoughEulerianSmoothing.gaussianFloor_pos' depends on axioms: [propext, Classical.choice, Quot.sound]
'SharpWasserstein.RoughEulerianSmoothing.gaussianFloor_smooth' depends on axioms: [propext,
 Classical.choice,
 Quot.sound]
'SharpWasserstein.RoughEulerianSmoothing.gaussianFloor_integrable' depends on axioms: [propext,
 Classical.choice,
 Quot.sound]
'SharpWasserstein.RoughEulerianSmoothing.gaussianFloor_integral' depends on axioms: [propext,
 Classical.choice,
 Quot.sound]
'SharpWasserstein.RoughEulerianSmoothing.normsq_mul_gaussian_exponential_le' depends on axioms: [propext,
 Classical.choice,
 Quot.sound]
'SharpWasserstein.RoughEulerianSmoothing.gaussianFloor_quadratic_integrable' depends on axioms: [propext,
 Classical.choice,
 Quot.sound]
'SharpWasserstein.RoughEulerianSmoothing.regularizedDensity' depends on axioms: [propext, Classical.choice, Quot.sound]
'SharpWasserstein.RoughEulerianSmoothing.regularizedVelocity' depends on axioms: [propext, Classical.choice, Quot.sound]
'SharpWasserstein.RoughEulerianSmoothing.regularizedLaw' depends on axioms: [propext, Classical.choice, Quot.sound]
'SharpWasserstein.RoughEulerianSmoothing.regularizedDensity_pos' depends on axioms: [propext,
 Classical.choice,
 Quot.sound]
'SharpWasserstein.RoughEulerianSmoothing.regularizedDensity_smooth' depends on axioms: [propext,
 Classical.choice,
 Quot.sound]
'SharpWasserstein.RoughEulerianSmoothing.regularizedDensity_integrable' depends on axioms: [propext,
 Classical.choice,
 Quot.sound]
'SharpWasserstein.RoughEulerianSmoothing.regularizedDensity_integral' depends on axioms: [propext,
 Classical.choice,
 Quot.sound]
'SharpWasserstein.RoughEulerianSmoothing.regularizedLaw_probability' depends on axioms: [propext,
 Classical.choice,
 Quot.sound]
'SharpWasserstein.RoughEulerianSmoothing.regularizedVelocity_flux' depends on axioms: [propext,
 Classical.choice,
 Quot.sound]
'SharpWasserstein.RoughEulerianSmoothing.regularizedLaw_velocity_energy_le' depends on axioms: [propext,
 Classical.choice,
 Quot.sound]
'SharpWasserstein.RoughEulerianSmoothing.regularizedVelocity_smooth' depends on axioms: [propext,
 Classical.choice,
 Quot.sound]
'SharpWasserstein.RoughEulerianSmoothing.regularizedLaw_velocity_memLp' depends on axioms: [propext,
 Classical.choice,
 Quot.sound]
'SharpWasserstein.RoughEulerianSmoothing.regularizedVelocity_regular' depends on axioms: [propext,
 Classical.choice,
 Quot.sound]
'SharpWasserstein.RoughEulerianSmoothing.density_compact' depends on axioms: [propext, Classical.choice, Quot.sound]
'SharpWasserstein.RoughEulerianSmoothing.regularizedLaw_quadratic_integrable' depends on axioms: [propext,
 Classical.choice,
 Quot.sound]
