'SharpWasserstein.CompactGenerator.coordinate_test' depends on axioms: [propext, Classical.choice, Quot.sound]
'SharpWasserstein.CompactGenerator.laplacian_test' depends on axioms: [propext, Classical.choice, Quot.sound]
'SharpWasserstein.CompactGenerator.generator_continuous' depends on axioms: [propext, Classical.choice, Quot.sound]
'SharpWasserstein.CompactGenerator.generator_compact' depends on axioms: [propext, Classical.choice, Quot.sound]
'SharpWasserstein.CompactGenerator.integrable' depends on axioms: [propext, Classical.choice, Quot.sound]
'SharpWasserstein.CompactGenerator.expectation_continuous' depends on axioms: [propext, Classical.choice, Quot.sound]
'SharpWasserstein.CompactGenerator.generator_smooth' depends on axioms: [propext, Classical.choice, Quot.sound]
'SharpWasserstein.CompactGenerator.test_lipschitz' depends on axioms: [propext, Classical.choice, Quot.sound]
'SharpWasserstein.CompactGenerator.generator_lipschitz' depends on axioms: [propext, Classical.choice, Quot.sound]
'SharpWasserstein.FrozenGaussian.noiseMap' depends on axioms: [propext, Classical.choice, Quot.sound]
'SharpWasserstein.FrozenGaussian.noiseMap_apply' depends on axioms: [propext, Classical.choice, Quot.sound]
'SharpWasserstein.FrozenGaussian.noiseMap_single' depends on axioms: [propext, Classical.choice, Quot.sound]
'SharpWasserstein.FrozenGaussian.vector_decomposition' depends on axioms: [propext, Classical.choice, Quot.sound]
'SharpWasserstein.FrozenGaussian.label' depends on axioms: [propext, Classical.choice, Quot.sound]
'SharpWasserstein.FrozenGaussian.label_continuous' depends on axioms: [propext, Classical.choice, Quot.sound]
'SharpWasserstein.FrozenGaussian.label_joint_continuous' depends on axioms: [propext, Classical.choice, Quot.sound]
'SharpWasserstein.FrozenGaussian.label_hasDerivAt' depends on axioms: [propext, Classical.choice, Quot.sound]
'SharpWasserstein.FrozenGaussian.label_insert_hasDerivAt' depends on axioms: [propext, Classical.choice, Quot.sound]
'SharpWasserstein.FrozenGaussian.test_hasDerivAt' depends on axioms: [propext, Classical.choice, Quot.sound]
'SharpWasserstein.FrozenGaussian.test_insert_hasDerivAt' depends on axioms: [propext, Classical.choice, Quot.sound]
'SharpWasserstein.FrozenGaussian.coordinate_stein' depends on axioms: [propext, Classical.choice, Quot.sound]
'SharpWasserstein.FrozenGaussian.compact_bound' depends on axioms: [propext, Classical.choice, Quot.sound]
'SharpWasserstein.FrozenGaussian.expectation' depends on axioms: [propext, Classical.choice, Quot.sound]
'SharpWasserstein.FrozenGaussian.velocityPairing' depends on axioms: [propext, Classical.choice, Quot.sound]
'SharpWasserstein.FrozenGaussian.expectation_continuous' depends on axioms: [propext, Classical.choice, Quot.sound]
'SharpWasserstein.FrozenGaussian.expectation_hasDerivAt_raw' depends on axioms: [propext, Classical.choice, Quot.sound]
'SharpWasserstein.FrozenGaussian.integrable_comp_label' depends on axioms: [propext, Classical.choice, Quot.sound]
'SharpWasserstein.FrozenGaussian.integral_velocityPairing' depends on axioms: [propext, Classical.choice, Quot.sound]
'SharpWasserstein.FrozenGaussian.expectation_hasDerivAt' depends on axioms: [propext, Classical.choice, Quot.sound]
'SharpWasserstein.FrozenGaussian.constant_generator_test' depends on axioms: [propext, Classical.choice, Quot.sound]
'SharpWasserstein.FrozenGaussian.timeExpectation' depends on axioms: [propext, Classical.choice, Quot.sound]
'SharpWasserstein.FrozenGaussian.timeExpectation_continuous' depends on axioms: [propext, Classical.choice, Quot.sound]
'SharpWasserstein.FrozenGaussian.timeExpectation_zero' depends on axioms: [propext, Classical.choice, Quot.sound]
'SharpWasserstein.FrozenGaussian.timeExpectation_hasDerivAt' depends on axioms: [propext, Classical.choice, Quot.sound]
'SharpWasserstein.FrozenGaussian.timeExpectation_sub_eq_integral' depends on axioms: [propext,
 Classical.choice,
 Quot.sound]
'SharpWasserstein.FrozenGaussian.flatten_noiseMap' depends on axioms: [propext, Classical.choice, Quot.sound]
'SharpWasserstein.FrozenGaussian.label_flat_hasLaw' depends on axioms: [propext, Classical.choice, Quot.sound]
'SharpWasserstein.FrozenGaussian.label_hasLaw' depends on axioms: [propext, Classical.choice, Quot.sound]
'SharpWasserstein.FrozenGaussian.transitionLaw' depends on axioms: [propext, Classical.choice, Quot.sound]
'SharpWasserstein.FrozenGaussian.label_time_hasLaw' depends on axioms: [propext, Classical.choice, Quot.sound]
'SharpWasserstein.FrozenGaussian.integral_transitionLaw' depends on axioms: [propext, Classical.choice, Quot.sound]
'SharpWasserstein.FrozenGaussian.generator_uniform_lipschitz' depends on axioms: [propext, Classical.choice, Quot.sound]
'SharpWasserstein.FrozenGaussian.noiseMap_memLp' depends on axioms: [propext, Classical.choice, Quot.sound]
'SharpWasserstein.FrozenGaussian.noiseFirstMoment' depends on axioms: [propext, Classical.choice, Quot.sound]
'SharpWasserstein.FrozenGaussian.noiseFirstMoment_nonneg' depends on axioms: [propext, Classical.choice, Quot.sound]
'SharpWasserstein.FrozenGaussian.label_displacement_integrable' depends on axioms: [propext,
 Classical.choice,
 Quot.sound]
'SharpWasserstein.FrozenGaussian.label_displacement_bound' depends on axioms: [propext, Classical.choice, Quot.sound]
'SharpWasserstein.FrozenGaussian.label_displacement_integral_le' depends on axioms: [propext,
 Classical.choice,
 Quot.sound]
'SharpWasserstein.FrozenGaussian.timeExpectation_deviation' depends on axioms: [propext, Classical.choice, Quot.sound]
'SharpWasserstein.FrozenGaussian.step_error_bound' depends on axioms: [propext, Classical.choice, Quot.sound]
'SharpWasserstein.FrozenGaussian.timeExpectation_comp_measurable' depends on axioms: [propext,
 Classical.choice,
 Quot.sound]
'SharpWasserstein.FrozenGaussian.timeExpectation_norm_le' depends on axioms: [propext, Classical.choice, Quot.sound]
'SharpWasserstein.BrownianNoise.linearGrid' depends on axioms: [propext, Classical.choice, Quot.sound]
'SharpWasserstein.BrownianNoise.linearGrid_monotone' depends on axioms: [propext, Classical.choice, Quot.sound]
'SharpWasserstein.BrownianNoise.linearGrid_variance' depends on axioms: [propext, Classical.choice, Quot.sound]
'SharpWasserstein.BrownianNoise.flattenedGridIncrement_linear' depends on axioms: [propext,
 Classical.choice,
 Quot.sound]
'SharpWasserstein.configurationEuler_simulator_grid_eq_nodes' depends on axioms: [propext, Classical.choice, Quot.sound]
'SharpWasserstein.configurationEuler_brownian_grid_hasLaw' depends on axioms: [propext, Classical.choice, Quot.sound]
'SharpWasserstein.gaussianHistory_integral_last' depends on axioms: [propext, Classical.choice, Quot.sound]
'SharpWasserstein.EulerWeak.mean' depends on axioms: [propext, Classical.choice, Quot.sound]
'SharpWasserstein.EulerWeak.mean_measurable' depends on axioms: [propext, Classical.choice, Quot.sound]
'SharpWasserstein.EulerWeak.law' depends on axioms: [propext, Classical.choice, Quot.sound]
'SharpWasserstein.EulerWeak.state' depends on axioms: [propext, Classical.choice, Quot.sound]
'SharpWasserstein.EulerWeak.state_measurable' depends on axioms: [propext, Classical.choice, Quot.sound]
'SharpWasserstein.EulerWeak.mean_eq' depends on axioms: [propext, Classical.choice, Quot.sound]
'SharpWasserstein.EulerWeak.state_integrable' depends on axioms: [propext, Classical.choice, Quot.sound]
'SharpWasserstein.EulerWeak.expectation' depends on axioms: [propext, Classical.choice, Quot.sound]
'SharpWasserstein.EulerWeak.expectation_succ' depends on axioms: [propext, Classical.choice, Quot.sound]
'SharpWasserstein.EulerWeak.expectation_step_error' depends on axioms: [propext, Classical.choice, Quot.sound]
'SharpWasserstein.EulerWeak.expectation_zero' depends on axioms: [propext, Classical.choice, Quot.sound]
'SharpWasserstein.EulerWeak.expectation_eq_brownian_node' depends on axioms: [propext, Classical.choice, Quot.sound]
'SharpWasserstein.EulerWeak.expectation_telescope_error' depends on axioms: [propext, Classical.choice, Quot.sound]
'SharpWasserstein.EulerWeak.brownian_trajectory_weak_equation' depends on axioms: [propext,
 Classical.choice,
 Quot.sound]
'SharpWasserstein.particleDrift_smooth' depends on axioms: [propext, Classical.choice, Quot.sound]
'SharpWasserstein.BrownianParticle.law_integral_eq' depends on axioms: [propext, Classical.choice, Quot.sound]
'SharpWasserstein.BrownianParticle.law_equation' depends on axioms: [propext, Classical.choice, Quot.sound]
'SharpWasserstein.BrownianParticle.globalLaw_equation' depends on axioms: [propext, Classical.choice, Quot.sound]
'SharpWasserstein.BrownianParticle.globalLaw_weakEvolution' depends on axioms: [propext, Classical.choice, Quot.sound]
'SharpWasserstein.BrownianParticle.globalLaw_isParticleEvolution' depends on axioms: [propext,
 Classical.choice,
 Quot.sound]
