'SharpWasserstein.configurationFlatten_symm_add' depends on axioms: [propext, Classical.choice, Quot.sound]
'SharpWasserstein.configurationFlatten_symm_sub' depends on axioms: [propext, Classical.choice, Quot.sound]
'SharpWasserstein.configurationFlatten_symm_smul' depends on axioms: [propext, Classical.choice, Quot.sound]
'SharpWasserstein.flattenedDrift_shifted' depends on axioms: [propext, Classical.choice, Quot.sound]
'SharpWasserstein.GaussianBridge.initialX' depends on axioms: [propext, Classical.choice, Quot.sound]
'SharpWasserstein.GaussianBridge.initialY' depends on axioms: [propext, Classical.choice, Quot.sound]
'SharpWasserstein.GaussianBridge.measurable_initialX' depends on axioms: [propext, Classical.choice, Quot.sound]
'SharpWasserstein.GaussianBridge.measurable_initialY' depends on axioms: [propext, Classical.choice, Quot.sound]
'SharpWasserstein.GaussianBridge.endpointObservation' depends on axioms: [propext, Classical.choice, Quot.sound]
'SharpWasserstein.GaussianBridge.endpointObservation_measurable' depends on axioms: [propext,
 Classical.choice,
 Quot.sound]
'SharpWasserstein.GaussianBridge.current_initialX' depends on axioms: [propext, Classical.choice, Quot.sound]
'SharpWasserstein.GaussianBridge.mean_ordinary_eq' depends on axioms: [propext, Classical.choice, Quot.sound]
'SharpWasserstein.GaussianBridge.mean_shifted_eq' depends on axioms: [propext, Classical.choice, Quot.sound]
'SharpWasserstein.GaussianBridge.observation_eq' depends on axioms: [propext, Classical.choice, Quot.sound]
'SharpWasserstein.GaussianBridge.brownianEndpointX' depends on axioms: [propext, Classical.choice, Quot.sound]
'SharpWasserstein.GaussianBridge.brownianEndpointY' depends on axioms: [propext, Classical.choice, Quot.sound]
'SharpWasserstein.GaussianBridge.ordinaryLaw_endpoint_eq' depends on axioms: [propext, Classical.choice, Quot.sound]
'SharpWasserstein.GaussianBridge.shiftedLaw_endpoint_eq' depends on axioms: [propext, Classical.choice, Quot.sound]
'SharpWasserstein.CompactGenerator.coordinate_test' depends on axioms: [propext, Classical.choice, Quot.sound]
'SharpWasserstein.CompactGenerator.laplacian_test' depends on axioms: [propext, Classical.choice, Quot.sound]
'SharpWasserstein.CompactGenerator.generator_continuous' depends on axioms: [propext, Classical.choice, Quot.sound]
'SharpWasserstein.CompactGenerator.generator_compact' depends on axioms: [propext, Classical.choice, Quot.sound]
'SharpWasserstein.CompactGenerator.integrable' depends on axioms: [propext, Classical.choice, Quot.sound]
'SharpWasserstein.CompactGenerator.expectation_continuous' depends on axioms: [propext, Classical.choice, Quot.sound]
