'SharpWasserstein.BrownianNoise.scalarGridIncrement' depends on axioms: [propext, Classical.choice, Quot.sound]
'SharpWasserstein.BrownianNoise.scalarGridIncrement_measurable' depends on axioms: [propext,
 Classical.choice,
 Quot.sound]
'SharpWasserstein.BrownianNoise.scalarLaw_increment_hasLaw' depends on axioms: [propext, Classical.choice, Quot.sound]
'SharpWasserstein.BrownianNoise.scalarLaw_grid_hasLaw' depends on axioms: [propext, Classical.choice, Quot.sound]
'SharpWasserstein.BrownianNoise.measurePreserving_pi_transpose' depends on axioms: [propext,
 Classical.choice,
 Quot.sound]
'SharpWasserstein.BrownianNoise.coordinateLaw_grid_hasLaw' depends on axioms: [propext, Classical.choice, Quot.sound]
'SharpWasserstein.BrownianNoise.configurationLaw_grid_hasLaw' depends on axioms: [propext, Classical.choice, Quot.sound]
'SharpWasserstein.gaussianVectorLaw_translate' depends on axioms: [propext, Classical.choice, Quot.sound]
'SharpWasserstein.gaussianVectorKernel_realization' depends on axioms: [propext, Classical.choice, Quot.sound]
'SharpWasserstein.gaussianInnovationLaw' depends on axioms: [propext, Classical.choice, Quot.sound]
'SharpWasserstein.gaussianInnovationLaw_split' depends on axioms: [propext, Classical.choice, Quot.sound]
'SharpWasserstein.gaussianHistoryAppend' depends on axioms: [propext, Classical.choice, Quot.sound]
'SharpWasserstein.gaussianHistoryAppend_measurable' depends on axioms: [propext, Classical.choice, Quot.sound]
'SharpWasserstein.gaussianHistorySimulator' depends on axioms: [propext, Classical.choice, Quot.sound]
'SharpWasserstein.gaussianHistorySimulator_measurable' depends on axioms: [propext, Classical.choice, Quot.sound]
'SharpWasserstein.gaussianHistorySimulator_hasLaw' depends on axioms: [propext, Classical.choice, Quot.sound]
'SharpWasserstein.configurationFlatten' depends on axioms: [propext, Classical.choice, Quot.sound]
'SharpWasserstein.configurationFlatten_gaussian' depends on axioms: [propext, Classical.choice, Quot.sound]
'SharpWasserstein.BrownianNoise.flattenedGridIncrement' depends on axioms: [propext, Classical.choice, Quot.sound]
'SharpWasserstein.BrownianNoise.flattenedGridIncrement_measurable' depends on axioms: [propext,
 Classical.choice,
 Quot.sound]
'SharpWasserstein.BrownianNoise.configurationLaw_flattenedGrid_hasLaw' depends on axioms: [propext,
 Classical.choice,
 Quot.sound]
'SharpWasserstein.BrownianNoise.brownian_gaussianHistory_hasLaw' depends on axioms: [propext,
 Classical.choice,
 Quot.sound]
'SharpWasserstein.gaussianHistoryCurrent' depends on axioms: [propext, Classical.choice, Quot.sound]
'SharpWasserstein.eulerHistoryMean' depends on axioms: [propext, Classical.choice, Quot.sound]
'SharpWasserstein.gaussianHistoryCurrent_measurable' depends on axioms: [propext, Classical.choice, Quot.sound]
'SharpWasserstein.eulerHistoryMean_measurable' depends on axioms: [propext, Classical.choice, Quot.sound]
'SharpWasserstein.gaussianHistoryAppend_label' depends on axioms: [propext, Classical.choice, Quot.sound]
'SharpWasserstein.gaussianHistoryAppend_last' depends on axioms: [propext, Classical.choice, Quot.sound]
'SharpWasserstein.gaussianHistorySimulator_label' depends on axioms: [propext, Classical.choice, Quot.sound]
'SharpWasserstein.gaussianHistorySimulator_current_eq_nodes' depends on axioms: [propext, Classical.choice, Quot.sound]
'SharpWasserstein.eulerLabelHistoryMean' depends on axioms: [propext, Classical.choice, Quot.sound]
'SharpWasserstein.eulerLabelHistoryMean_measurable' depends on axioms: [propext, Classical.choice, Quot.sound]
'SharpWasserstein.gaussianHistorySimulator_label_current_eq_nodes' depends on axioms: [propext,
 Classical.choice,
 Quot.sound]
'SharpWasserstein.configurationFlatten_add' depends on axioms: [propext, Classical.choice, Quot.sound]
'SharpWasserstein.configurationFlatten_sub' depends on axioms: [propext, Classical.choice, Quot.sound]
'SharpWasserstein.configurationFlatten_smul' depends on axioms: [propext, Classical.choice, Quot.sound]
'SharpWasserstein.configurationFlatten_zero' depends on axioms: [propext, Classical.choice, Quot.sound]
'SharpWasserstein.flattenedDrift' depends on axioms: [propext, Classical.choice, Quot.sound]
'SharpWasserstein.flattenedDrift_measurable' depends on axioms: [propext, Classical.choice, Quot.sound]
'SharpWasserstein.configurationFlatten_nodes' depends on axioms: [propext, Classical.choice, Quot.sound]
'SharpWasserstein.BrownianNoise.uniformGrid' depends on axioms: [propext, Classical.choice, Quot.sound]
'SharpWasserstein.BrownianNoise.uniformGrid_monotone' depends on axioms: [propext, Classical.choice, Quot.sound]
'SharpWasserstein.BrownianNoise.uniformGrid_variance' depends on axioms: [propext, Classical.choice, Quot.sound]
'SharpWasserstein.BrownianNoise.flattenedGridIncrement_uniform' depends on axioms: [propext,
 Classical.choice,
 Quot.sound]
'SharpWasserstein.configurationEulerMean' depends on axioms: [propext, Classical.choice, Quot.sound]
'SharpWasserstein.configurationEulerObservation' depends on axioms: [propext, Classical.choice, Quot.sound]
'SharpWasserstein.configurationEulerMean_measurable' depends on axioms: [propext, Classical.choice, Quot.sound]
'SharpWasserstein.configurationEulerObservation_measurable' depends on axioms: [propext, Classical.choice, Quot.sound]
'SharpWasserstein.configurationEuler_simulator_eq_nodes' depends on axioms: [propext, Classical.choice, Quot.sound]
'SharpWasserstein.configurationEuler_brownian_hasLaw' depends on axioms: [propext, Classical.choice, Quot.sound]
'SharpWasserstein.configurationFlatten_apply' depends on axioms: [propext, Classical.choice, Quot.sound]
'SharpWasserstein.configurationFlatten_symm_apply' depends on axioms: [propext, Classical.choice, Quot.sound]
'SharpWasserstein.configurationFlatten_eq_euclidean' depends on axioms: [propext, Classical.choice, Quot.sound]
'SharpWasserstein.configurationFlatten_displacementSq' depends on axioms: [propext, Classical.choice, Quot.sound]
