replaying BrownianMotion.Auxiliary.HasLaw
replaying BrownianMotion.Auxiliary.Topology
replaying BrownianMotion.Auxiliary.DenseCountable
replaying BrownianMotion.Continuity.LimitModification
replaying BrownianMotion.Auxiliary.FiniteInf
replaying BrownianMotion.Auxiliary.MeanInequalities
replaying BrownianMotion.Auxiliary.ENNReal
replaying BrownianMotion.Continuity.Chaining
replaying BrownianMotion.Auxiliary.Algebra
replaying BrownianMotion.Auxiliary.Metric
replaying BrownianMotion.Auxiliary.MeasureTheory
replaying BrownianMotion.Auxiliary.Nat
replaying BrownianMotion.Continuity.CoveringNumber
replaying BrownianMotion.Continuity.HasBoundedInternalCoveringNumber
replaying BrownianMotion.Continuity.IsKolmogorovProcess
replaying BrownianMotion.Continuity.KolmogorovChentsovInequality
replaying BrownianMotion.Gaussian.StochasticProcesses
replaying BrownianMotion.Continuity.KolmogorovChentsov
replaying BrownianMotion.Auxiliary.LinearAlgebra
replaying BrownianMotion.Auxiliary.ContinuousBilinForm
replaying BrownianMotion.Gaussian.CovMatrix
replaying BrownianMotion.Gaussian.GaussianProcess
replaying BrownianMotion.Gaussian.Moment
replaying BrownianMotion.Auxiliary.NNReal
replaying BrownianMotion.Gaussian.Gaussian
replaying KolmogorovExtension4.CompactSystem
replaying KolmogorovExtension4.RegularContent
replaying KolmogorovExtension4.KolmogorovExtension
replaying BrownianMotion.Gaussian.ProjectiveLimit
replaying BrownianMotion.Gaussian.BrownianMotion
