'SharpWasserstein.continuousPath_measurableSpace_eq_comap' depends on axioms: [propext, Classical.choice, Quot.sound]
'SharpWasserstein.continuousPath_coe_measurable' depends on axioms: [propext, Classical.choice, Quot.sound]
'SharpWasserstein.continuousPath_map_coe_injective' depends on axioms: [propext, Classical.choice, Quot.sound]
'SharpWasserstein.continuousPath_indepFun_of_coe' depends on axioms: [propext, Classical.choice, Quot.sound]
'SharpWasserstein.BoundedFlow.shiftPath' depends on axioms: [propext, Classical.choice, Quot.sound]
'SharpWasserstein.BoundedFlow.shiftPath_measurable' depends on axioms: [propext, Classical.choice, Quot.sound]
'SharpWasserstein.BoundedFlow.splitPath' depends on axioms: [propext, Classical.choice, Quot.sound]
'SharpWasserstein.BoundedFlow.splitPath_measurable' depends on axioms: [propext, Classical.choice, Quot.sound]
'SharpWasserstein.BrownianNoise.shiftedScalarPath_hasLaw' depends on axioms: [propext, Classical.choice, Quot.sound]
'SharpWasserstein.BrownianNoise.scalarPath_indep_shift' depends on axioms: [propext, Classical.choice, Quot.sound]
'SharpWasserstein.BrownianNoise.scalarLaw_split' depends on axioms: [propext, Classical.choice, Quot.sound]
'SharpWasserstein.BrownianNoise.coordinateLaw_split' depends on axioms: [propext, Classical.choice, Quot.sound]
'SharpWasserstein.BrownianNoise.pathLabels_split' depends on axioms: [propext, Classical.choice, Quot.sound]
'SharpWasserstein.BrownianNoise.configurationLaw_split' depends on axioms: [propext, Classical.choice, Quot.sound]
'SharpWasserstein.FiniteAdditiveTrajectory.shift_autonomous' depends on axioms: [propext, Classical.choice, Quot.sound]
'SharpWasserstein.BoundedFlow.flow_add' depends on axioms: [propext, Classical.choice, Quot.sound]
'SharpWasserstein.BrownianFlow.law_add' depends on axioms: [propext, Classical.choice, Quot.sound]
'SharpWasserstein.BrownianFlow.globalLaw_add' depends on axioms: [propext, Classical.choice, Quot.sound]
'SharpWasserstein.BrownianFlow.globalLaw_add_integral' depends on axioms: [propext, Classical.choice, Quot.sound]
'SharpWasserstein.BrownianParticle.globalLaw_add' depends on axioms: [propext, Classical.choice, Quot.sound]
'SharpWasserstein.BrownianParticle.globalLaw_add_integral' depends on axioms: [propext, Classical.choice, Quot.sound]
