'SharpWasserstein.RegularizedTrialEnergy.gram' depends on axioms: [propext, Classical.choice, Quot.sound]
'SharpWasserstein.RegularizedTrialEnergy.gram_inner' depends on axioms: [propext, Classical.choice, Quot.sound]
'SharpWasserstein.RegularizedTrialEnergy.gram_symmetric' depends on axioms: [propext, Classical.choice, Quot.sound]
'SharpWasserstein.RegularizedTrialEnergy.gram_coercive' depends on axioms: [propext, Classical.choice, Quot.sound]
'SharpWasserstein.RegularizedTrialEnergy.gram_isUnit' depends on axioms: [propext, Classical.choice, Quot.sound]
'SharpWasserstein.RegularizedTrialEnergy.solution' depends on axioms: [propext, Classical.choice, Quot.sound]
'SharpWasserstein.RegularizedTrialEnergy.solution_equation' depends on axioms: [propext, Classical.choice, Quot.sound]
'SharpWasserstein.RegularizedTrialEnergy.energy' depends on axioms: [propext, Classical.choice, Quot.sound]
'SharpWasserstein.RegularizedTrialEnergy.solution_tested' depends on axioms: [propext, Classical.choice, Quot.sound]
'SharpWasserstein.RegularizedTrialEnergy.energy_eq_penalized_norm' depends on axioms: [propext,
 Classical.choice,
 Quot.sound]
'SharpWasserstein.RegularizedTrialEnergy.energy_nonneg' depends on axioms: [propext, Classical.choice, Quot.sound]
'SharpWasserstein.RegularizedTrialEnergy.energy_gap' depends on axioms: [propext, Classical.choice, Quot.sound]
'SharpWasserstein.RegularizedTrialEnergy.energy_le' depends on axioms: [propext, Classical.choice, Quot.sound]
'SharpWasserstein.RegularizedTrialEnergy.energy_gap_le_trial' depends on axioms: [propext, Classical.choice, Quot.sound]
'SharpWasserstein.FiniteGradientTrial.atomGradient' depends on axioms: [propext, Classical.choice, Quot.sound]
'SharpWasserstein.FiniteGradientTrial.atomGradient_ae' depends on axioms: [propext, Classical.choice, Quot.sound]
'SharpWasserstein.FiniteGradientTrial.gradientMap' depends on axioms: [propext, Classical.choice, Quot.sound]
'SharpWasserstein.FiniteGradientTrial.gradientMap_apply' depends on axioms: [propext, Classical.choice, Quot.sound]
'SharpWasserstein.FiniteGradientTrial.potential' depends on axioms: [propext, Classical.choice, Quot.sound]
'SharpWasserstein.FiniteGradientTrial.potential_smooth' depends on axioms: [propext, Classical.choice, Quot.sound]
'SharpWasserstein.FiniteGradientTrial.potential_gradient' depends on axioms: [propext, Classical.choice, Quot.sound]
'SharpWasserstein.FiniteGradientTrial.gradientMap_ae' depends on axioms: [propext, Classical.choice, Quot.sound]
'SharpWasserstein.FiniteGradientTrial.gradientMap_norm_sq' depends on axioms: [propext, Classical.choice, Quot.sound]
'SharpWasserstein.FiniteGradientTrial.gradientMap_single' depends on axioms: [propext, Classical.choice, Quot.sound]
'SharpWasserstein.FiniteGradientTrial.gradientMap_pairing' depends on axioms: [propext, Classical.choice, Quot.sound]
'SharpWasserstein.FiniteGradientTrial.gradientMap_source_pairing' depends on axioms: [propext,
 Classical.choice,
 Quot.sound]
'SharpWasserstein.FiniteGradientTrial.adjoint_source_coefficient' depends on axioms: [propext,
 Classical.choice,
 Quot.sound]
'SharpWasserstein.FiniteGradientTrial.gram_coefficient' depends on axioms: [propext, Classical.choice, Quot.sound]
'SharpWasserstein.FiniteGradientTrial.gram_matrix_entry' depends on axioms: [propext, Classical.choice, Quot.sound]
