[diag] Diagnostics
  [reduction] unfolded reducible declarations (max: 87, num: 5):
    [reduction] PiLp ↦ 87
    [reduction] Point ↦ 82
    [reduction] EuclideanSpace ↦ 80
    [reduction] outParam ↦ 35
    [reduction] PeriodicIntegrationByParts.Coordinates ↦ 33
  use `set_option diagnostics.threshold <num>` to control threshold for reporting counters
[diag] Diagnostics
  [reduction] unfolded declarations (max: 401706, num: 22):
    [reduction] decEq ↦ 401706
    [reduction] HAdd.hAdd ↦ 120512
    [reduction] dite ↦ 80342
    [reduction] Add.add ↦ 80342
    [reduction] Function.update ↦ 80342
    [reduction] Pi.single ↦ 80342
    [reduction] DFunLike.coe ↦ 27432
    [reduction] EquivLike.coe ↦ 15674
    [reduction] PiLp.continuousLinearEquiv ↦ 13714
    [reduction] WithLp.addEquiv ↦ 13714
    [reduction] WithLp.linearEquiv ↦ 13714
    [reduction] ContinuousLinearEquiv.symm ↦ 11756
    [reduction] LinearEquiv.symm ↦ 11756
    [reduction] LinearMap.inverse ↦ 11756
    [reduction] coordinateEquiv ↦ 11756
    [reduction] euclideanCoordinates ↦ 1958
    [reduction] Mul.mul ↦ 340
    [reduction] HMul.hMul ↦ 330
    [reduction] Div.div ↦ 326
    [reduction] DivInvMonoid.div' ↦ 326
    [reduction] HDiv.hDiv ↦ 326
    [reduction] Neg.neg ↦ 150
  [reduction] unfolded reducible declarations (max: 803412, num: 27):
    [reduction] Fin.val ↦ 803412
    [reduction] Decidable.casesOn ↦ 482048
    [reduction] Bool.casesOn ↦ 401706
    [reduction] Nat.casesOn ↦ 401706
    [reduction] Nat.decEq ↦ 401706
    [reduction] PeriodicIntegrationByParts.Coordinates ↦ 330251
    [reduction] outParam ↦ 241105
    [reduction] Eq.ndrec ↦ 160684
    [reduction] ContinuousLinearEquiv.toLinearEquiv ↦ 48978
    [reduction] LinearMap.toAddHom ↦ 48978
    [reduction] AddHom.toFun ↦ 27428
    [reduction] LinearEquiv.toLinearMap ↦ 27426
    [reduction] AddEquiv.toEquiv ↦ 25468
    [reduction] Equiv.invFun ↦ 11756
    [reduction] LinearEquiv.invFun ↦ 11756
    [reduction] Position ↦ 5873
    [reduction] Equiv.toFun ↦ 1958
    [reduction] WithLp.ofLp ↦ 1958
    [reduction] Point ↦ 1172
    [reduction] PiLp ↦ 1167
    [reduction] EuclideanSpace ↦ 1151
    [reduction] Complex.re ↦ 148
    [reduction] inferInstance ↦ 37
    [reduction] Equiv.addCommGroup ↦ 30
    [reduction] Function.Injective.addCommGroup ↦ 30
    [reduction] Function.Injective.addGroup ↦ 28
    [reduction] Function.Injective.subNegMonoid ↦ 28
  [type_class] used instances (max: 120515, num: 1):
    [type_class] instHAdd ↦ 120515
  [def_eq] heuristic for solving `f a =?= f b` (max: 80342, num: 23):
    [def_eq] OfNat.ofNat ↦ 80342
    [def_eq] Pi.instZero ↦ 80342
    [def_eq] Zero.toOfNat0 ↦ 80342
    [def_eq] HAdd.hAdd ↦ 40172
    [def_eq] dite ↦ 40171
    [def_eq] Function.update ↦ 40171
    [def_eq] Pi.single ↦ 40171
    [def_eq] instHAdd ↦ 39193
    [def_eq] DFunLike.coe ↦ 10780
    [def_eq] AddHom.toFun ↦ 10778
    [def_eq] EquivLike.coe ↦ 5880
    [def_eq] Equiv.invFun ↦ 4899
    [def_eq] LinearEquiv.invFun ↦ 4899
    [def_eq] Equiv.toFun ↦ 979
    [def_eq] WithLp.ofLp ↦ 979
    [def_eq] Mul.mul ↦ 170
    [def_eq] HMul.hMul ↦ 167
    [def_eq] HDiv.hDiv ↦ 164
    [def_eq] Div.div ↦ 163
    [def_eq] DivInvMonoid.div' ↦ 163
    [def_eq] Complex.ofReal ↦ 81
    [def_eq] Complex.re ↦ 77
    [def_eq] Neg.neg ↦ 54
  use `set_option diagnostics.threshold <num>` to control threshold for reporting counters
SharpWasserstein/CompressionPeriodicTests.lean:104:0: error: (deterministic) timeout at `whnf`, maximum number of heartbeats (1000000) has been reached

Note: Use `set_option maxHeartbeats <num>` to set the limit.
