'SharpWasserstein.WeightedConvolution.operatorAverage' depends on axioms: [propext, Classical.choice, Quot.sound]
'SharpWasserstein.WeightedConvolution.operatorIntegrand_measurable' depends on axioms: [propext,
 Classical.choice,
 Quot.sound]
'SharpWasserstein.WeightedConvolution.operatorIntegrand_integrable' depends on axioms: [propext,
 Classical.choice,
 Quot.sound]
'SharpWasserstein.WeightedConvolution.continuous_operatorAverage' depends on axioms: [propext,
 Classical.choice,
 Quot.sound]
'SharpWasserstein.WeightedConvolution.hasFDerivAt_operatorAverage' depends on axioms: [propext,
 Classical.choice,
 Quot.sound]
'SharpWasserstein.WeightedConvolution.fderiv_operatorAverage' depends on axioms: [propext, Classical.choice, Quot.sound]
'SharpWasserstein.WeightedConvolution.contDiff_nat_operatorAverage' depends on axioms: [propext,
 Classical.choice,
 Quot.sound]
'SharpWasserstein.WeightedConvolution.contDiff_infty_operatorAverage' depends on axioms: [propext,
 Classical.choice,
 Quot.sound]
'SharpWasserstein.PeriodicConvolution.flux_smooth_of_integrable' depends on axioms: [propext,
 Classical.choice,
 Quot.sound]
'SharpWasserstein.PeriodicConvolution.hasFDerivAt_flux_of_integrable' depends on axioms: [propext,
 Classical.choice,
 Quot.sound]
'SharpWasserstein.PeriodicConvolution.fderiv_flux_of_integrable' depends on axioms: [propext,
 Classical.choice,
 Quot.sound]
'SharpWasserstein.PeriodicConvolution.allDerivativesBounded_flux_of_integrable' depends on axioms: [propext,
 Classical.choice,
 Quot.sound]
'SharpWasserstein.PeriodicConvolution.fluxSource' depends on axioms: [propext, Classical.choice, Quot.sound]
'SharpWasserstein.PeriodicConvolution.fluxSource_smooth_of_integrable' depends on axioms: [propext,
 Classical.choice,
 Quot.sound]
'SharpWasserstein.PeriodicConvolution.fluxSource_periodic' depends on axioms: [propext, Classical.choice, Quot.sound]
'SharpWasserstein.PeriodicConvolution.integral_fluxSource_mul' depends on axioms: [propext,
 Classical.choice,
 Quot.sound]
'SharpWasserstein.PeriodicConvolution.integral_fluxSource_eq_zero' depends on axioms: [propext,
 Classical.choice,
 Quot.sound]
'SharpWasserstein.PeriodicConvolution.allDerivativesBounded_fluxSource_of_integrable' depends on axioms: [propext,
 Classical.choice,
 Quot.sound]
'SharpWasserstein.PeriodicConvolution.fluxVelocity_smooth_of_integrable' depends on axioms: [propext,
 Classical.choice,
 Quot.sound]
'SharpWasserstein.PeriodicConvolution.euclidean_flux_eq' depends on axioms: [propext, Classical.choice, Quot.sound]
'SharpWasserstein.PeriodicConvolution.euclideanGradient' depends on axioms: [propext, Classical.choice, Quot.sound]
'SharpWasserstein.PeriodicConvolution.euclideanGradient_apply' depends on axioms: [propext,
 Classical.choice,
 Quot.sound]
'SharpWasserstein.PeriodicConvolution.euclideanGradient_periodic' depends on axioms: [propext,
 Classical.choice,
 Quot.sound]
'SharpWasserstein.PeriodicConvolution.euclideanGradient_continuous' depends on axioms: [propext,
 Classical.choice,
 Quot.sound]
'SharpWasserstein.PeriodicConvolution.integral_fluxSource_euclidean' depends on axioms: [propext,
 Classical.choice,
 Quot.sound]
'SharpWasserstein.PeriodicConvolution.integral_fluxSource_convolved_test' depends on axioms: [propext,
 Classical.choice,
 Quot.sound]
'SharpWasserstein.PeriodicConvolution.integral_fluxSource_tendsto' depends on axioms: [propext,
 Classical.choice,
 Quot.sound]
'SharpWasserstein.PeriodicConvolution.integral_euclidean_fluxVelocity_sq_le' depends on axioms: [propext,
 Classical.choice,
 Quot.sound]
'SharpWasserstein.PeriodicFluxOptimizer.functional' depends on axioms: [propext, Classical.choice, Quot.sound]
'SharpWasserstein.PeriodicFluxOptimizer.functional_apply' depends on axioms: [propext, Classical.choice, Quot.sound]
'SharpWasserstein.PeriodicFluxOptimizer.integrable_fluxAction' depends on axioms: [propext,
 Classical.choice,
 Quot.sound]
'SharpWasserstein.PeriodicFluxOptimizer.weighted_young' depends on axioms: [propext, Classical.choice, Quot.sound]
'SharpWasserstein.PeriodicFluxOptimizer.optimizer_energy_le_fluxAction' depends on axioms: [propext,
 Classical.choice,
 Quot.sound]
'SharpWasserstein.PeriodicConvolution.densityBCF' depends on axioms: [propext, Classical.choice, Quot.sound]
'SharpWasserstein.PeriodicConvolution.densityBCF_lower' depends on axioms: [propext, Classical.choice, Quot.sound]
'SharpWasserstein.PeriodicConvolution.convolvedFlux_memLp' depends on axioms: [propext, Classical.choice, Quot.sound]
'SharpWasserstein.PeriodicConvolution.convolvedFluxLp' depends on axioms: [propext, Classical.choice, Quot.sound]
'SharpWasserstein.PeriodicConvolution.convolvedFluxLp_ae' depends on axioms: [propext, Classical.choice, Quot.sound]
'SharpWasserstein.PeriodicConvolution.convolvedFunctional' depends on axioms: [propext, Classical.choice, Quot.sound]
'SharpWasserstein.PeriodicConvolution.convolvedFunctional_gradient' depends on axioms: [propext,
 Classical.choice,
 Quot.sound]
'SharpWasserstein.PeriodicConvolution.convolvedFunctional_trialGradient' depends on axioms: [propext,
 Classical.choice,
 Quot.sound]
'SharpWasserstein.PeriodicConvolution.convolved_optimizer_energy_le' depends on axioms: [propext,
 Classical.choice,
 Quot.sound]
