'SharpWasserstein.FiniteAdditiveTrajectory.drift_stability' depends on axioms: [propext, Classical.choice, Quot.sound]
'SharpWasserstein.gronwallBound_linear_error' depends on axioms: [propext, Classical.choice, Quot.sound]
'SharpWasserstein.finiteTrajectory_tendsto_uniform_of_drift_approximation' depends on axioms: [propext,
 Classical.choice,
 Quot.sound]
'SharpWasserstein.finiteTrajectory_tendsto_of_drift_approximation' depends on axioms: [propext,
 Classical.choice,
 Quot.sound]
'SharpWasserstein.locallyUniformDrift_along_trajectory' depends on axioms: [propext, Classical.choice, Quot.sound]
'SharpWasserstein.finiteTrajectory_tendsto_of_locallyUniform_drift' depends on axioms: [propext,
 Classical.choice,
 Quot.sound]
'SharpWasserstein.FiniteAdditiveTrajectory.sameInput_difference_bound' depends on axioms: [propext,
 Classical.choice,
 Quot.sound]
'SharpWasserstein.BoundedFlow.flow_drift_tendsto' depends on axioms: [propext, Classical.choice, Quot.sound]
'SharpWasserstein.BoundedFlow.flow_driftLaw_tendsto' depends on axioms: [propext, Classical.choice, Quot.sound]
'SharpWasserstein.BoundedFlow.flow_drift_error_integrable' depends on axioms: [propext, Classical.choice, Quot.sound]
'SharpWasserstein.BoundedFlow.flow_drift_meanSquare_tendsto' depends on axioms: [propext, Classical.choice, Quot.sound]
'SharpWasserstein.BoundedFlow.flow_drift_wassersteinSq_tendsto' depends on axioms: [propext,
 Classical.choice,
 Quot.sound]
