'SharpWasserstein.ExternalInteractionEnergyLimit.galerkinResidual' depends on axioms: [propext,
 Classical.choice,
 Quot.sound]
'SharpWasserstein.ExternalInteractionEnergyLimit.optimizerResidual' depends on axioms: [propext,
 Classical.choice,
 Quot.sound]
'SharpWasserstein.ExternalInteractionEnergyLimit.galerkinResidual_tendsto' depends on axioms: [propext,
 Classical.choice,
 Quot.sound]
'SharpWasserstein.ExternalInteractionEnergyLimit.galerkinResidual_weighted_square_tendsto' depends on axioms: [propext,
 Classical.choice,
 Quot.sound]
'SharpWasserstein.ExternalInteractionEnergyLimit.galerkinResidual_energy_increment_tendsto' depends on axioms: [propext,
 Classical.choice,
 Quot.sound]
'SharpWasserstein.ExternalInteractionEnergyLimit.galerkinResidual_ae' depends on axioms: [propext,
 Classical.choice,
 Quot.sound]
'SharpWasserstein.ExternalInteractionEnergyLimit.literal_galerkin_fluctuation_energy_tendsto' depends on axioms: [propext,
 Classical.choice,
 Quot.sound]
'SharpWasserstein.ExternalInteractionEnergyLimit.weightedCube' depends on axioms: [propext,
 Classical.choice,
 Quot.sound]
'SharpWasserstein.ExternalInteractionEnergyLimit.weightedCube_le' depends on axioms: [propext,
 Classical.choice,
 Quot.sound]
'SharpWasserstein.ExternalInteractionEnergyLimit.memLp_weightedCube' depends on axioms: [propext,
 Classical.choice,
 Quot.sound]
'SharpWasserstein.ExternalInteractionEnergyLimit.integrable_weightedCube' depends on axioms: [propext,
 Classical.choice,
 Quot.sound]
'SharpWasserstein.ExternalInteractionEnergyLimit.integral_weightedCube' depends on axioms: [propext,
 Classical.choice,
 Quot.sound]
'SharpWasserstein.ExternalInteractionEnergyLimit.continuous_integrable_cubePoint' depends on axioms: [propext,
 Classical.choice,
 Quot.sound]
'SharpWasserstein.ExternalInteractionEnergyLimit.continuous_memLp_cubePoint' depends on axioms: [propext,
 Classical.choice,
 Quot.sound]
'SharpWasserstein.ExternalInteractionEnergyLimit.continuous_frobenius_hessian' depends on axioms: [propext,
 Classical.choice,
 Quot.sound]
'SharpWasserstein.ExternalInteractionEnergyLimit.weighted_external_le' depends on axioms: [propext,
 Classical.choice,
 Quot.sound]
'SharpWasserstein.ExternalInteractionEnergyLimit.gradientVector_field_ae' depends on axioms: [propext,
 Classical.choice,
 Quot.sound]
'SharpWasserstein.ExternalInteractionEnergyLimit.marginalPotential' depends on axioms: [propext,
 Classical.choice,
 Quot.sound]
'SharpWasserstein.ExternalInteractionEnergyLimit.marginalPotential_smooth' depends on axioms: [propext,
 Classical.choice,
 Quot.sound]
'SharpWasserstein.ExternalInteractionEnergyLimit.marginalPotential_gradient_ae' depends on axioms: [propext,
 Classical.choice,
 Quot.sound]
'SharpWasserstein.ExternalInteractionEnergyLimit.marginalPotential_prefix_gradient_ae' depends on axioms: [propext,
 Classical.choice,
 Quot.sound]
'SharpWasserstein.ExternalInteractionEnergyLimit.galerkinResidual_potential_ae' depends on axioms: [propext,
 Classical.choice,
 Quot.sound]
'SharpWasserstein.ExternalInteractionEnergyLimit.potential_fluctuation_energy_tendsto' depends on axioms: [propext,
 Classical.choice,
 Quot.sound]
'SharpWasserstein.ExternalInteractionEnergyLimit.potential_marginal_energy_tendsto' depends on axioms: [propext,
 Classical.choice,
 Quot.sound]
'SharpWasserstein.ExternalInteractionEnergyLimit.integral_densityBCF_prefix' depends on axioms: [propext,
 Classical.choice,
 Quot.sound]
'SharpWasserstein.ExternalInteractionEnergyLimit.externalGalerkinTerm' depends on axioms: [propext,
 Classical.choice,
 Quot.sound]
'SharpWasserstein.ExternalInteractionEnergyLimit.hessianGalerkinTerm' depends on axioms: [propext,
 Classical.choice,
 Quot.sound]
'SharpWasserstein.ExternalInteractionEnergyLimit.hessianGalerkinTerm_eq_marginal' depends on axioms: [propext,
 Classical.choice,
 Quot.sound]
'SharpWasserstein.ExternalInteractionEnergyLimit.externalGalerkin_absorbed_le' depends on axioms: [propext,
 Classical.choice,
 Quot.sound]
'SharpWasserstein.ExternalInteractionEnergyLimit.externalGalerkin_absorbed_eventually_le' depends on axioms: [propext,
 Classical.choice,
 Quot.sound]
