Missing Mathlib modules: 0
Ready: Mathlib.Algebra.Order.Floor.Extended
Ready: Mathlib.Algebra.Order.Floor.Semiring
Ready: Mathlib.Algebra.Order.Ring.Abs
Ready: Mathlib.Algebra.Order.Ring.Star
Ready: Mathlib.Analysis.InnerProductSpace.Dual
Ready: Mathlib.Analysis.InnerProductSpace.GramMatrix
Ready: Mathlib.Analysis.Normed.Group.Real
Ready: Mathlib.Analysis.Normed.Module.Ball.Pointwise
Ready: Mathlib.Analysis.SpecialFunctions.Log.Base
Ready: Mathlib.Analysis.SpecialFunctions.Pow.Continuity
Ready: Mathlib.Analysis.SpecificLimits.Basic
Ready: Mathlib.Data.Finset.Max
Ready: Mathlib.Data.NNReal.Basic
Ready: Mathlib.Data.Set.Finite.Lattice
Ready: Mathlib.Data.Set.FiniteExhaustion
Ready: Mathlib.LinearAlgebra.Dimension.Finite
Ready: Mathlib.LinearAlgebra.Matrix.BilinearForm
Ready: Mathlib.LinearAlgebra.Matrix.PosDef
Ready: Mathlib.LinearAlgebra.SesquilinearForm.Star
Ready: Mathlib.MeasureTheory.Constructions.ClosedCompactCylinders
Ready: Mathlib.MeasureTheory.Constructions.Polish.Basic
Ready: Mathlib.MeasureTheory.Constructions.ProjectiveFamilyContent
Ready: Mathlib.MeasureTheory.Function.StronglyMeasurable.Basic
Ready: Mathlib.MeasureTheory.Integral.MeanInequalities
Ready: Mathlib.MeasureTheory.Measure.AddContent
Ready: Mathlib.MeasureTheory.Measure.Lebesgue.VolumeOfBalls
Ready: Mathlib.MeasureTheory.Measure.MeasureSpaceDef
Ready: Mathlib.MeasureTheory.Measure.RegularityCompacts
Ready: Mathlib.MeasureTheory.OuterMeasure.OfAddContent
Ready: Mathlib.Order.CompleteLattice.Group
Ready: Mathlib.Order.CompletePartialOrder
Ready: Mathlib.Order.ConditionallyCompleteLattice.Finset
Ready: Mathlib.Order.ConditionallyCompletePartialOrder.Indexed
Ready: Mathlib.Probability.BrownianMotion.Basic
Ready: Mathlib.Probability.ConditionalExpectation
Ready: Mathlib.Probability.Distributions.Gaussian.CharFun
Ready: Mathlib.Probability.Distributions.Gaussian.Fernique
Ready: Mathlib.Probability.Distributions.Gaussian.HasGaussianLaw.Basic
Ready: Mathlib.Probability.Distributions.Gaussian.HasGaussianLaw.Independence
Ready: Mathlib.Probability.Distributions.Gaussian.IsGaussianProcess.Basic
Ready: Mathlib.Probability.Distributions.Gaussian.IsGaussianProcess.Independence
Ready: Mathlib.Probability.Distributions.Gaussian.Multivariate
Ready: Mathlib.Probability.Distributions.Gaussian.Real
Ready: Mathlib.Probability.Independence.BoundedContinuousFunction
Ready: Mathlib.Probability.Independence.Integration
Ready: Mathlib.Probability.Independence.Process.HasIndepIncrements.Basic
Ready: Mathlib.Probability.Independence.ZeroOne
Ready: Mathlib.Probability.Moments.CovarianceBilin
Ready: Mathlib.Probability.Process.Kolmogorov
Ready: Mathlib.Topology.Bases
Ready: Mathlib.Topology.Compactness.CompactSystem
Ready: Mathlib.Topology.ContinuousMap.SecondCountableSpace
Ready: Mathlib.Topology.EMetricSpace.PairReduction
Ready: Mathlib.Topology.IsClosedRestrict
Ready: Mathlib.Topology.MetricSpace.Cover
Ready: Mathlib.Topology.MetricSpace.CoveringNumbers
Ready: Mathlib.Topology.MetricSpace.HolderNorm
Ready: Mathlib.Topology.MetricSpace.MetricSeparated
Compiled 30 pinned external modules; status: kernel_replayed
Missing Mathlib modules: 0
Ready: Mathlib.Algebra.Order.BigOperators.Ring.Finset
Ready: Mathlib.Algebra.Order.Floor.Ring
Ready: Mathlib.Algebra.QuadraticDiscriminant
Ready: Mathlib.Analysis.Calculus.BumpFunction.InnerProduct
Ready: Mathlib.Analysis.Calculus.BumpFunction.Normed
Ready: Mathlib.Analysis.Calculus.BumpFunction.SmoothApprox
Ready: Mathlib.Analysis.Calculus.ContDiff.Basic
Ready: Mathlib.Analysis.Calculus.ContDiff.Bounds
Ready: Mathlib.Analysis.Calculus.ContDiff.Comp
Ready: Mathlib.Analysis.Calculus.ContDiff.Defs
Ready: Mathlib.Analysis.Calculus.ContDiff.Deriv
Ready: Mathlib.Analysis.Calculus.ContDiff.Operations
Ready: Mathlib.Analysis.Calculus.ContDiff.RCLike
Ready: Mathlib.Analysis.Calculus.Deriv.Add
Ready: Mathlib.Analysis.Calculus.Deriv.Mul
Ready: Mathlib.Analysis.Calculus.Deriv.Slope
Ready: Mathlib.Analysis.Calculus.Deriv.Support
Ready: Mathlib.Analysis.Calculus.FDeriv.Comp
Ready: Mathlib.Analysis.Calculus.FDeriv.CompCLM
Ready: Mathlib.Analysis.Calculus.FDeriv.Const
Ready: Mathlib.Analysis.Calculus.FDeriv.Equiv
Ready: Mathlib.Analysis.Calculus.FDeriv.Linear
Ready: Mathlib.Analysis.Calculus.FDeriv.Measurable
Ready: Mathlib.Analysis.Calculus.FDeriv.Mul
Ready: Mathlib.Analysis.Calculus.FDeriv.Symmetric
Ready: Mathlib.Analysis.Calculus.Gradient.Basic
Ready: Mathlib.Analysis.Calculus.LineDeriv.IntegrationByParts
Ready: Mathlib.Analysis.Calculus.MeanValue
Ready: Mathlib.Analysis.Calculus.ParametricIntegral
Ready: Mathlib.Analysis.Convex.SpecificFunctions.Basic
Ready: Mathlib.Analysis.Fourier.AddCircleMulti
Ready: Mathlib.Analysis.InnerProductSpace.Adjoint
Ready: Mathlib.Analysis.InnerProductSpace.Calculus
Ready: Mathlib.Analysis.InnerProductSpace.Dual
Ready: Mathlib.Analysis.InnerProductSpace.LaxMilgram
Ready: Mathlib.Analysis.InnerProductSpace.PiL2
Ready: Mathlib.Analysis.InnerProductSpace.Projection.Basic
Ready: Mathlib.Analysis.InnerProductSpace.Projection.FiniteDimensional
Ready: Mathlib.Analysis.Normed.Lp.MeasurableSpace
Ready: Mathlib.Analysis.Normed.Module.RCLike.Basic
Ready: Mathlib.Analysis.Normed.MulAction
Ready: Mathlib.Analysis.Normed.Operator.Bilinear
Ready: Mathlib.Analysis.Normed.Operator.Extend
Ready: Mathlib.Analysis.Normed.Operator.Mul
Ready: Mathlib.Analysis.Normed.Operator.Prod
Ready: Mathlib.Analysis.ODE.ExistUnique
Ready: Mathlib.Analysis.ODE.Gronwall
Ready: Mathlib.Analysis.SpecialFunctions.ExpDeriv
Ready: Mathlib.Analysis.SpecialFunctions.Gaussian.FourierTransform
Ready: Mathlib.Analysis.SpecialFunctions.Integrals.Basic
Ready: Mathlib.Analysis.SpecialFunctions.Pow.Real
Ready: Mathlib.Analysis.SpecialFunctions.Trigonometric.Bounds
Ready: Mathlib.Analysis.SpecialFunctions.Trigonometric.Deriv
Ready: Mathlib.Analysis.SpecificLimits.Basic
Ready: Mathlib.Data.Finset.Image
Ready: Mathlib.Data.Matrix.Basic
Ready: Mathlib.Data.Real.Basic
Ready: Mathlib.InformationTheory.KullbackLeibler.Basic
Ready: Mathlib.InformationTheory.KullbackLeibler.ChainRule
Ready: Mathlib.LinearAlgebra.Finsupp.LinearCombination
Ready: Mathlib.Logic.Encodable.Basic
Ready: Mathlib.Logic.Equiv.Fin.Basic
Ready: Mathlib.MeasureTheory.Constructions.BorelSpace.ContinuousLinearMap
Ready: Mathlib.MeasureTheory.Constructions.BorelSpace.Order
Ready: Mathlib.MeasureTheory.Constructions.Pi
Ready: Mathlib.MeasureTheory.Function.ConditionalExpectation.CondJensen
Ready: Mathlib.MeasureTheory.Function.ConditionalExpectation.RadonNikodym
Ready: Mathlib.MeasureTheory.Function.ContinuousMapDense
Ready: Mathlib.MeasureTheory.Function.L2Space
Ready: Mathlib.MeasureTheory.Function.LpSeminorm.Monotonicity
Ready: Mathlib.MeasureTheory.Function.LpSeminorm.TriangleInequality
Ready: Mathlib.MeasureTheory.Function.LpSpace.Indicator
Ready: Mathlib.MeasureTheory.Group.Integral
Ready: Mathlib.MeasureTheory.Integral.Bochner.Basic
Ready: Mathlib.MeasureTheory.Integral.Bochner.ContinuousLinearMap
Ready: Mathlib.MeasureTheory.Integral.DominatedConvergence
Ready: Mathlib.MeasureTheory.Integral.IntegralEqImproper
Ready: Mathlib.MeasureTheory.Integral.IntervalIntegral.Basic
Ready: Mathlib.MeasureTheory.Integral.IntervalIntegral.FundThmCalculus
Ready: Mathlib.MeasureTheory.Integral.IntervalIntegral.IntegrationByParts
Ready: Mathlib.MeasureTheory.Integral.Lebesgue.Add
Ready: Mathlib.MeasureTheory.Integral.Lebesgue.Map
Ready: Mathlib.MeasureTheory.Integral.PeakFunction
Ready: Mathlib.MeasureTheory.Integral.Pi
Ready: Mathlib.MeasureTheory.Integral.Prod
Ready: Mathlib.MeasureTheory.Measure.CharacteristicFunction.Basic
Ready: Mathlib.MeasureTheory.Measure.DiracProba
Ready: Mathlib.MeasureTheory.Measure.FiniteMeasureProd
Ready: Mathlib.MeasureTheory.Measure.HasOuterApproxClosed
Ready: Mathlib.MeasureTheory.Measure.LevyProkhorovMetric
Ready: Mathlib.MeasureTheory.Measure.LogLikelihoodRatio
Ready: Mathlib.MeasureTheory.Measure.Portmanteau
Ready: Mathlib.MeasureTheory.Measure.ProbabilityMeasure
Ready: Mathlib.MeasureTheory.Measure.Prod
Ready: Mathlib.MeasureTheory.SpecificCodomains.Pi
Ready: Mathlib.Order.Filter.Finite
Ready: Mathlib.Order.Interval.Finset.Fin
Ready: Mathlib.Probability.Distributions.Gaussian.HasGaussianLaw.Basic
Ready: Mathlib.Probability.Distributions.Gaussian.Real
Ready: Mathlib.Probability.Independence.Basic
Ready: Mathlib.Probability.Kernel.Basic
Ready: Mathlib.Probability.Kernel.CompProdEqIff
Ready: Mathlib.Probability.Kernel.Composition.IntegralCompProd
Ready: Mathlib.Probability.Kernel.Composition.Lemmas
Ready: Mathlib.Probability.Kernel.Composition.MeasureCompProd
Ready: Mathlib.Probability.Kernel.Composition.Prod
Ready: Mathlib.Probability.Kernel.Disintegration.StandardBorel
Ready: Mathlib.Probability.Kernel.WithDensity
Ready: Mathlib.Probability.Moments.SubGaussian
Ready: Mathlib.Probability.ProductMeasure
Ready: Mathlib.Tactic
Ready: Mathlib.Tactic.FieldSimp
Ready: Mathlib.Tactic.FunProp
Ready: Mathlib.Tactic.Linarith
Ready: Mathlib.Tactic.NormNum
Ready: Mathlib.Tactic.Positivity
Ready: Mathlib.Tactic.Ring
Ready: Mathlib.Topology.ContinuousMap.Bounded.Normed
Ready: Mathlib.Topology.ContinuousMap.Compact
Ready: Mathlib.Topology.ContinuousMap.SecondCountableSpace
Ready: Mathlib.Topology.MetricSpace.Basic
Ready: Mathlib.Topology.Order.LiminfLimsup
Ready: Mathlib.Topology.UniformSpace.LocallyUniformConvergence
Ready: Mathlib.Topology.UniformSpace.UniformApproximation
Compiling SharpWasserstein.RoughEulerianTimeActionProduct
Compiling SharpWasserstein.RoughEulerianTransportJointRegularity
Compiling SharpWasserstein.RoughEulerianTimeActionIdentification
Compiling SharpWasserstein.RoughEulerianTimeActionMoments
Compiling SharpWasserstein.RoughEulerianSpaceTimePairing
Compiling SharpWasserstein.RoughEulerianTimeActionCurve
Compiling SharpWasserstein.RoughEulerianTransportTimeEndpoint
Compiling SharpWasserstein.RoughEulerianSpaceTimeEquation
Compiling SharpWasserstein.RoughCommonLabelTimeEndpoint
Compiling SharpWasserstein.RoughEulerianTimeActionCurveEnergy
Compiling SharpWasserstein.RoughUniformActionData
Compiling SharpWasserstein.RoughEulerianRegularizedTransport
Compiling SharpWasserstein.RoughFiniteActionEndpoint
Compiling SharpWasserstein.RoughUniformRegularizedTransport
Compiling SharpWasserstein.RoughFiniteAction
Compiling SharpWasserstein.Main
Compiling SharpWasserstein
Replaying all modules sequentially with LeanChecker
Passed 512 modules. Full manuscript status remains tracked separately.
