'SharpWasserstein.PeriodicConvolution.fluxCommutator' depends on axioms: [propext, Classical.choice, Quot.sound]
'SharpWasserstein.PeriodicConvolution.coefficient_apply_integrable' depends on axioms: [propext,
 Classical.choice,
 Quot.sound]
'SharpWasserstein.PeriodicConvolution.coefficient_apply_normsq_integrable' depends on axioms: [propext,
 Classical.choice,
 Quot.sound]
'SharpWasserstein.PeriodicConvolution.fluxCommutator_eq_integral' depends on axioms: [propext,
 Classical.choice,
 Quot.sound]
'SharpWasserstein.PeriodicConvolution.fluxCommutator_continuous' depends on axioms: [propext,
 Classical.choice,
 Quot.sound]
'SharpWasserstein.PeriodicConvolution.fluxCommutator_action_integrable' depends on axioms: [propext,
 Classical.choice,
 Quot.sound]
'SharpWasserstein.PeriodicConvolution.fluxCommutator_action_le' depends on axioms: [propext,
 Classical.choice,
 Quot.sound]
'SharpWasserstein.PeriodicConvolution.coefficient_flux_difference_joint_integrable' depends on axioms: [propext,
 Classical.choice,
 Quot.sound]
'SharpWasserstein.PeriodicConvolution.integrated_coefficient_flux_difference_tendsto' depends on axioms: [propext,
 Classical.choice,
 Quot.sound]
'SharpWasserstein.PeriodicConvolution.fluxCommutator_action_tendsto' depends on axioms: [propext,
 Classical.choice,
 Quot.sound]
