'SharpWasserstein.RankOneTransport.toEuclidean_ofEuclidean' depends on axioms: [propext, Classical.choice, Quot.sound]
'SharpWasserstein.RankOneTransport.mode' depends on axioms: [propext, Classical.choice, Quot.sound]
'SharpWasserstein.RankOneTransport.continuous_mode' depends on axioms: [propext, Classical.choice, Quot.sound]
'SharpWasserstein.RankOneTransport.mode_sub' depends on axioms: [propext, Classical.choice, Quot.sound]
'SharpWasserstein.RankOneTransport.scaleLabel' depends on axioms: [propext, Classical.choice, Quot.sound]
'SharpWasserstein.RankOneTransport.stretchLabel' depends on axioms: [propext, Classical.choice, Quot.sound]
'SharpWasserstein.RankOneTransport.measurable_scaleLabel' depends on axioms: [propext, Classical.choice, Quot.sound]
'SharpWasserstein.RankOneTransport.measurable_stretchLabel' depends on axioms: [propext, Classical.choice, Quot.sound]
'SharpWasserstein.RankOneTransport.mode_scaleLabel' depends on axioms: [propext, Classical.choice, Quot.sound]
'SharpWasserstein.RankOneTransport.mode_stretchLabel' depends on axioms: [propext, Classical.choice, Quot.sound]
'SharpWasserstein.RankOneTransport.mode_eLpNorm_scaleLaw' depends on axioms: [propext, Classical.choice, Quot.sound]
'SharpWasserstein.RankOneTransport.mode_eLpNorm_stretchLaw' depends on axioms: [propext, Classical.choice, Quot.sound]
'SharpWasserstein.RankOneTransport.coupling_root_cost_lower' depends on axioms: [propext, Classical.choice, Quot.sound]
'SharpWasserstein.RankOneTransport.stretch_scale_displacement' depends on axioms: [propext,
 Classical.choice,
 Quot.sound]
'SharpWasserstein.RankOneTransport.stretch_scale_commonLabel_cost' depends on axioms: [propext,
 Classical.choice,
 Quot.sound]
'SharpWasserstein.RankOneTransport.wassersteinSq_root_stretch_scale' depends on axioms: [propext,
 Classical.choice,
 Quot.sound]
'SharpWasserstein.RankOneTransport.wassersteinSq_stretch_scale' depends on axioms: [propext,
 Classical.choice,
 Quot.sound]
'SharpWasserstein.GaussianSharpness.standardLabels' depends on axioms: [propext, Classical.choice, Quot.sound]
'SharpWasserstein.GaussianSharpness.standardLabels_probability' depends on axioms: [propext,
 Classical.choice,
 Quot.sound]
'SharpWasserstein.GaussianSharpness.standardVector' depends on axioms: [propext, Classical.choice, Quot.sound]
'SharpWasserstein.GaussianSharpness.standardVector_stronglyMeasurable' depends on axioms: [propext,
 Classical.choice,
 Quot.sound]
'SharpWasserstein.GaussianSharpness.commonDirection' depends on axioms: [propext, Classical.choice, Quot.sound]
'SharpWasserstein.GaussianSharpness.commonDirection_norm' depends on axioms: [propext, Classical.choice, Quot.sound]
'SharpWasserstein.GaussianSharpness.commonMode_formula' depends on axioms: [propext, Classical.choice, Quot.sound]
'SharpWasserstein.GaussianSharpness.coordinate_memLp' depends on axioms: [propext, Classical.choice, Quot.sound]
'SharpWasserstein.GaussianSharpness.sum_memLp' depends on axioms: [propext, Classical.choice, Quot.sound]
'SharpWasserstein.GaussianSharpness.integral_sum' depends on axioms: [propext, Classical.choice, Quot.sound]
'SharpWasserstein.GaussianSharpness.variance_sum' depends on axioms: [propext, Classical.choice, Quot.sound]
'SharpWasserstein.GaussianSharpness.integral_sum_sq' depends on axioms: [propext, Classical.choice, Quot.sound]
'SharpWasserstein.GaussianSharpness.commonMode_eLpNorm' depends on axioms: [propext, Classical.choice, Quot.sound]
'SharpWasserstein.GaussianSharpness.weightedSum_memLp' depends on axioms: [propext, Classical.choice, Quot.sound]
'SharpWasserstein.GaussianSharpness.integral_weightedSum' depends on axioms: [propext, Classical.choice, Quot.sound]
'SharpWasserstein.GaussianSharpness.variance_weightedSum' depends on axioms: [propext, Classical.choice, Quot.sound]
'SharpWasserstein.GaussianSharpness.dual_eq_weightedSum' depends on axioms: [propext, Classical.choice, Quot.sound]
'SharpWasserstein.GaussianSharpness.integral_dual' depends on axioms: [propext, Classical.choice, Quot.sound]
'SharpWasserstein.GaussianSharpness.variance_dual' depends on axioms: [propext, Classical.choice, Quot.sound]
'SharpWasserstein.GaussianSharpness.charFunDual_standardLabels' depends on axioms: [propext,
 Classical.choice,
 Quot.sound]
'SharpWasserstein.GaussianSharpness.standardLabels_isGaussian' depends on axioms: [propext,
 Classical.choice,
 Quot.sound]
'SharpWasserstein.GaussianSharpness.independentLaw' depends on axioms: [propext, Classical.choice, Quot.sound]
'SharpWasserstein.GaussianSharpness.correlatedLaw' depends on axioms: [propext, Classical.choice, Quot.sound]
'SharpWasserstein.GaussianSharpness.oneParticleGaussian' depends on axioms: [propext, Classical.choice, Quot.sound]
'SharpWasserstein.GaussianSharpness.independentLaw_tensor' depends on axioms: [propext, Classical.choice, Quot.sound]
'SharpWasserstein.GaussianSharpness.independentLaw_probability' depends on axioms: [propext,
 Classical.choice,
 Quot.sound]
'SharpWasserstein.GaussianSharpness.correlatedLaw_probability' depends on axioms: [propext,
 Classical.choice,
 Quot.sound]
'SharpWasserstein.GaussianSharpness.gaussian_rankOne_transport' depends on axioms: [propext,
 Classical.choice,
 Quot.sound]
'SharpWasserstein.GaussianSharpness.gaussian_rankOne_transport_rationalized' depends on axioms: [propext,
 Classical.choice,
 Quot.sound]
'SharpWasserstein.GaussianSharpness.gaussian_initial_bound' depends on axioms: [propext, Classical.choice, Quot.sound]
'SharpWasserstein.GaussianSharpness.gaussian_fixed_time_lower' depends on axioms: [propext,
 Classical.choice,
 Quot.sound]
'SharpWasserstein.GaussianSharpness.matrixMap' depends on axioms: [propext, Classical.choice, Quot.sound]
'SharpWasserstein.GaussianSharpness.matrixMap_apply' depends on axioms: [propext, Classical.choice, Quot.sound]
'SharpWasserstein.GaussianSharpness.matrixLaw' depends on axioms: [propext, Classical.choice, Quot.sound]
'SharpWasserstein.GaussianSharpness.matrixLaw_probability' depends on axioms: [propext, Classical.choice, Quot.sound]
'SharpWasserstein.GaussianSharpness.matrixLaw_isGaussian' depends on axioms: [propext, Classical.choice, Quot.sound]
'SharpWasserstein.GaussianSharpness.matrix_quadraticForm' depends on axioms: [propext, Classical.choice, Quot.sound]
'SharpWasserstein.GaussianSharpness.matrixLaw_eq_of_covariance' depends on axioms: [propext,
 Classical.choice,
 Quot.sound]
'SharpWasserstein.GaussianSharpness.scalarPositions' depends on axioms: [propext, Classical.choice, Quot.sound]
'SharpWasserstein.GaussianSharpness.scalarPositions_apply' depends on axioms: [propext, Classical.choice, Quot.sound]
'SharpWasserstein.GaussianSharpness.stretchMatrix' depends on axioms: [propext, Classical.choice, Quot.sound]
'SharpWasserstein.GaussianSharpness.diagonal_constant_gram' depends on axioms: [propext, Classical.choice, Quot.sound]
'SharpWasserstein.GaussianSharpness.stretchMatrix_gram' depends on axioms: [propext, Classical.choice, Quot.sound]
'SharpWasserstein.GaussianSharpness.commonNoiseMatrix' depends on axioms: [propext, Classical.choice, Quot.sound]
'SharpWasserstein.GaussianSharpness.commonNoiseMatrix_gram' depends on axioms: [propext, Classical.choice, Quot.sound]
'SharpWasserstein.GaussianSharpness.commonNoiseLaw' depends on axioms: [propext, Classical.choice, Quot.sound]
'SharpWasserstein.GaussianSharpness.commonNoiseLaw_isGaussian' depends on axioms: [propext,
 Classical.choice,
 Quot.sound]
'SharpWasserstein.GaussianSharpness.stretchLabel_eq_matrix' depends on axioms: [propext, Classical.choice, Quot.sound]
'SharpWasserstein.GaussianSharpness.correlatedLaw_eq_matrixLaw' depends on axioms: [propext,
 Classical.choice,
 Quot.sound]
'SharpWasserstein.GaussianSharpness.commonNoiseLaw_eq_correlated' depends on axioms: [propext,
 Classical.choice,
 Quot.sound]
'SharpWasserstein.GaussianSharpness.commonNoiseMatrix_apply' depends on axioms: [propext, Classical.choice, Quot.sound]
'SharpWasserstein.GaussianSharpness.commonNoiseLaw_explicit' depends on axioms: [propext, Classical.choice, Quot.sound]
'SharpWasserstein.GaussianSharpness.correlatedLaw_isGaussian' depends on axioms: [propext, Classical.choice, Quot.sound]
'SharpWasserstein.GaussianSharpness.marginal_matrixLaw' depends on axioms: [propext, Classical.choice, Quot.sound]
'SharpWasserstein.GaussianSharpness.marginal_commonNoiseLaw' depends on axioms: [propext, Classical.choice, Quot.sound]
'SharpWasserstein.GaussianSharpness.commonNoiseLaw_exchangeable' depends on axioms: [propext,
 Classical.choice,
 Quot.sound]
'SharpWasserstein.GaussianSharpness.particleGaussianLaw' depends on axioms: [propext, Classical.choice, Quot.sound]
'SharpWasserstein.GaussianSharpness.particleGaussianLaw_marginal' depends on axioms: [propext,
 Classical.choice,
 Quot.sound]
'SharpWasserstein.GaussianSharpness.particleGaussianLaw_transport_exact' depends on axioms: [propext,
 Classical.choice,
 Quot.sound]
'SharpWasserstein.GaussianSharpness.particleGaussianLaw_initial_allLevels' depends on axioms: [propext,
 Classical.choice,
 Quot.sound]
'SharpWasserstein.GaussianSharpness.particleGaussianLaw_fixed_time_lower' depends on axioms: [propext,
 Classical.choice,
 Quot.sound]
'SharpWasserstein.GaussianSharpness.isGaussian_hasSecondMoment' depends on axioms: [propext,
 Classical.choice,
 Quot.sound]
'SharpWasserstein.GaussianSharpness.commonNoiseLaw_secondMoment' depends on axioms: [propext,
 Classical.choice,
 Quot.sound]
'SharpWasserstein.GaussianSharpness.particleGaussianLaw_probability' depends on axioms: [propext,
 Classical.choice,
 Quot.sound]
'SharpWasserstein.GaussianSharpness.particleGaussianLaw_secondMoment' depends on axioms: [propext,
 Classical.choice,
 Quot.sound]
'SharpWasserstein.GaussianSharpness.charFunDual_matrixLaw' depends on axioms: [propext, Classical.choice, Quot.sound]
'SharpWasserstein.GaussianSharpness.matrixLaw_conv_eq' depends on axioms: [propext, Classical.choice, Quot.sound]
'SharpWasserstein.GaussianSharpness.diagonalMatrix' depends on axioms: [propext, Classical.choice, Quot.sound]
'SharpWasserstein.GaussianSharpness.diagonalMatrix_gram' depends on axioms: [propext, Classical.choice, Quot.sound]
'SharpWasserstein.GaussianSharpness.independentLaw_eq_diagonalMatrix' depends on axioms: [propext,
 Classical.choice,
 Quot.sound]
'SharpWasserstein.GaussianSharpness.commonNoiseLaw_heat_convolution' depends on axioms: [propext,
 Classical.choice,
 Quot.sound]
'SharpWasserstein.GaussianSharpness.particleGaussianLaw_heat_convolution' depends on axioms: [propext,
 Classical.choice,
 Quot.sound]
'SharpWasserstein.GaussianSharpness.gaussian_initialHierarchy' depends on axioms: [propext,
 Classical.choice,
 Quot.sound]
'SharpWasserstein.GaussianSharpness.covariance_weightedSum' depends on axioms: [propext, Classical.choice, Quot.sound]
'SharpWasserstein.GaussianSharpness.matrixLaw_mean' depends on axioms: [propext, Classical.choice, Quot.sound]
'SharpWasserstein.GaussianSharpness.matrixLaw_covariance' depends on axioms: [propext, Classical.choice, Quot.sound]
'SharpWasserstein.GaussianSharpness.commonNoiseLaw_mean' depends on axioms: [propext, Classical.choice, Quot.sound]
'SharpWasserstein.GaussianSharpness.commonNoiseLaw_covariance' depends on axioms: [propext,
 Classical.choice,
 Quot.sound]
'SharpWasserstein.GaussianSharpness.particleGaussianLaw_marginal_covariance' depends on axioms: [propext,
 Classical.choice,
 Quot.sound]
'SharpWasserstein.GaussianSharpness.commonNoiseLaw_coordinate_memLp' depends on axioms: [propext,
 Classical.choice,
 Quot.sound]
'SharpWasserstein.GaussianSharpness.commonNoiseLaw_coordinate_sq_integral' depends on axioms: [propext,
 Classical.choice,
 Quot.sound]
'SharpWasserstein.GaussianSharpness.commonNoiseLaw_momentIntegral' depends on axioms: [propext,
 Classical.choice,
 Quot.sound]
'SharpWasserstein.GaussianSharpness.commonNoiseLaw_secondMoment_value' depends on axioms: [propext,
 Classical.choice,
 Quot.sound]
'SharpWasserstein.GaussianSharpness.particleGaussianLaw_uniform_momentBound' depends on axioms: [propext,
 Classical.choice,
 Quot.sound]
'SharpWasserstein.GaussianSharpness.gaussian_integrable_iff_density' depends on axioms: [propext,
 Classical.choice,
 Quot.sound]
'SharpWasserstein.GaussianSharpness.gaussianPDF_standard_hasDerivAt' depends on axioms: [propext,
 Classical.choice,
 Quot.sound]
'SharpWasserstein.GaussianSharpness.standardGaussian_stein' depends on axioms: [propext, Classical.choice, Quot.sound]
'SharpWasserstein.GaussianSharpness.standardLabels_stein' depends on axioms: [propext, Classical.choice, Quot.sound]
'SharpWasserstein.GaussianSharpness.insertNth_affine' depends on axioms: [propext, Classical.choice, Quot.sound]
'SharpWasserstein.GaussianSharpness.insertNth_hasDerivAt' depends on axioms: [propext, Classical.choice, Quot.sound]
'SharpWasserstein.GaussianSharpness.scaledGaussianLabel' depends on axioms: [propext, Classical.choice, Quot.sound]
'SharpWasserstein.GaussianSharpness.scaledGaussianLabel_continuous' depends on axioms: [propext,
 Classical.choice,
 Quot.sound]
'SharpWasserstein.GaussianSharpness.scaledGaussianLabel_joint_continuous' depends on axioms: [propext,
 Classical.choice,
 Quot.sound]
'SharpWasserstein.GaussianSharpness.scaledGaussianLabel_hasDerivAt' depends on axioms: [propext,
 Classical.choice,
 Quot.sound]
'SharpWasserstein.GaussianSharpness.scaledGaussianLabel_insert_hasDerivAt' depends on axioms: [propext,
 Classical.choice,
 Quot.sound]
'SharpWasserstein.GaussianSharpness.compact_coordinateDerivative' depends on axioms: [propext,
 Classical.choice,
 Quot.sound]
'SharpWasserstein.GaussianSharpness.compact_laplacian' depends on axioms: [propext, Classical.choice, Quot.sound]
'SharpWasserstein.GaussianSharpness.compact_test_bound' depends on axioms: [propext, Classical.choice, Quot.sound]
'SharpWasserstein.GaussianSharpness.gaussianVelocity_decomposition' depends on axioms: [propext,
 Classical.choice,
 Quot.sound]
'SharpWasserstein.GaussianSharpness.scaledGaussian_test_hasDerivAt' depends on axioms: [propext,
 Classical.choice,
 Quot.sound]
'SharpWasserstein.GaussianSharpness.scaledGaussian_coordinate_test_hasDerivAt' depends on axioms: [propext,
 Classical.choice,
 Quot.sound]
'SharpWasserstein.GaussianSharpness.scaledGaussian_coordinate_stein' depends on axioms: [propext,
 Classical.choice,
 Quot.sound]
'SharpWasserstein.GaussianSharpness.scaledGaussianExpectation' depends on axioms: [propext,
 Classical.choice,
 Quot.sound]
'SharpWasserstein.GaussianSharpness.scaledGaussianExpectation_hasDerivAt' depends on axioms: [propext,
 Classical.choice,
 Quot.sound]
'SharpWasserstein.GaussianSharpness.scaledGaussianExpectation_continuous' depends on axioms: [propext,
 Classical.choice,
 Quot.sound]
'SharpWasserstein.GaussianSharpness.integral_commonNoiseLaw' depends on axioms: [propext, Classical.choice, Quot.sound]
'SharpWasserstein.GaussianSharpness.commonNoiseLaw_expectation_continuous' depends on axioms: [propext,
 Classical.choice,
 Quot.sound]
'SharpWasserstein.GaussianSharpness.commonNoiseLaw_expectation_hasDerivAt' depends on axioms: [propext,
 Classical.choice,
 Quot.sound]
'SharpWasserstein.GaussianSharpness.generator_zero' depends on axioms: [propext, Classical.choice, Quot.sound]
'SharpWasserstein.GaussianSharpness.commonNoiseLaw_weakEvolution' depends on axioms: [propext,
 Classical.choice,
 Quot.sound]
'SharpWasserstein.GaussianSharpness.particleGaussianLaw_isParticleEvolution' depends on axioms: [propext,
 Classical.choice,
 Quot.sound]
'SharpWasserstein.GaussianSharpness.oneParticleGaussian_probability' depends on axioms: [propext,
 Classical.choice,
 Quot.sound]
'SharpWasserstein.GaussianSharpness.singleton_oneParticleGaussian_eq_commonNoiseLaw' depends on axioms: [propext,
 Classical.choice,
 Quot.sound]
'SharpWasserstein.GaussianSharpness.oneParticleGaussian_isLimitEvolution' depends on axioms: [propext,
 Classical.choice,
 Quot.sound]
'SharpWasserstein.GaussianSharpness.zeroKernel_boundedSmooth' depends on axioms: [propext, Classical.choice, Quot.sound]
'SharpWasserstein.GaussianSharpness.zeroKernel_bounds' depends on axioms: [propext, Classical.choice, Quot.sound]
'SharpWasserstein.GaussianSharpness.gaussian_sharpness_hypotheses' depends on axioms: [propext,
 Classical.choice,
 Quot.sound]
'SharpWasserstein.GaussianSharpness.gaussian_sharpness_fixed_time' depends on axioms: [propext,
 Classical.choice,
 Quot.sound]
