'SharpWasserstein.PeriodicMarginalLift.prefixCoords_measurePreserving' depends on axioms: [propext,
 Classical.choice,
 Quot.sound]
'SharpWasserstein.PeriodicMarginalLift.coordinate_measurePreserving' depends on axioms: [propext,
 Classical.choice,
 Quot.sound]
'SharpWasserstein.PeriodicMarginalLift.coordinateSymm_measurePreserving' depends on axioms: [propext,
 Classical.choice,
 Quot.sound]
'SharpWasserstein.PeriodicMarginalLift.prefix_measurePreserving' depends on axioms: [propext,
 Classical.choice,
 Quot.sound]
'SharpWasserstein.PeriodicMarginalLift.cubePoint_prefix_map' depends on axioms: [propext, Classical.choice, Quot.sound]
'SharpWasserstein.PeriodicMarginalLift.liftLinear' depends on axioms: [propext, Classical.choice, Quot.sound]
'SharpWasserstein.PeriodicMarginalLift.liftLinear_ae' depends on axioms: [propext, Classical.choice, Quot.sound]
'SharpWasserstein.PeriodicMarginalLift.liftLinear_norm' depends on axioms: [propext, Classical.choice, Quot.sound]
'SharpWasserstein.PeriodicMarginalLift.lift' depends on axioms: [propext, Classical.choice, Quot.sound]
'SharpWasserstein.PeriodicMarginalLift.lift_gradientClosure_mem' depends on axioms: [propext,
 Classical.choice,
 Quot.sound]
'SharpWasserstein.PeriodicMarginalLift.gradientLiftLinear' depends on axioms: [propext, Classical.choice, Quot.sound]
'SharpWasserstein.PeriodicMarginalLift.gradientLift' depends on axioms: [propext, Classical.choice, Quot.sound]
'SharpWasserstein.PeriodicMarginalLift.prefixLinear' depends on axioms: [propext, Classical.choice, Quot.sound]
'SharpWasserstein.PeriodicMarginalLift.prefix_smooth' depends on axioms: [propext, Classical.choice, Quot.sound]
'SharpWasserstein.PeriodicMarginalLift.prefix_periodic' depends on axioms: [propext, Classical.choice, Quot.sound]
'SharpWasserstein.PeriodicMarginalLift.gradientLift_gradientVector' depends on axioms: [propext,
 Classical.choice,
 Quot.sound]
'SharpWasserstein.PeriodicMarginalLift.gradientLift_periodic_mem' depends on axioms: [propext,
 Classical.choice,
 Quot.sound]
'SharpWasserstein.PeriodicMarginalLift.periodicLift' depends on axioms: [propext, Classical.choice, Quot.sound]
'SharpWasserstein.PeriodicMarginalEnergy.integral_densityBCF' depends on axioms: [propext, Classical.choice, Quot.sound]
'SharpWasserstein.PeriodicMarginalEnergy.densityPairing_lift' depends on axioms: [propext, Classical.choice, Quot.sound]
'SharpWasserstein.PeriodicMarginalEnergy.marginalFunctional' depends on axioms: [propext, Classical.choice, Quot.sound]
'SharpWasserstein.PeriodicMarginalEnergy.densityBCF_positive_lower' depends on axioms: [propext,
 Classical.choice,
 Quot.sound]
'SharpWasserstein.PeriodicMarginalEnergy.optimizer_residual_orthogonal' depends on axioms: [propext,
 Classical.choice,
 Quot.sound]
'SharpWasserstein.PeriodicMarginalEnergy.optimizer_energy_increment' depends on axioms: [propext,
 Classical.choice,
 Quot.sound]
'SharpWasserstein.PeriodicMarginalEnergy.optimizer_energy_increment_integral' depends on axioms: [propext,
 Classical.choice,
 Quot.sound]
'SharpWasserstein.ExternalInteraction.gradientConstant' depends on axioms: [propext, Classical.choice, Quot.sound]
'SharpWasserstein.ExternalInteraction.gradientConstant_nonneg' depends on axioms: [propext,
 Classical.choice,
 Quot.sound]
'SharpWasserstein.ExternalInteraction.interaction_gradient_memLp' depends on axioms: [propext,
 Classical.choice,
 Quot.sound]
'SharpWasserstein.ExternalInteraction.integral_interaction_gradient_sq_le' depends on axioms: [propext,
 Classical.choice,
 Quot.sound]
'SharpWasserstein.ExternalInteraction.integral_pairing_abs_le' depends on axioms: [propext,
 Classical.choice,
 Quot.sound]
'SharpWasserstein.ExternalInteraction.integral_pairing_sq_le' depends on axioms: [propext, Classical.choice, Quot.sound]
'SharpWasserstein.ExternalInteraction.liftedGradient' depends on axioms: [propext, Classical.choice, Quot.sound]
'SharpWasserstein.ExternalInteraction.fluctuation' depends on axioms: [propext, Classical.choice, Quot.sound]
'SharpWasserstein.ExternalInteraction.fluctuation_memLp' depends on axioms: [propext, Classical.choice, Quot.sound]
'SharpWasserstein.ExternalInteraction.fluctuation_pairing_sq_le' depends on axioms: [propext,
 Classical.choice,
 Quot.sound]
'SharpWasserstein.ExternalInteraction.young_of_sq_le' depends on axioms: [propext, Classical.choice, Quot.sound]
'SharpWasserstein.ExternalInteraction.fluctuation_pairing_young' depends on axioms: [propext,
 Classical.choice,
 Quot.sound]
'SharpWasserstein.ExternalInteraction.diagonalEnergy_abs_le' depends on axioms: [propext, Classical.choice, Quot.sound]
'SharpWasserstein.ExternalInteraction.diagonalEnergy_integrable' depends on axioms: [propext,
 Classical.choice,
 Quot.sound]
'SharpWasserstein.ExternalInteraction.integral_diagonalEnergy_le' depends on axioms: [propext,
 Classical.choice,
 Quot.sound]
'SharpWasserstein.ExternalInteraction.lifted_energy_transport_integrable' depends on axioms: [propext,
 Classical.choice,
 Quot.sound]
'SharpWasserstein.ExternalInteraction.integral_external_decomposition' depends on axioms: [propext,
 Classical.choice,
 Quot.sound]
'SharpWasserstein.ExternalInteraction.integral_external_le' depends on axioms: [propext, Classical.choice, Quot.sound]
