'SharpWasserstein.PeriodicDriftGradientBound.coordinatePartial_sum' depends on axioms: [propext,
 Classical.choice,
 Quot.sound]
'SharpWasserstein.PeriodicDriftGradientBound.coordinatePartial_drift' depends on axioms: [propext,
 Classical.choice,
 Quot.sound]
'SharpWasserstein.PeriodicDriftGradientBound.gradientSquare_drift_le' depends on axioms: [propext,
 Classical.choice,
 Quot.sound]
'SharpWasserstein.PeriodicDriftGradientBound.gradientVector_norm_sq' depends on axioms: [propext,
 Classical.choice,
 Quot.sound]
'SharpWasserstein.PeriodicDriftGradientBound.gradientVector_drift_norm_sq_le' depends on axioms: [propext,
 Classical.choice,
 Quot.sound]
'SharpWasserstein.PeriodicDriftGradientBound.potential_drift_gradient_uniform_bound' depends on axioms: [propext,
 Classical.choice,
 Quot.sound]
'SharpWasserstein.PeriodicDriftResidual.periodic_drift' depends on axioms: [propext, Classical.choice, Quot.sound]
'SharpWasserstein.PeriodicDriftResidual.weightedOperator_gradientVector_inner' depends on axioms: [propext,
 Classical.choice,
 Quot.sound]
'SharpWasserstein.PeriodicDriftResidual.residual' depends on axioms: [propext, Classical.choice, Quot.sound]
'SharpWasserstein.PeriodicDriftResidual.residual_tendsto_zero' depends on axioms: [propext,
 Classical.choice,
 Quot.sound]
'SharpWasserstein.PeriodicDriftResidual.finite_drift_pairing_integral' depends on axioms: [propext,
 Classical.choice,
 Quot.sound]
'SharpWasserstein.PeriodicDriftResidual.finite_drift_pairing' depends on axioms: [propext, Classical.choice, Quot.sound]
'SharpWasserstein.PeriodicJacobianLimit.matrix_memLp' depends on axioms: [propext, Classical.choice, Quot.sound]
'SharpWasserstein.PeriodicJacobianLimit.matrixMultiply' depends on axioms: [propext, Classical.choice, Quot.sound]
'SharpWasserstein.PeriodicJacobianLimit.matrixMultiply_ae' depends on axioms: [propext, Classical.choice, Quot.sound]
'SharpWasserstein.PeriodicJacobianLimit.matrixLinear' depends on axioms: [propext, Classical.choice, Quot.sound]
'SharpWasserstein.PeriodicJacobianLimit.matrixMultiply_norm_le' depends on axioms: [propext,
 Classical.choice,
 Quot.sound]
'SharpWasserstein.PeriodicJacobianLimit.matrixOperator' depends on axioms: [propext, Classical.choice, Quot.sound]
'SharpWasserstein.PeriodicJacobianLimit.matrixOperator_ae' depends on axioms: [propext, Classical.choice, Quot.sound]
'SharpWasserstein.PeriodicJacobianLimit.inner_matrixOperator' depends on axioms: [propext, Classical.choice, Quot.sound]
'SharpWasserstein.PeriodicJacobianLimit.integral_quadratic_tendsto' depends on axioms: [propext,
 Classical.choice,
 Quot.sound]
'SharpWasserstein.PeriodicJacobianLimit.integrable_matrix_inner' depends on axioms: [propext,
 Classical.choice,
 Quot.sound]
'SharpWasserstein.PeriodicJacobianLimit.fderiv_vectorPullback' depends on axioms: [propext,
 Classical.choice,
 Quot.sound]
'SharpWasserstein.PeriodicJacobianLimit.exists_jacobian_bound' depends on axioms: [propext,
 Classical.choice,
 Quot.sound]
'SharpWasserstein.PeriodicJacobianLimit.jacobianField' depends on axioms: [propext, Classical.choice, Quot.sound]
'SharpWasserstein.PeriodicJacobianLimit.jacobianField_apply' depends on axioms: [propext, Classical.choice, Quot.sound]
'SharpWasserstein.PeriodicJacobianLimit.jacobianCoefficient' depends on axioms: [propext, Classical.choice, Quot.sound]
'SharpWasserstein.PeriodicJacobianLimit.jacobianCoefficient_apply' depends on axioms: [propext,
 Classical.choice,
 Quot.sound]
'SharpWasserstein.PeriodicJacobianLimit.inner_jacobianCoefficient' depends on axioms: [propext,
 Classical.choice,
 Quot.sound]
'SharpWasserstein.PeriodicJacobianLimit.integrable_jacobian_inner' depends on axioms: [propext,
 Classical.choice,
 Quot.sound]
'SharpWasserstein.PeriodicJacobianLimit.inner_jacobian_gradientVector' depends on axioms: [propext,
 Classical.choice,
 Quot.sound]
'SharpWasserstein.PeriodicJacobianLimit.inner_jacobian_vector' depends on axioms: [propext,
 Classical.choice,
 Quot.sound]
'SharpWasserstein.PeriodicJacobianLimit.potential_jacobianForm_tendsto' depends on axioms: [propext,
 Classical.choice,
 Quot.sound]
'SharpWasserstein.PeriodicJacobianLimit.potential_jacobianForm_cube_tendsto' depends on axioms: [propext,
 Classical.choice,
 Quot.sound]
'SharpWasserstein.PeriodicJacobianLimit.jacobian_integral_le' depends on axioms: [propext, Classical.choice, Quot.sound]
'SharpWasserstein.PeriodicJacobianLimit.optimizer_jacobian_integral_le' depends on axioms: [propext,
 Classical.choice,
 Quot.sound]
'SharpWasserstein.PeriodicCoefficientBounds.vector_periodic' depends on axioms: [propext, Classical.choice, Quot.sound]
'SharpWasserstein.PeriodicCoefficientBounds.exists_coordinate_bound' depends on axioms: [propext,
 Classical.choice,
 Quot.sound]
'SharpWasserstein.PeriodicCoefficientBounds.coordinateDerivativeField' depends on axioms: [propext,
 Classical.choice,
 Quot.sound]
'SharpWasserstein.PeriodicCoefficientBounds.continuous_coordinateDerivativeField' depends on axioms: [propext,
 Classical.choice,
 Quot.sound]
'SharpWasserstein.PeriodicCoefficientBounds.periodic_coordinateDerivativeField' depends on axioms: [propext,
 Classical.choice,
 Quot.sound]
'SharpWasserstein.PeriodicCoefficientBounds.exists_first_partial_bound' depends on axioms: [propext,
 Classical.choice,
 Quot.sound]
'SharpWasserstein.PeriodicCoefficientBounds.exists_drift_bounds' depends on axioms: [propext,
 Classical.choice,
 Quot.sound]
'SharpWasserstein.PeriodicCoefficientBounds.periodic_laplacian' depends on axioms: [propext,
 Classical.choice,
 Quot.sound]
'SharpWasserstein.PeriodicCoefficientBounds.continuous_laplacian' depends on axioms: [propext,
 Classical.choice,
 Quot.sound]
'SharpWasserstein.PeriodicCoefficientBounds.exists_laplacian_norm_bound' depends on axioms: [propext,
 Classical.choice,
 Quot.sound]
'SharpWasserstein.PeriodicCoefficientBounds.exists_laplacian_upper_bound' depends on axioms: [propext,
 Classical.choice,
 Quot.sound]
'SharpWasserstein.PeriodicCoefficientBounds.residual_tendsto_zero_of_smooth' depends on axioms: [propext,
 Classical.choice,
 Quot.sound]
'SharpWasserstein.PeriodicParabolicEnergy.finiteDerivativePairing_eq' depends on axioms: [propext,
 Classical.choice,
 Quot.sound]
'SharpWasserstein.PeriodicParabolicEnergy.derivativePairing_le_jacobian' depends on axioms: [propext,
 Classical.choice,
 Quot.sound]
'SharpWasserstein.PeriodicParabolicEnergy.derivativePairing_le' depends on axioms: [propext,
 Classical.choice,
 Quot.sound]
'SharpWasserstein.PeriodicParabolicEnergy.deriv_energy_le' depends on axioms: [propext, Classical.choice, Quot.sound]
'SharpWasserstein.FlowInitialDerivative.LinearVariation' depends on axioms: [propext, Classical.choice, Quot.sound]
'SharpWasserstein.FlowInitialDerivative.exists_linearVariation_short' depends on axioms: [propext,
 Classical.choice,
 Quot.sound]
'SharpWasserstein.FlowInitialDerivative.LinearVariation.derivative_right' depends on axioms: [propext,
 Classical.choice,
 Quot.sound]
'SharpWasserstein.FlowInitialDerivative.LinearVariation.norm_le_exp' depends on axioms: [propext,
 Classical.choice,
 Quot.sound]
'SharpWasserstein.FlowInitialDerivative.taylor_error_le_lipschitz_fderiv' depends on axioms: [propext,
 Classical.choice,
 Quot.sound]
'SharpWasserstein.FlowInitialDerivative.trajectory_linearization_error' depends on axioms: [propext,
 Classical.choice,
 Quot.sound]
'SharpWasserstein.FlowInitialDerivative.hasFDerivAt_of_quadratic_error' depends on axioms: [propext,
 Classical.choice,
 Quot.sound]
'SharpWasserstein.FlowInitialDerivative.autonomousFlow' depends on axioms: [propext, Classical.choice, Quot.sound]
'SharpWasserstein.FlowInitialDerivative.exists_flow_jacobian_short' depends on axioms: [propext,
 Classical.choice,
 Quot.sound]
'SharpWasserstein.FlowInitialDerivative.flow_fderiv_norm_le_exp_short' depends on axioms: [propext,
 Classical.choice,
 Quot.sound]
'SharpWasserstein.FlowInitialDerivative.autonomousFlow_endpoint_differentiable_multiple' depends on axioms: [propext,
 Classical.choice,
 Quot.sound]
'SharpWasserstein.FlowInitialDerivative.autonomousFlow_endpoint_differentiable' depends on axioms: [propext,
 Classical.choice,
 Quot.sound]
'SharpWasserstein.FlowInitialDerivative.autonomousFlow_hasFDerivAt_and_norm' depends on axioms: [propext,
 Classical.choice,
 Quot.sound]
'SharpWasserstein.FlowInitialDerivative.autonomousFlow_hasFDerivAt_and_norm_of_boundedSmooth' depends on axioms: [propext,
 Classical.choice,
 Quot.sound]
'SharpWasserstein.FlowInitialDerivative.boundedFlow_hasFDerivAt_and_norm_of_boundedSmooth' depends on axioms: [propext,
 Classical.choice,
 Quot.sound]
'SharpWasserstein.WeakEvolution.bounded_generatorExpectation_uniformContinuousOn' depends on axioms: [propext,
 Classical.choice,
 Quot.sound]
'SharpWasserstein.WeakEvolution.bounded_generatorExpectation_continuousOn' depends on axioms: [propext,
 Classical.choice,
 Quot.sound]
'SharpWasserstein.WeakEvolution.hasDerivWithinAt_bounded_configuration' depends on axioms: [propext,
 Classical.choice,
 Quot.sound]
'SharpWasserstein.PeriodicConvolution.flattenCLM' depends on axioms: [propext, Classical.choice, Quot.sound]
'SharpWasserstein.PeriodicConvolution.flattenCLM_apply' depends on axioms: [propext, Classical.choice, Quot.sound]
'SharpWasserstein.PeriodicConvolution.kernelTest' depends on axioms: [propext, Classical.choice, Quot.sound]
'SharpWasserstein.PeriodicConvolution.kernelTest_smooth' depends on axioms: [propext, Classical.choice, Quot.sound]
'SharpWasserstein.PeriodicConvolution.kernelTest_derivatives_bounded' depends on axioms: [propext,
 Classical.choice,
 Quot.sound]
'SharpWasserstein.PeriodicConvolution.density_flatten_eq_integral' depends on axioms: [propext,
 Classical.choice,
 Quot.sound]
'SharpWasserstein.PeriodicConvolution.evolutionDensity' depends on axioms: [propext, Classical.choice, Quot.sound]
'SharpWasserstein.PeriodicConvolution.evolutionDensity_equation' depends on axioms: [propext,
 Classical.choice,
 Quot.sound]
'SharpWasserstein.PeriodicConvolution.evolutionDensity_generator_continuousOn' depends on axioms: [propext,
 Classical.choice,
 Quot.sound]
'SharpWasserstein.PeriodicConvolution.evolutionDensity_hasDerivWithinAt' depends on axioms: [propext,
 Classical.choice,
 Quot.sound]
'SharpWasserstein.PeriodicConvolution.evolutionDensity_hasDerivAt' depends on axioms: [propext,
 Classical.choice,
 Quot.sound]
'SharpWasserstein.PeriodicConvolution.evolutionDensity_joint_continuous_nonnegExtension' depends on axioms: [propext,
 Classical.choice,
 Quot.sound]
