'SharpWasserstein.PeriodicSmoothBounds.norm_bound' depends on axioms: [propext, Classical.choice, Quot.sound]
'SharpWasserstein.PeriodicSmoothBounds.periodic_iteratedFDeriv' depends on axioms: [propext,
 Classical.choice,
 Quot.sound]
'SharpWasserstein.PeriodicSmoothBounds.periodic_fderiv' depends on axioms: [propext, Classical.choice, Quot.sound]
'SharpWasserstein.PeriodicSmoothBounds.iteratedFDeriv_bound' depends on axioms: [propext, Classical.choice, Quot.sound]
'SharpWasserstein.PeriodicSmoothBounds.exists_lipschitz' depends on axioms: [propext, Classical.choice, Quot.sound]
'SharpWasserstein.PeriodicPositiveKernel.weight' depends on axioms: [propext, Classical.choice, Quot.sound]
'SharpWasserstein.PeriodicPositiveKernel.normalizer' depends on axioms: [propext, Classical.choice, Quot.sound]
'SharpWasserstein.PeriodicPositiveKernel.scalar' depends on axioms: [propext, Classical.choice, Quot.sound]
'SharpWasserstein.PeriodicPositiveKernel.weight_smooth' depends on axioms: [propext, Classical.choice, Quot.sound]
'SharpWasserstein.PeriodicPositiveKernel.weight_pos' depends on axioms: [propext, Classical.choice, Quot.sound]
'SharpWasserstein.PeriodicPositiveKernel.weight_periodic' depends on axioms: [propext, Classical.choice, Quot.sound]
'SharpWasserstein.PeriodicPositiveKernel.weight_bounds' depends on axioms: [propext, Classical.choice, Quot.sound]
'SharpWasserstein.PeriodicPositiveKernel.weight_integrable' depends on axioms: [propext, Classical.choice, Quot.sound]
'SharpWasserstein.PeriodicPositiveKernel.normalizer_bounds' depends on axioms: [propext, Classical.choice, Quot.sound]
'SharpWasserstein.PeriodicPositiveKernel.normalizer_pos' depends on axioms: [propext, Classical.choice, Quot.sound]
'SharpWasserstein.PeriodicPositiveKernel.scalar_pos' depends on axioms: [propext, Classical.choice, Quot.sound]
'SharpWasserstein.PeriodicPositiveKernel.scalar_smooth' depends on axioms: [propext, Classical.choice, Quot.sound]
'SharpWasserstein.PeriodicPositiveKernel.scalar_periodic' depends on axioms: [propext, Classical.choice, Quot.sound]
'SharpWasserstein.PeriodicPositiveKernel.scalar_integrable' depends on axioms: [propext, Classical.choice, Quot.sound]
'SharpWasserstein.PeriodicPositiveKernel.scalar_integral' depends on axioms: [propext, Classical.choice, Quot.sound]
'SharpWasserstein.PeriodicPositiveKernel.scalar_bounds' depends on axioms: [propext, Classical.choice, Quot.sound]
'SharpWasserstein.PeriodicPositiveKernel.kernel' depends on axioms: [propext, Classical.choice, Quot.sound]
'SharpWasserstein.PeriodicPositiveKernel.kernel_smooth' depends on axioms: [propext, Classical.choice, Quot.sound]
'SharpWasserstein.PeriodicPositiveKernel.kernel_pos' depends on axioms: [propext, Classical.choice, Quot.sound]
'SharpWasserstein.PeriodicPositiveKernel.kernel_periodic' depends on axioms: [propext, Classical.choice, Quot.sound]
'SharpWasserstein.PeriodicPositiveKernel.kernel_bounds' depends on axioms: [propext, Classical.choice, Quot.sound]
'SharpWasserstein.PeriodicPositiveKernel.kernel_integrable' depends on axioms: [propext, Classical.choice, Quot.sound]
'SharpWasserstein.PeriodicPositiveKernel.kernel_integral' depends on axioms: [propext, Classical.choice, Quot.sound]
'SharpWasserstein.PeriodicPositiveKernel.kernel_derivatives_bounded' depends on axioms: [propext,
 Classical.choice,
 Quot.sound]
'SharpWasserstein.PeriodicConvolution.toTorus_sub' depends on axioms: [propext, Classical.choice, Quot.sound]
'SharpWasserstein.PeriodicConvolution.integral_cube_sub' depends on axioms: [propext, Classical.choice, Quot.sound]
'SharpWasserstein.PeriodicConvolution.density' depends on axioms: [propext, Classical.choice, Quot.sound]
'SharpWasserstein.PeriodicConvolution.kernel_translate_integrable' depends on axioms: [propext,
 Classical.choice,
 Quot.sound]
'SharpWasserstein.PeriodicConvolution.density_bounds' depends on axioms: [propext, Classical.choice, Quot.sound]
'SharpWasserstein.PeriodicConvolution.density_pos' depends on axioms: [propext, Classical.choice, Quot.sound]
'SharpWasserstein.PeriodicConvolution.density_periodic' depends on axioms: [propext, Classical.choice, Quot.sound]
'SharpWasserstein.PeriodicConvolution.density_smooth' depends on axioms: [propext, Classical.choice, Quot.sound]
'SharpWasserstein.PeriodicConvolution.density_derivatives_bounded' depends on axioms: [propext,
 Classical.choice,
 Quot.sound]
'SharpWasserstein.PeriodicConvolution.density_integral' depends on axioms: [propext, Classical.choice, Quot.sound]
'SharpWasserstein.PeriodicConvolution.smoothLaw' depends on axioms: [propext, Classical.choice, Quot.sound]
'SharpWasserstein.PeriodicConvolution.smoothLaw_probability' depends on axioms: [propext, Classical.choice, Quot.sound]
