'SharpWasserstein.SinePeriodization.scalar_hasDerivAt' depends on axioms: [propext, Classical.choice, Quot.sound]
'SharpWasserstein.SinePeriodization.coordinateProjection' depends on axioms: [propext, Classical.choice, Quot.sound]
'SharpWasserstein.SinePeriodization.coordinateDerivative' depends on axioms: [propext, Classical.choice, Quot.sound]
'SharpWasserstein.SinePeriodization.coordinateDerivative_apply' depends on axioms: [propext,
 Classical.choice,
 Quot.sound]
'SharpWasserstein.SinePeriodization.coordinateProjection_sum' depends on axioms: [propext, Classical.choice, Quot.sound]
'SharpWasserstein.SinePeriodization.coordinates_hasFDerivAt' depends on axioms: [propext, Classical.choice, Quot.sound]
'SharpWasserstein.SinePeriodization.fderiv_coordinates' depends on axioms: [propext, Classical.choice, Quot.sound]
'SharpWasserstein.SinePeriodization.coordinateDerivative_tendsto' depends on axioms: [propext,
 Classical.choice,
 Quot.sound]
'SharpWasserstein.SinePeriodization.coordinates_tendsto' depends on axioms: [propext, Classical.choice, Quot.sound]
'SharpWasserstein.SinePeriodization.coordinates_moving_tendsto' depends on axioms: [propext,
 Classical.choice,
 Quot.sound]
'SharpWasserstein.SinePeriodization.fderiv_kernel' depends on axioms: [propext, Classical.choice, Quot.sound]
'SharpWasserstein.SinePeriodization.fderiv_kernel_moving_tendsto' depends on axioms: [propext,
 Classical.choice,
 Quot.sound]
'SharpWasserstein.PeriodicParticle.pairProjection' depends on axioms: [propext, Classical.choice, Quot.sound]
'SharpWasserstein.PeriodicParticle.driftDerivative' depends on axioms: [propext, Classical.choice, Quot.sound]
'SharpWasserstein.PeriodicParticle.particleDrift_hasFDerivAt' depends on axioms: [propext, Classical.choice, Quot.sound]
'SharpWasserstein.PeriodicParticle.fderiv_particleDrift' depends on axioms: [propext, Classical.choice, Quot.sound]
'SharpWasserstein.PeriodicParticle.driftDerivative_moving_tendsto' depends on axioms: [propext,
 Classical.choice,
 Quot.sound]
'SharpWasserstein.PeriodicParticle.fderiv_particleDrift_moving_tendsto' depends on axioms: [propext,
 Classical.choice,
 Quot.sound]
'SharpWasserstein.PeriodicParticle.fderiv_linearConjugate' depends on axioms: [propext, Classical.choice, Quot.sound]
'SharpWasserstein.PeriodicParticle.euclidean_fderiv_particleDrift_moving_tendsto' depends on axioms: [propext,
 Classical.choice,
 Quot.sound]
