'SharpWasserstein.VolterraEnergyLimit.integrating_factor_bound' depends on axioms: [propext,
 Classical.choice,
 Quot.sound]
'SharpWasserstein.VolterraEnergyLimit.weighted_error_tendsto' depends on axioms: [propext, Classical.choice, Quot.sound]
'SharpWasserstein.VolterraEnergyLimit.limit_integrating_factor_bound' depends on axioms: [propext,
 Classical.choice,
 Quot.sound]
'SharpWasserstein.RegularizedTrialEnergy.lifted_energy_gap' depends on axioms: [propext, Classical.choice, Quot.sound]
'SharpWasserstein.RegularizedTrialEnergy.lifted_energy_gap_le' depends on axioms: [propext,
 Classical.choice,
 Quot.sound]
'SharpWasserstein.PhysicalFourierTrialMarginal.trial_mem_periodic' depends on axioms: [propext,
 Classical.choice,
 Quot.sound]
'SharpWasserstein.PhysicalFourierTrialMarginal.trial_representative_pairing' depends on axioms: [propext,
 Classical.choice,
 Quot.sound]
'SharpWasserstein.PhysicalFourierTrialMarginal.trial_fluctuation_norm_sq' depends on axioms: [propext,
 Classical.choice,
 Quot.sound]
'SharpWasserstein.PhysicalFourierTrialMarginal.trial_fluctuation_integral' depends on axioms: [propext,
 Classical.choice,
 Quot.sound]
'SharpWasserstein.WeightedPeriodicFourierPhysical.physicalPotential_allDerivativesBounded' depends on axioms: [propext,
 Classical.choice,
 Quot.sound]
'SharpWasserstein.WeightedPeriodicFourierPhysical.physicalAtom_laplacian' depends on axioms: [propext,
 Classical.choice,
 Quot.sound]
'SharpWasserstein.WeightedPeriodicFourierPhysical.physicalAtom_eigenvalue_nonneg' depends on axioms: [propext,
 Classical.choice,
 Quot.sound]
'SharpWasserstein.PhysicalGeneratorPeriodicity.directionDeriv_periodic' depends on axioms: [propext,
 Classical.choice,
 Quot.sound]
'SharpWasserstein.PhysicalGeneratorPeriodicity.laplacian_periodic' depends on axioms: [propext,
 Classical.choice,
 Quot.sound]
'SharpWasserstein.PhysicalGeneratorPeriodicity.generator_periodic' depends on axioms: [propext,
 Classical.choice,
 Quot.sound]
