'SharpWasserstein.PropagatedSourceEquation.clampedFlow_continuous' depends on axioms: [propext,
 Classical.choice,
 Quot.sound]
'SharpWasserstein.PropagatedSourceEquation.clampedJacobian_measurable' depends on axioms: [propext,
 Classical.choice,
 Quot.sound]
'SharpWasserstein.PropagatedSourceEquation.clampedExpectation' depends on axioms: [propext,
 Classical.choice,
 Quot.sound]
'SharpWasserstein.PropagatedSourceEquation.clampedExpectation_of_mem' depends on axioms: [propext,
 Classical.choice,
 Quot.sound]
'SharpWasserstein.PropagatedSourceEquation.clampedExpectation_continuous' depends on axioms: [propext,
 Classical.choice,
 Quot.sound]
'SharpWasserstein.PropagatedSourceEquation.clampedExpectation_fderiv_measurable' depends on axioms: [propext,
 Classical.choice,
 Quot.sound]
'SharpWasserstein.PropagatedSourceEquation.clampedExpectation_fderiv_norm_le' depends on axioms: [propext,
 Classical.choice,
 Quot.sound]
'SharpWasserstein.PropagatedSourceEquation.hasFDerivAt_timeIntegral' depends on axioms: [propext,
 Classical.choice,
 Quot.sound]
'SharpWasserstein.PropagatedSourceEquation.differentiated_primal_identity' depends on axioms: [propext,
 Classical.choice,
 Quot.sound]
'SharpWasserstein.PropagatedSourceEquation.integrable_initial_pairing' depends on axioms: [propext,
 Classical.choice,
 Quot.sound]
'SharpWasserstein.PropagatedSourceEquation.integrable_time_initial_pairing' depends on axioms: [propext,
 Classical.choice,
 Quot.sound]
'SharpWasserstein.PropagatedSourceEquation.intervalIntegrable_initial_pairing' depends on axioms: [propext,
 Classical.choice,
 Quot.sound]
'SharpWasserstein.PropagatedSourceEquation.integrated_source_identity' depends on axioms: [propext,
 Classical.choice,
 Quot.sound]
'SharpWasserstein.PropagatedSourceEquation.equivDrift' depends on axioms: [propext, Classical.choice, Quot.sound]
'SharpWasserstein.PropagatedSourceEquation.equivPath' depends on axioms: [propext, Classical.choice, Quot.sound]
'SharpWasserstein.PropagatedSourceEquation.equivPath_continuous' depends on axioms: [propext,
 Classical.choice,
 Quot.sound]
'SharpWasserstein.PropagatedSourceEquation.flow_equiv' depends on axioms: [propext, Classical.choice, Quot.sound]
'SharpWasserstein.PropagatedSourceEquation.expectation_equiv' depends on axioms: [propext, Classical.choice, Quot.sound]
'SharpWasserstein.PropagatedSourceEquation.brownianExpectation_eq_globalLaw' depends on axioms: [propext,
 Classical.choice,
 Quot.sound]
'SharpWasserstein.PropagatedSourceEquation.brownian_primal_identity' depends on axioms: [propext,
 Classical.choice,
 Quot.sound]
'SharpWasserstein.PropagatedSourceEquation.euclideanBrownianPathLaw' depends on axioms: [propext,
 Classical.choice,
 Quot.sound]
'SharpWasserstein.PropagatedSourceEquation.euclideanGenerator' depends on axioms: [propext,
 Classical.choice,
 Quot.sound]
'SharpWasserstein.PropagatedSourceEquation.euclideanGenerator_test' depends on axioms: [propext,
 Classical.choice,
 Quot.sound]
'SharpWasserstein.PropagatedSourceEquation.euclideanGeneratorTest' depends on axioms: [propext,
 Classical.choice,
 Quot.sound]
'SharpWasserstein.PropagatedSourceEquation.euclidean_brownian_primal_identity' depends on axioms: [propext,
 Classical.choice,
 Quot.sound]
'SharpWasserstein.PropagatedSourceEquation.equivDrift_smooth' depends on axioms: [propext, Classical.choice, Quot.sound]
'SharpWasserstein.PropagatedSourceEquation.equivDrift_allDerivativesBounded' depends on axioms: [propext,
 Classical.choice,
 Quot.sound]
'SharpWasserstein.PropagatedSourceEquation.compactTest_bounds' depends on axioms: [propext,
 Classical.choice,
 Quot.sound]
'SharpWasserstein.PropagatedSourceEquation.Brownian.sourceAt' depends on axioms: [propext, Classical.choice, Quot.sound]
'SharpWasserstein.PropagatedSourceEquation.Brownian.sourceAt_apply' depends on axioms: [propext,
 Classical.choice,
 Quot.sound]
'SharpWasserstein.PropagatedSourceEquation.Brownian.sourceAt_intervalIntegrable' depends on axioms: [propext,
 Classical.choice,
 Quot.sound]
'SharpWasserstein.PropagatedSourceEquation.Brownian.sourceAt_equation' depends on axioms: [propext,
 Classical.choice,
 Quot.sound]
'SharpWasserstein.PropagatedSourceEquation.euclideanBrownianPathLaw_zero_ae' depends on axioms: [propext,
 Classical.choice,
 Quot.sound]
'SharpWasserstein.PropagatedSourceEquation.Brownian.lawAt' depends on axioms: [propext, Classical.choice, Quot.sound]
'SharpWasserstein.PropagatedSourceEquation.Brownian.distributionAt' depends on axioms: [propext,
 Classical.choice,
 Quot.sound]
'SharpWasserstein.PropagatedSourceEquation.Brownian.sourceAt_finiteEnergy_and_energy_le' depends on axioms: [propext,
 Classical.choice,
 Quot.sound]
'SharpWasserstein.PropagatedSourceEquation.Brownian.distributionAt_finiteEnergy_and_energy_le' depends on axioms: [propext,
 Classical.choice,
 Quot.sound]
'SharpWasserstein.PropagatedSourceEquation.Brownian.distributionAt_zero' depends on axioms: [propext,
 Classical.choice,
 Quot.sound]
'SharpWasserstein.PropagatedSourceEquation.Brownian.distributionAt_intervalIntegrable' depends on axioms: [propext,
 Classical.choice,
 Quot.sound]
'SharpWasserstein.PropagatedSourceEquation.Brownian.distributionAt_equation' depends on axioms: [propext,
 Classical.choice,
 Quot.sound]
'SharpWasserstein.PropagatedSourceEquation.Brownian.lawAt_eq_map_flowLaw' depends on axioms: [propext,
 Classical.choice,
 Quot.sound]
'SharpWasserstein.PropagatedSourceEquation.Brownian.lawAt_eq_map_globalLaw' depends on axioms: [propext,
 Classical.choice,
 Quot.sound]
