'SharpWasserstein.continuous_integral_parameter_probability' depends on axioms: [propext, Classical.choice, Quot.sound]
'SharpWasserstein.ProbabilityDriftVariation.variation' depends on axioms: [propext, Classical.choice, Quot.sound]
'SharpWasserstein.ProbabilityDriftVariation.continuous_variation' depends on axioms: [propext,
 Classical.choice,
 Quot.sound]
'SharpWasserstein.ProbabilityDriftVariation.uniform_variation' depends on axioms: [propext,
 Classical.choice,
 Quot.sound]
'SharpWasserstein.generator_drift_difference_norm_le' depends on axioms: [propext, Classical.choice, Quot.sound]
'SharpWasserstein.integral_generator_drift_difference_le' depends on axioms: [propext, Classical.choice, Quot.sound]
'SharpWasserstein.continuous_probabilityCurve_uniform_time_generators' depends on axioms: [propext,
 Classical.choice,
 Quot.sound]
'SharpWasserstein.WeakEvolution.uniform_time_generator_expectation' depends on axioms: [propext,
 Classical.choice,
 Quot.sound]
'SharpWasserstein.WeakEvolution.equation_time_bounded_configuration_interval' depends on axioms: [propext,
 Classical.choice,
 Quot.sound]
'SharpWasserstein.WeakEvolution.uniform_time_weak_step_error' depends on axioms: [propext, Classical.choice, Quot.sound]
'SharpWasserstein.BackwardEuler.backwardTime' depends on axioms: [propext, Classical.choice, Quot.sound]
'SharpWasserstein.BackwardEuler.norm_backwardTime_le' depends on axioms: [propext, Classical.choice, Quot.sound]
'SharpWasserstein.BackwardEuler.smooth_backwardTime' depends on axioms: [propext, Classical.choice, Quot.sound]
'SharpWasserstein.BackwardEuler.backwardTime_derivative_bounds' depends on axioms: [propext,
 Classical.choice,
 Quot.sound]
'SharpWasserstein.BackwardEuler.uniform_backwardTime_derivative_bounds' depends on axioms: [propext,
 Classical.choice,
 Quot.sound]
'SharpWasserstein.WeakEvolution.uniform_time_backward_step_error' depends on axioms: [propext,
 Classical.choice,
 Quot.sound]
'SharpWasserstein.WeakEvolution.time_backward_telescope_error' depends on axioms: [propext,
 Classical.choice,
 Quot.sound]
'SharpWasserstein.WeakEvolution.integral_eq_of_same_initial_time_bounded_derivatives' depends on axioms: [propext,
 Classical.choice,
 Quot.sound]
'SharpWasserstein.WeakEvolution.eq_of_same_initial_time_dependent' depends on axioms: [propext,
 Classical.choice,
 Quot.sound]
'SharpWasserstein.NoiseAverage.UniformAllDerivativesBounded' depends on axioms: [propext, Classical.choice, Quot.sound]
'SharpWasserstein.NoiseAverage.UniformAllDerivativesBounded.at' depends on axioms: [propext,
 Classical.choice,
 Quot.sound]
'SharpWasserstein.NoiseAverage.UniformAllDerivativesBounded.fderiv' depends on axioms: [propext,
 Classical.choice,
 Quot.sound]
'SharpWasserstein.NoiseAverage.UniformAllDerivativesBounded.bounded' depends on axioms: [propext,
 Classical.choice,
 Quot.sound]
'SharpWasserstein.NoiseAverage.UniformAllDerivativesBounded.lipschitz' depends on axioms: [propext,
 Classical.choice,
 Quot.sound]
'SharpWasserstein.NoiseAverage.UniformAllDerivativesBounded.comp_linear' depends on axioms: [propext,
 Classical.choice,
 Quot.sound]
'SharpWasserstein.NoiseAverage.UniformAllDerivativesBounded.linear_comp' depends on axioms: [propext,
 Classical.choice,
 Quot.sound]
'SharpWasserstein.NoiseAverage.UniformAllDerivativesBounded.sum' depends on axioms: [propext,
 Classical.choice,
 Quot.sound]
'SharpWasserstein.NoiseAverage.norm_iteratedFDeriv_average_le' depends on axioms: [propext,
 Classical.choice,
 Quot.sound]
'SharpWasserstein.NoiseAverage.uniformAllDerivativesBounded_average' depends on axioms: [propext,
 Classical.choice,
 Quot.sound]
'SharpWasserstein.nonlinearDrift_smooth' depends on axioms: [propext, Classical.choice, Quot.sound]
'SharpWasserstein.nonlinearDrift_uniformAllDerivativesBounded' depends on axioms: [propext,
 Classical.choice,
 Quot.sound]
'SharpWasserstein.DecoupledFlow.liftDrift_smooth' depends on axioms: [propext, Classical.choice, Quot.sound]
'SharpWasserstein.DecoupledFlow.liftDrift_uniformAllDerivativesBounded' depends on axioms: [propext,
 Classical.choice,
 Quot.sound]
'SharpWasserstein.PrescribedReference.singleDrift_smooth' depends on axioms: [propext, Classical.choice, Quot.sound]
'SharpWasserstein.PrescribedReference.singleDrift_uniformAllDerivativesBounded' depends on axioms: [propext,
 Classical.choice,
 Quot.sound]
'SharpWasserstein.WeakEvolution.eq_of_same_initial_uniform_derivatives' depends on axioms: [propext,
 Classical.choice,
 Quot.sound]
'SharpWasserstein.PrescribedReference.eq_law_of_weakEvolution' depends on axioms: [propext,
 Classical.choice,
 Quot.sound]
'SharpWasserstein.PrescribedReference.singleton_eq_law' depends on axioms: [propext, Classical.choice, Quot.sound]
'SharpWasserstein.tensorLaw_one_eq_singletonLaw' depends on axioms: [propext, Classical.choice, Quot.sound]
'SharpWasserstein.singletonLaw_map_coordinate' depends on axioms: [propext, Classical.choice, Quot.sound]
'SharpWasserstein.PrescribedReference.law_tensor_eq_supplied' depends on axioms: [propext, Classical.choice, Quot.sound]
'SharpWasserstein.PrescribedReference.supplied_tensor_weakEvolution' depends on axioms: [propext,
 Classical.choice,
 Quot.sound]
