'SharpWasserstein.BrownianNoise.positionPath_measurable' depends on axioms: [propext, Classical.choice, Quot.sound]
'SharpWasserstein.BrownianNoise.assemblePositionPaths_measurable' depends on axioms: [propext,
 Classical.choice,
 Quot.sound]
'SharpWasserstein.BrownianNoise.configurationLaw_eq_position_product' depends on axioms: [propext,
 Classical.choice,
 Quot.sound]
'SharpWasserstein.probability_pi_map_prefix' depends on axioms: [propext, Classical.choice, Quot.sound]
'SharpWasserstein.DecoupledFlow.law_marginal' depends on axioms: [propext, Classical.choice, Quot.sound]
'SharpWasserstein.DecoupledFlow.law_exchangeable' depends on axioms: [propext, Classical.choice, Quot.sound]
'SharpWasserstein.DecoupledFlow.liftDrift_continuous' depends on axioms: [propext, Classical.choice, Quot.sound]
'SharpWasserstein.DecoupledFlow.liftDrift_bound' depends on axioms: [propext, Classical.choice, Quot.sound]
'SharpWasserstein.DecoupledFlow.liftDrift_lipschitz' depends on axioms: [propext, Classical.choice, Quot.sound]
'SharpWasserstein.DecoupledFlow.liftDrift_quadratic' depends on axioms: [propext, Classical.choice, Quot.sound]
'SharpWasserstein.DecoupledFlow.liftDrift_euclidean_lipschitz' depends on axioms: [propext,
 Classical.choice,
 Quot.sound]
'SharpWasserstein.DecoupledFlow.liftDrift_nodes_coordinate' depends on axioms: [propext, Classical.choice, Quot.sound]
'SharpWasserstein.DecoupledFlow.liftDrift_flow_coordinate' depends on axioms: [propext, Classical.choice, Quot.sound]
'SharpWasserstein.DecoupledFlow.brownian_flowLaw_eq' depends on axioms: [propext, Classical.choice, Quot.sound]
'SharpWasserstein.hasSecondMoment_iff_integrable' depends on axioms: [propext, Classical.choice, Quot.sound]
'SharpWasserstein.hasSecondMoment_marginal' depends on axioms: [propext, Classical.choice, Quot.sound]
'SharpWasserstein.hasSecondMoment_tensorLaw' depends on axioms: [propext, Classical.choice, Quot.sound]
'SharpWasserstein.DecoupledFlow.brownianLaw_tensor' depends on axioms: [propext, Classical.choice, Quot.sound]
'SharpWasserstein.DecoupledFlow.brownianLaw_marginal' depends on axioms: [propext, Classical.choice, Quot.sound]
'SharpWasserstein.DecoupledFlow.brownianLaw_exchangeable' depends on axioms: [propext, Classical.choice, Quot.sound]
'SharpWasserstein.DecoupledFlow.brownianLaw_entropy_le' depends on axioms: [propext, Classical.choice, Quot.sound]
'SharpWasserstein.DecoupledFlow.brownianLaw_entropy_finite' depends on axioms: [propext, Classical.choice, Quot.sound]
'SharpWasserstein.DecoupledFlow.brownianLaw_finiteEntropyConditions' depends on axioms: [propext,
 Classical.choice,
 Quot.sound]
'SharpWasserstein.DecoupledFlow.regularized_marginal_klDiv_le' depends on axioms: [propext,
 Classical.choice,
 Quot.sound]
'SharpWasserstein.DecoupledFlow.regularized_entropy_profile' depends on axioms: [propext, Classical.choice, Quot.sound]
