'SharpWasserstein.configurationTestObjective_neg' depends on axioms: [propext, Classical.choice, Quot.sound]
'SharpWasserstein.configurationTestObjective_range_neg' depends on axioms: [propext, Classical.choice, Quot.sound]
'SharpWasserstein.configurationFiniteEnergy_neg_iff' depends on axioms: [propext, Classical.choice, Quot.sound]
'SharpWasserstein.configurationTangentEnergy_neg' depends on axioms: [propext, Classical.choice, Quot.sound]
'SharpWasserstein.DecoupledFlow.exists_regularized_marginal_source' depends on axioms: [propext,
 Classical.choice,
 Quot.sound]
'SharpWasserstein.DecoupledFlow.exists_regularized_full_source' depends on axioms: [propext,
 Classical.choice,
 Quot.sound]
'SharpWasserstein.RegularizationRates.bridgeCost_le_horizonFactor_div' depends on axioms: [propext,
 Classical.choice,
 Quot.sound]
'SharpWasserstein.RegularizationRates.affine_bridgeCost_le' depends on axioms: [propext, Classical.choice, Quot.sound]
'SharpWasserstein.RegularizationRates.source_coefficient_le_singular' depends on axioms: [propext,
 Classical.choice,
 Quot.sound]
'SharpWasserstein.RegularizationRates.full_source_coefficient_le_singular' depends on axioms: [propext,
 Classical.choice,
 Quot.sound]
