replaying SharpWasserstein
replaying SharpWasserstein.Assembly
replaying SharpWasserstein.BackwardEulerIntegratedError
replaying SharpWasserstein.BackwardEulerUniform
replaying SharpWasserstein.BochnerIdentity
replaying SharpWasserstein.BoundedConfigurationTests
replaying SharpWasserstein.BoundedDerivativeComposition
replaying SharpWasserstein.BoundedDerivativeLinear
replaying SharpWasserstein.BoundedFlow
replaying SharpWasserstein.BoundedHessianIntegrability
replaying SharpWasserstein.BoundedIndependentSum
replaying SharpWasserstein.BoundedNoiseAverage
replaying SharpWasserstein.BoundedWeakTests
replaying SharpWasserstein.BrownianDecoupledFlow
replaying SharpWasserstein.BrownianEnergyPeriodization
replaying SharpWasserstein.BrownianEnergyPeriodizationExhaustion
replaying SharpWasserstein.BrownianEnergyPeriodizationIdentification
replaying SharpWasserstein.BrownianEnergyPeriodizationLimit
replaying SharpWasserstein.BrownianEnergyPeriodizationPeriodic
replaying SharpWasserstein.BrownianEntropyCost
replaying SharpWasserstein.BrownianEntropyFlow
replaying SharpWasserstein.BrownianEntropyTransport
replaying SharpWasserstein.BrownianFlow
replaying SharpWasserstein.BrownianFlowTimeEnergy
replaying SharpWasserstein.BrownianFlowWeak
replaying SharpWasserstein.BrownianForwardDerivative
replaying SharpWasserstein.BrownianGaussianHistory
replaying SharpWasserstein.BrownianGlobalProperties
replaying SharpWasserstein.BrownianGrid
replaying SharpWasserstein.BrownianHorizon
replaying SharpWasserstein.BrownianNoise
replaying SharpWasserstein.BrownianParticle
replaying SharpWasserstein.BrownianParticleEntropy
replaying SharpWasserstein.BrownianParticleWeak
replaying SharpWasserstein.BrownianPeriodicHierarchyConstants
replaying SharpWasserstein.BrownianPeriodicHierarchyEstimate
replaying SharpWasserstein.BrownianPeriodicHierarchyInitial
replaying SharpWasserstein.BrownianPeriodicHierarchyMarginals
replaying SharpWasserstein.BrownianPeriodicHierarchyProfile
replaying SharpWasserstein.BrownianPeriodicHierarchyRecovery
replaying SharpWasserstein.BrownianPeriodicHierarchyRegularity
replaying SharpWasserstein.BrownianPeriodicHierarchyReindex
replaying SharpWasserstein.BrownianProductNoise
replaying SharpWasserstein.BrownianSemigroup
replaying SharpWasserstein.BrownianSourceCoordinatePairing
replaying SharpWasserstein.BrownianSourceInitialFlux
replaying SharpWasserstein.BrownianSourceSmoothPairing
replaying SharpWasserstein.BrownianSplit
replaying SharpWasserstein.BrownianTimeMoments
replaying SharpWasserstein.BrownianTimeTransport
replaying SharpWasserstein.CompressionPeriodicTests
replaying SharpWasserstein.ConfigurationBrownian
replaying SharpWasserstein.ConfigurationEuclidean
replaying SharpWasserstein.ConfigurationFlux
replaying SharpWasserstein.ConfigurationGeneratorEuclidean
replaying SharpWasserstein.ConstantDriftLaw
replaying SharpWasserstein.ContinuousPathLaw
replaying SharpWasserstein.ControlledBridge
replaying SharpWasserstein.CooperativeHierarchy
replaying SharpWasserstein.CouplingMoments
replaying SharpWasserstein.CylinderWeakEvolution
replaying SharpWasserstein.DecoupledFlow
replaying SharpWasserstein.DecoupledMarginal
replaying SharpWasserstein.DenseVariational
replaying SharpWasserstein.DerivativeCompositionBounds
replaying SharpWasserstein.DerivativeCompositionThird
replaying SharpWasserstein.DriftApproximation
replaying SharpWasserstein.DriftBounds
replaying SharpWasserstein.DriftEnergyIdentity
replaying SharpWasserstein.DriftFlowConvergence
replaying SharpWasserstein.DynamicTransport
replaying SharpWasserstein.Dynamics
replaying SharpWasserstein.EntropyChainRule
replaying SharpWasserstein.EntropyDataProcessing
replaying SharpWasserstein.EntropyDirection
replaying SharpWasserstein.EntropyDual
replaying SharpWasserstein.EntropyHierarchy
replaying SharpWasserstein.EntropyKL
replaying SharpWasserstein.EntropyNarrow
replaying SharpWasserstein.EntropyObservable
replaying SharpWasserstein.EntropyObservableVector
replaying SharpWasserstein.EntropyVariational
replaying SharpWasserstein.EuclideanDrift
replaying SharpWasserstein.EuclideanFlow
replaying SharpWasserstein.EulerBridge
replaying SharpWasserstein.EulerBrownianGridLaw
replaying SharpWasserstein.EulerBrownianLaw
replaying SharpWasserstein.EulerConvergence
replaying SharpWasserstein.EulerGaussianHistory
replaying SharpWasserstein.EulerLaw
replaying SharpWasserstein.EulerRiemann
replaying SharpWasserstein.EulerRiemannExpectation
replaying SharpWasserstein.EulerTimeRiemann
replaying SharpWasserstein.EulerTimeWeakLimit
replaying SharpWasserstein.EulerTimeWeakStep
replaying SharpWasserstein.EulerTimeWeakTelescope
replaying SharpWasserstein.EulerTransport
replaying SharpWasserstein.EulerWeakLimit
replaying SharpWasserstein.EulerWeakStep
replaying SharpWasserstein.EulerWeakTelescope
replaying SharpWasserstein.EulerianTransportCompact
replaying SharpWasserstein.EulerianTransportEquation
replaying SharpWasserstein.EulerianTransportFlow
replaying SharpWasserstein.EulerianTransportL2
replaying SharpWasserstein.EulerianTransportLength
replaying SharpWasserstein.EulerianTransportTests
replaying SharpWasserstein.EulerianTransportUniqueness
replaying SharpWasserstein.ExchangeableConditionalSource
replaying SharpWasserstein.ExchangeableEntropy
replaying SharpWasserstein.ExternalInteractionEnergy
replaying SharpWasserstein.ExternalInteractionEnergyCancellation
replaying SharpWasserstein.ExternalInteractionEnergyLimit
replaying SharpWasserstein.ExternalInteractionEnergyLimitEstimate
replaying SharpWasserstein.ExternalInteractionEnergyLimitPotentials
replaying SharpWasserstein.ExternalInteractionEnergyLimitWeighted
replaying SharpWasserstein.ExternalInteractionGradient
replaying SharpWasserstein.ExternalInteractionGradientBase
replaying SharpWasserstein.ExternalInteractionGradientCancellation
replaying SharpWasserstein.ExternalInteractionPeriodic
replaying SharpWasserstein.ExternalInteractionPeriodicSource
replaying SharpWasserstein.ExternalInteractionSymmetry
replaying SharpWasserstein.ExternalInteractionSymmetryAverage
replaying SharpWasserstein.ExternalInteractionSymmetryEstimate
replaying SharpWasserstein.ExternalInteractionSymmetryMarginal
replaying SharpWasserstein.FiniteCoefficientBrownianEnergy
replaying SharpWasserstein.FiniteCoefficientBrownianGenerator
replaying SharpWasserstein.FiniteCoefficientEnergy
replaying SharpWasserstein.FiniteCoefficientEnergyDerivative
replaying SharpWasserstein.FiniteCoefficientMatrix
replaying SharpWasserstein.FiniteGeneratorBounds
replaying SharpWasserstein.FiniteGeneratorCalculus
replaying SharpWasserstein.FiniteGeneratorPairing
replaying SharpWasserstein.FiniteGradientTrial
replaying SharpWasserstein.FiniteGradientTrialDiffusion
replaying SharpWasserstein.FiniteGradientTrialLaplacian
replaying SharpWasserstein.FiniteGradientTrialPairing
replaying SharpWasserstein.FiniteTrajectory
replaying SharpWasserstein.FiniteTrialDriftResidual
replaying SharpWasserstein.FiniteTrialEnergyEstimate
replaying SharpWasserstein.FiniteTrialEnergyIdentity
replaying SharpWasserstein.FiniteTrialEnergyInequality
replaying SharpWasserstein.FlattenedEuclidean
replaying SharpWasserstein.FlowCausality
replaying SharpWasserstein.FlowDependence
replaying SharpWasserstein.FlowInitialDerivative
replaying SharpWasserstein.FlowInitialDerivativeGlobal
replaying SharpWasserstein.FlowInitialDerivativeLinear
replaying SharpWasserstein.FlowInitialDerivativeRemainder
replaying SharpWasserstein.FlowInitialDerivativeSmooth
replaying SharpWasserstein.FlowJacobianContinuityGlobal
replaying SharpWasserstein.FlowJacobianContinuityLocal
replaying SharpWasserstein.FlowJacobianContinuitySmooth
replaying SharpWasserstein.FlowJacobianDriftConvergence
replaying SharpWasserstein.FlowJacobianDriftEquation
replaying SharpWasserstein.FlowJacobianDriftSmooth
replaying SharpWasserstein.FlowJacobianDriftStability
replaying SharpWasserstein.FlowJacobianDriftVariation
replaying SharpWasserstein.FlowMoments
replaying SharpWasserstein.FlowSemigroup
replaying SharpWasserstein.FlowSemigroupDerivative
replaying SharpWasserstein.FlowSemigroupDerivativePairing
replaying SharpWasserstein.FrozenGaussianBoundedError
replaying SharpWasserstein.FrozenGaussianCalculus
replaying SharpWasserstein.FrozenGaussianError
replaying SharpWasserstein.FrozenGaussianExpectation
replaying SharpWasserstein.FrozenGaussianLaw
replaying SharpWasserstein.FrozenGaussianMeasurable
replaying SharpWasserstein.FrozenGaussianStep
replaying SharpWasserstein.FrozenGeneratorBounds
replaying SharpWasserstein.GalerkinApproximation
replaying SharpWasserstein.GaussianBridgeBrownian
replaying SharpWasserstein.GaussianBridgeCoupling
replaying SharpWasserstein.GaussianBridgeLimit
replaying SharpWasserstein.GaussianBridgeRate
replaying SharpWasserstein.GaussianControlledBridge
replaying SharpWasserstein.GaussianCovariance
replaying SharpWasserstein.GaussianEntropyChain
replaying SharpWasserstein.GaussianEntropyCost
replaying SharpWasserstein.GaussianEulerBackward
replaying SharpWasserstein.GaussianEulerBackwardSecond
replaying SharpWasserstein.GaussianEulerBackwardSmooth
replaying SharpWasserstein.GaussianEulerBackwardThird
replaying SharpWasserstein.GaussianHeat
replaying SharpWasserstein.GaussianHeatCalculus
replaying SharpWasserstein.GaussianHeatWeak
replaying SharpWasserstein.GaussianHistoryMarginals
replaying SharpWasserstein.GaussianHistorySimulation
replaying SharpWasserstein.GaussianMoments
replaying SharpWasserstein.GaussianSharpness
replaying SharpWasserstein.GaussianStein
replaying SharpWasserstein.GaussianTimeBackward
replaying SharpWasserstein.GaussianVectorEntropy
replaying SharpWasserstein.GeometricEndpointLength
replaying SharpWasserstein.HierarchyAlgebra
replaying SharpWasserstein.InitialCurrentBrownianSource
replaying SharpWasserstein.InitialSourceMarginalComposition
replaying SharpWasserstein.InitialSourceMarginalConfiguration
replaying SharpWasserstein.InitialSourceMarginalCurrent
replaying SharpWasserstein.InitialSourceMarginalPairing
replaying SharpWasserstein.InitialSourceMarginalPrefix
replaying SharpWasserstein.InitialSourceMarginalRegularized
replaying SharpWasserstein.InitialSourcePermutation
replaying SharpWasserstein.InitialSourcePermutationPropagation
replaying SharpWasserstein.InternalDriftFiniteBounds
replaying SharpWasserstein.InternalSource
replaying SharpWasserstein.InternalSourceProfile
replaying SharpWasserstein.KernelPeriodMultiples
replaying SharpWasserstein.Main
replaying SharpWasserstein.MainFiniteActionReduction
replaying SharpWasserstein.MarginalMoments
replaying SharpWasserstein.MarginalParticleCurrent
replaying SharpWasserstein.MarginalSourceTangent
replaying SharpWasserstein.NarrowFlow
replaying SharpWasserstein.NoiseAverageDerivatives
replaying SharpWasserstein.NoiseAverageSmooth
replaying SharpWasserstein.NonlinearDriftContinuity
replaying SharpWasserstein.PDEPairings
replaying SharpWasserstein.ParticleFlow
replaying SharpWasserstein.ParticleFlowPermutation
replaying SharpWasserstein.ParticleMomentBounds
replaying SharpWasserstein.ParticleWeakIdentification
replaying SharpWasserstein.PeriodicBochner
replaying SharpWasserstein.PeriodicCoefficientBounds
replaying SharpWasserstein.PeriodicCommutatorLimit
replaying SharpWasserstein.PeriodicConvolutionApproximation
replaying SharpWasserstein.PeriodicConvolutionCoordinateLaw
replaying SharpWasserstein.PeriodicConvolutionDensity
replaying SharpWasserstein.PeriodicConvolutionMarginal
replaying SharpWasserstein.PeriodicConvolutionMarginalEnergy
replaying SharpWasserstein.PeriodicConvolutionMarginalFunctional
replaying SharpWasserstein.PeriodicConvolutionMarginalSource
replaying SharpWasserstein.PeriodicConvolutionPDE
replaying SharpWasserstein.PeriodicConvolutionPDECalculus
replaying SharpWasserstein.PeriodicConvolutionPDEIntegral
replaying SharpWasserstein.PeriodicConvolutionPrefixTests
replaying SharpWasserstein.PeriodicConvolutionTestGradient
replaying SharpWasserstein.PeriodicConvolutionWeak
replaying SharpWasserstein.PeriodicConvolutionWeakBCF
replaying SharpWasserstein.PeriodicConvolvedOptimizer
replaying SharpWasserstein.PeriodicDiffusionEnergy
replaying SharpWasserstein.PeriodicDriftCommutator
replaying SharpWasserstein.PeriodicDriftEnergy
replaying SharpWasserstein.PeriodicDriftGradientBound
replaying SharpWasserstein.PeriodicDriftResidual
replaying SharpWasserstein.PeriodicEnergyExhaustion
replaying SharpWasserstein.PeriodicFluxCommutator
replaying SharpWasserstein.PeriodicFluxCommutatorLimit
replaying SharpWasserstein.PeriodicFluxContraction
replaying SharpWasserstein.PeriodicFluxEuclidean
replaying SharpWasserstein.PeriodicFluxOptimizer
replaying SharpWasserstein.PeriodicFluxPairing
replaying SharpWasserstein.PeriodicFluxSmooth
replaying SharpWasserstein.PeriodicFourierDensity
replaying SharpWasserstein.PeriodicFourierDerivative
replaying SharpWasserstein.PeriodicFourierPolynomials
replaying SharpWasserstein.PeriodicFourierTests
replaying SharpWasserstein.PeriodicGalerkin
replaying SharpWasserstein.PeriodicGradientClosure
replaying SharpWasserstein.PeriodicHessianBounds
replaying SharpWasserstein.PeriodicHessianConvergence
replaying SharpWasserstein.PeriodicHessianDissipation
replaying SharpWasserstein.PeriodicIntegrationByParts
replaying SharpWasserstein.PeriodicJacobianLimit
replaying SharpWasserstein.PeriodicKernelBounds
replaying SharpWasserstein.PeriodicKernelConcentration
replaying SharpWasserstein.PeriodicL2Multiplier
replaying SharpWasserstein.PeriodicMarginalCoefficientEvolutionAverage
replaying SharpWasserstein.PeriodicMarginalCoefficientEvolutionBrownian
replaying SharpWasserstein.PeriodicMarginalCoefficientEvolutionCalculus
replaying SharpWasserstein.PeriodicMarginalCoefficientEvolutionConsistency
replaying SharpWasserstein.PeriodicMarginalCoefficientEvolutionDecomposition
replaying SharpWasserstein.PeriodicMarginalCoefficientEvolutionEnergy
replaying SharpWasserstein.PeriodicMarginalCoefficientEvolutionEstimate
replaying SharpWasserstein.PeriodicMarginalCoefficientEvolutionGenerator
replaying SharpWasserstein.PeriodicMarginalCoefficientEvolutionGeneratorTime
replaying SharpWasserstein.PeriodicMarginalCoefficientEvolutionHierarchy
replaying SharpWasserstein.PeriodicMarginalCoefficientEvolutionLaw
replaying SharpWasserstein.PeriodicMarginalCoefficientEvolutionPhysical
replaying SharpWasserstein.PeriodicMarginalCoefficientEvolutionSource
replaying SharpWasserstein.PeriodicMarginalCoefficientEvolutionTerminal
replaying SharpWasserstein.PeriodicMarginalEnergy
replaying SharpWasserstein.PeriodicMarginalLift
replaying SharpWasserstein.PeriodicOptimizerFunctionalCongruence
replaying SharpWasserstein.PeriodicOptimizerProducts
replaying SharpWasserstein.PeriodicParabolicDissipation
replaying SharpWasserstein.PeriodicParabolicEnergy
replaying SharpWasserstein.PeriodicParticleApproximation
replaying SharpWasserstein.PeriodicParticleDerivative
replaying SharpWasserstein.PeriodicParticleTangentLimitFlow
replaying SharpWasserstein.PeriodicParticleTangentLimitIdentification
replaying SharpWasserstein.PeriodicParticleTangentLimitLaw
replaying SharpWasserstein.PeriodicParticleTangentLimitMarginal
replaying SharpWasserstein.PeriodicParticleTangentLimitPairing
replaying SharpWasserstein.PeriodicParticleTangentLimitSource
replaying SharpWasserstein.PeriodicPositiveKernel
replaying SharpWasserstein.PeriodicSmoothBounds
replaying SharpWasserstein.PeriodicSmoothGradient
replaying SharpWasserstein.PeriodicSourceConvolutionAction
replaying SharpWasserstein.PeriodicSourceConvolutionBCF
replaying SharpWasserstein.PeriodicSourceConvolutionDual
replaying SharpWasserstein.PeriodicSourceConvolutionFunctional
replaying SharpWasserstein.PeriodicSourceConvolutionGenerator
replaying SharpWasserstein.PeriodicSourceConvolutionJointBounds
replaying SharpWasserstein.PeriodicSourceConvolutionMass
replaying SharpWasserstein.PeriodicSourceConvolutionModulus
replaying SharpWasserstein.PeriodicSourceConvolutionPoincare
replaying SharpWasserstein.PeriodicSourceConvolutionPotential
replaying SharpWasserstein.PeriodicSourceConvolutionPrimal
replaying SharpWasserstein.PeriodicSourceConvolutionSmooth
replaying SharpWasserstein.PeriodicSourceConvolutionSpatial
replaying SharpWasserstein.PeriodicSourceConvolutionTime
replaying SharpWasserstein.PeriodicSourceConvolutionUniform
replaying SharpWasserstein.PeriodicTestL2
replaying SharpWasserstein.PeriodicTorusBridge
replaying SharpWasserstein.PeriodicWeakHessian
replaying SharpWasserstein.PhysicalFourierTrialBounds
replaying SharpWasserstein.PhysicalFourierTrialExternal
replaying SharpWasserstein.PhysicalFourierTrialHierarchy
replaying SharpWasserstein.PhysicalFourierTrialMarginal
replaying SharpWasserstein.PhysicalGeneratorPeriodicity
replaying SharpWasserstein.PointwiseTrajectory
replaying SharpWasserstein.PrescribedDecoupledTransport
replaying SharpWasserstein.PrescribedEntropyProfile
replaying SharpWasserstein.PrescribedReference
replaying SharpWasserstein.PrescribedSwitchBrownianLaw
replaying SharpWasserstein.PrescribedSwitchBrownianSource
replaying SharpWasserstein.PrescribedSwitchCommonLabel
replaying SharpWasserstein.PrescribedSwitchContinuity
replaying SharpWasserstein.PrescribedSwitchEndpoint
replaying SharpWasserstein.PrescribedSwitchIntervalEnergy
replaying SharpWasserstein.PrescribedSwitchLengthFromAction
replaying SharpWasserstein.PrescribedSwitchMarginalSource
replaying SharpWasserstein.PrescribedSwitchMarginalSourceAction
replaying SharpWasserstein.PrescribedSwitchMarginalSourceContinuity
replaying SharpWasserstein.PrescribedSwitchMetricCurve
replaying SharpWasserstein.PrescribedSwitchMetricIdentification
replaying SharpWasserstein.ProbabilityLipschitzEstimate
replaying SharpWasserstein.ProbabilityParameterIntegral
replaying SharpWasserstein.ProbabilityUniformTests
replaying SharpWasserstein.PropagatedFlux
replaying SharpWasserstein.PropagatedFluxFlow
replaying SharpWasserstein.PropagatedFluxSmoothPairing
replaying SharpWasserstein.PropagatedSourceEquation
replaying SharpWasserstein.PropagatedSourceEquationBrownian
replaying SharpWasserstein.PropagatedSourceEquationConjugacy
replaying SharpWasserstein.PropagatedSourceEquationDifferentiation
replaying SharpWasserstein.PropagatedSourceEquationDistribution
replaying SharpWasserstein.PropagatedSourceEquationIntegration
replaying SharpWasserstein.PropagatedSourceEquationLaw
replaying SharpWasserstein.PropagatedSourceEquationMeasurable
replaying SharpWasserstein.PropagatedSourcePermutation
replaying SharpWasserstein.PropagatedSourcePermutationAction
replaying SharpWasserstein.PropagatedSourcePermutationParticle
replaying SharpWasserstein.QuantitativeGenerator
replaying SharpWasserstein.RandomMapTransport
replaying SharpWasserstein.RankOneTransport
replaying SharpWasserstein.Rates
replaying SharpWasserstein.ReferenceDriftDerivatives
replaying SharpWasserstein.ReferenceTensorIdentification
replaying SharpWasserstein.ReferenceWeakIdentification
replaying SharpWasserstein.RegularizationRates
replaying SharpWasserstein.RegularizedBrownianSourceBound
replaying SharpWasserstein.RegularizedBrownianSourceCoordinates
replaying SharpWasserstein.RegularizedBrownianSourceData
replaying SharpWasserstein.RegularizedBrownianSourceSwitch
replaying SharpWasserstein.RegularizedEntropyProfile
replaying SharpWasserstein.RegularizedSource
replaying SharpWasserstein.RegularizedSourceRates
replaying SharpWasserstein.RegularizedTrialConvergence
replaying SharpWasserstein.RegularizedTrialConvergenceFourier
replaying SharpWasserstein.RegularizedTrialConvergencePeriodic
replaying SharpWasserstein.RegularizedTrialConvergencePhysical
replaying SharpWasserstein.RegularizedTrialConvergencePhysicalTime
replaying SharpWasserstein.RegularizedTrialConvergenceSequence
replaying SharpWasserstein.RegularizedTrialConvergenceTime
replaying SharpWasserstein.RegularizedTrialEnergy
replaying SharpWasserstein.RegularizedTrialMarginal
replaying SharpWasserstein.RoughCommonLabelLift
replaying SharpWasserstein.RoughCommonLabelTimeEndpoint
replaying SharpWasserstein.RoughEulerianCompressionEndpoint
replaying SharpWasserstein.RoughEulerianCompressionEquation
replaying SharpWasserstein.RoughEulerianCompressionFlux
replaying SharpWasserstein.RoughEulerianCompressionGeometry
replaying SharpWasserstein.RoughEulerianCompressionPushforward
replaying SharpWasserstein.RoughEulerianCompressionTests
replaying SharpWasserstein.RoughEulerianIntervalRestriction
replaying SharpWasserstein.RoughEulerianRegularizedTransport
replaying SharpWasserstein.RoughEulerianSmoothingAction
replaying SharpWasserstein.RoughEulerianSmoothingCoupling
replaying SharpWasserstein.RoughEulerianSmoothingDuality
replaying SharpWasserstein.RoughEulerianSmoothingEndpoint
replaying SharpWasserstein.RoughEulerianSmoothingFloor
replaying SharpWasserstein.RoughEulerianSmoothingGaussian
replaying SharpWasserstein.RoughEulerianSmoothingKernel
replaying SharpWasserstein.RoughEulerianSmoothingLaw
replaying SharpWasserstein.RoughEulerianSmoothingMixture
replaying SharpWasserstein.RoughEulerianSmoothingTests
replaying SharpWasserstein.RoughEulerianSpaceTimeEquation
replaying SharpWasserstein.RoughEulerianSpaceTimePairing
replaying SharpWasserstein.RoughEulerianSpaceTimeSmooth
replaying SharpWasserstein.RoughEulerianTimeActionConvolution
replaying SharpWasserstein.RoughEulerianTimeActionCurve
replaying SharpWasserstein.RoughEulerianTimeActionCurveEnergy
replaying SharpWasserstein.RoughEulerianTimeActionIdentification
replaying SharpWasserstein.RoughEulerianTimeActionLaw
replaying SharpWasserstein.RoughEulerianTimeActionMoments
replaying SharpWasserstein.RoughEulerianTimeActionProduct
replaying SharpWasserstein.RoughEulerianTimeKernel
replaying SharpWasserstein.RoughEulerianTimePrimitive
replaying SharpWasserstein.RoughEulerianTimeSmoothing
replaying SharpWasserstein.RoughEulerianTimeWeak
replaying SharpWasserstein.RoughEulerianTransportContinuity
replaying SharpWasserstein.RoughEulerianTransportEnergy
replaying SharpWasserstein.RoughEulerianTransportJointRegularity
replaying SharpWasserstein.RoughEulerianTransportKernel
replaying SharpWasserstein.RoughEulerianTransportLimit
replaying SharpWasserstein.RoughEulerianTransportLocalization
replaying SharpWasserstein.RoughEulerianTransportRegular
replaying SharpWasserstein.RoughEulerianTransportRegularCoordinates
replaying SharpWasserstein.RoughEulerianTransportSpaceTime
replaying SharpWasserstein.RoughEulerianTransportTimeEndpoint
replaying SharpWasserstein.RoughEulerianTransportTimeMixture
replaying SharpWasserstein.RoughFiniteAction
replaying SharpWasserstein.RoughFiniteActionEndpoint
replaying SharpWasserstein.RoughFiniteActionInterface
replaying SharpWasserstein.RoughUniformActionData
replaying SharpWasserstein.RoughUniformRegularizedTransport
replaying SharpWasserstein.SinePeriodization
replaying SharpWasserstein.SinePeriodizationDerivative
replaying SharpWasserstein.SmoothBoundedCharacteristic
replaying SharpWasserstein.SmoothCutoff
replaying SharpWasserstein.SmoothCutoffSecondOrder
replaying SharpWasserstein.SubGaussianSquare
replaying SharpWasserstein.SwitchCurve
replaying SharpWasserstein.SwitchCurveNarrow
replaying SharpWasserstein.SwitchCurveProperties
replaying SharpWasserstein.SwitchCurveTimeEnergy
replaying SharpWasserstein.SwitchSourceBrownianPairing
replaying SharpWasserstein.SwitchSourceDerivativeEquation
replaying SharpWasserstein.SwitchSourceDerivativeFlux
replaying SharpWasserstein.SwitchSourceDerivativeJacobian
replaying SharpWasserstein.SwitchSourceDerivativeLaw
replaying SharpWasserstein.SwitchSourceDerivativeMovingExpectation
replaying SharpWasserstein.SwitchSourceDerivativeMovingTest
replaying SharpWasserstein.SwitchSourceDerivativeParticle
replaying SharpWasserstein.SwitchSourceDerivativePathwise
replaying SharpWasserstein.SwitchSourceDerivativePrescribed
replaying SharpWasserstein.SwitchSourceDerivativeRemainingTest
replaying SharpWasserstein.SwitchSourceDerivativeRestart
replaying SharpWasserstein.SwitchSourceDerivativeRight
replaying SharpWasserstein.SwitchSourceDerivativeShortTime
replaying SharpWasserstein.SynchronousStability
replaying SharpWasserstein.SynchronousTransport
replaying SharpWasserstein.TangentEnergy
replaying SharpWasserstein.TestGenerator
replaying SharpWasserstein.TimeGenerator
replaying SharpWasserstein.TimeGeneratorUniform
replaying SharpWasserstein.TorusFourierConvergence
replaying SharpWasserstein.Transport
replaying SharpWasserstein.TransportConvergence
replaying SharpWasserstein.TransportEndpoint
replaying SharpWasserstein.TransportMoments
replaying SharpWasserstein.TransportTriangle
replaying SharpWasserstein.UniformBoundedDerivatives
replaying SharpWasserstein.VolterraEnergyLimit
replaying SharpWasserstein.VolterraFourierHierarchy
replaying SharpWasserstein.VolterraFourierLimit
replaying SharpWasserstein.VolterraFourierRecovery
replaying SharpWasserstein.VolterraFourierSource
replaying SharpWasserstein.VolterraFourierSourceHierarchy
replaying SharpWasserstein.VolterraHierarchy
replaying SharpWasserstein.WassersteinEndpointConstants
replaying SharpWasserstein.WeakAutonomousUniqueness
replaying SharpWasserstein.WeakBackwardEulerStep
replaying SharpWasserstein.WeakBackwardEulerTelescope
replaying SharpWasserstein.WeakDerivativeClosure
replaying SharpWasserstein.WeakDerivativeLimit
replaying SharpWasserstein.WeakEulerConsistency
replaying SharpWasserstein.WeakEvolutionBoundedTests
replaying SharpWasserstein.WeakEvolutionContinuity
replaying SharpWasserstein.WeakEvolutionTimeTests
replaying SharpWasserstein.WeakStrongPairing
replaying SharpWasserstein.WeakTestContinuity
replaying SharpWasserstein.WeakTimeBackwardStep
replaying SharpWasserstein.WeakTimeBackwardTelescope
replaying SharpWasserstein.WeakTimeEulerConsistency
replaying SharpWasserstein.WeakTimeUniqueness
replaying SharpWasserstein.WeightedConvolutionSmooth
replaying SharpWasserstein.WeightedDensity
replaying SharpWasserstein.WeightedEnergyDerivative
replaying SharpWasserstein.WeightedEnergyDerivativeWithin
replaying SharpWasserstein.WeightedGalerkin
replaying SharpWasserstein.WeightedGradientApproximation
replaying SharpWasserstein.WeightedIntegralSquare
replaying SharpWasserstein.WeightedMarginal
replaying SharpWasserstein.WeightedMarginalSmoothPairing
replaying SharpWasserstein.WeightedPeriodicCoefficientEvolution
replaying SharpWasserstein.WeightedPeriodicCoefficientEvolutionBrownian
replaying SharpWasserstein.WeightedPeriodicCoefficientEvolutionFourier
replaying SharpWasserstein.WeightedPeriodicFourierApproximation
replaying SharpWasserstein.WeightedPeriodicFourierAverage
replaying SharpWasserstein.WeightedPeriodicFourierClosure
replaying SharpWasserstein.WeightedPeriodicFourierPhysical
replaying SharpWasserstein.WeightedPeriodicFourierScale
replaying SharpWasserstein.WeightedPeriodicFourierSmoothing
replaying SharpWasserstein.WeightedPeriodicMarginal
replaying SharpWasserstein.WeightedPeriodicMarginalPhysical
replaying SharpWasserstein.WeightedPeriodicTangent
replaying SharpWasserstein.WeightedPeriodicTangentPhysical
replaying SharpWasserstein.WeightedSourceSymmetry
replaying SharpWasserstein.WeightedTangent
replaying SharpWasserstein.WeightedTangentLimit
