'SharpWasserstein.BrownianFlow.flow_increment_energy_le' depends on axioms: [propext, Classical.choice, Quot.sound]
'SharpWasserstein.SwitchCurve.integral_three_terms' depends on axioms: [propext, Classical.choice, Quot.sound]
'SharpWasserstein.SwitchCurve.productCost_triangle_sq' depends on axioms: [propext, Classical.choice, Quot.sound]
'SharpWasserstein.SwitchCurve.jointTimeCost' depends on axioms: [propext, Classical.choice, Quot.sound]
'SharpWasserstein.SwitchCurve.jointEndpoint_cost_le' depends on axioms: [propext, Classical.choice, Quot.sound]
'SharpWasserstein.SwitchCurve.jointEndpoint_energy_le' depends on axioms: [propext, Classical.choice, Quot.sound]
'SharpWasserstein.SwitchCurve.jointEndpoint_cost_tendsto' depends on axioms: [propext, Classical.choice, Quot.sound]
'SharpWasserstein.SwitchCurve.jointEndpoint_marginal_cost_tendsto' depends on axioms: [propext,
 Classical.choice,
 Quot.sound]
'SharpWasserstein.SwitchSourceDerivative.prescribedMarginalCommonLabel' depends on axioms: [propext,
 Classical.choice,
 Quot.sound]
'SharpWasserstein.RoughEulerianTransport.UniformFiniteActionTransport' depends on axioms: [propext,
 Classical.choice,
 Quot.sound]
'SharpWasserstein.SwitchSourceDerivative.prescribedMetricCurve_length_of_finiteAction' depends on axioms: [propext,
 Classical.choice,
 Quot.sound]
'SharpWasserstein.SwitchSourceDerivative.prescribed_switch_length_of_finiteAction' depends on axioms: [propext,
 Classical.choice,
 Quot.sound]
'SharpWasserstein.main_of_uniform_finite_action_transport' depends on axioms: [propext, Classical.choice, Quot.sound]
