'SharpWasserstein.GeometricEndpointLength.time' depends on axioms: [propext, Classical.choice, Quot.sound]
'SharpWasserstein.GeometricEndpointLength.time_pos' depends on axioms: [propext, Classical.choice, Quot.sound]
'SharpWasserstein.GeometricEndpointLength.time_le' depends on axioms: [propext, Classical.choice, Quot.sound]
'SharpWasserstein.GeometricEndpointLength.time_succ' depends on axioms: [propext, Classical.choice, Quot.sound]
'SharpWasserstein.GeometricEndpointLength.sqrt_time_succ' depends on axioms: [propext, Classical.choice, Quot.sound]
'SharpWasserstein.GeometricEndpointLength.endpoint_of_geometric_action' depends on axioms: [propext,
 Classical.choice,
 Quot.sound]
'SharpWasserstein.GeometricEndpointLength.endpoint_of_local_action' depends on axioms: [propext,
 Classical.choice,
 Quot.sound]
'SharpWasserstein.RoughEulerianTransport.CompactDistributionContinuity.translate' depends on axioms: [propext,
 Classical.choice,
 Quot.sound]
'SharpWasserstein.SwitchSourceDerivative.prescribedMarginalMetricCurve' depends on axioms: [propext,
 Classical.choice,
 Quot.sound]
'SharpWasserstein.SwitchSourceDerivative.prescribedMarginalMetricCurve_continuous' depends on axioms: [propext,
 Classical.choice,
 Quot.sound]
'SharpWasserstein.SwitchSourceDerivative.prescribedMarginalMetricCurve_distance_sq' depends on axioms: [propext,
 Classical.choice,
 Quot.sound]
'SharpWasserstein.SwitchSourceDerivative.prescribedMarginalCurve_eq_metric' depends on axioms: [propext,
 Classical.choice,
 Quot.sound]
'SharpWasserstein.SwitchSourceDerivative.prescribedMarginalCurve_map_configuration' depends on axioms: [propext,
 Classical.choice,
 Quot.sound]
'SharpWasserstein.SwitchSourceDerivative.prescribedMarginalCurve_secondMoment' depends on axioms: [propext,
 Classical.choice,
 Quot.sound]
'SharpWasserstein.SwitchSourceDerivative.prescribedMarginalSource_finite' depends on axioms: [propext,
 Classical.choice,
 Quot.sound]
'SharpWasserstein.SwitchSourceDerivative.prescribedMarginalCurve_energy_le' depends on axioms: [propext,
 Classical.choice,
 Quot.sound]
'SharpWasserstein.SwitchSourceDerivative.prescribedMarginalCurve_testObjective_le' depends on axioms: [propext,
 Classical.choice,
 Quot.sound]
