'SharpWasserstein.BrownianNoise.scalarLaw_increment_secondMoment' depends on axioms: [propext,
 Classical.choice,
 Quot.sound]
'SharpWasserstein.BrownianNoise.configurationLaw_increment_cost_integrable' depends on axioms: [propext,
 Classical.choice,
 Quot.sound]
'SharpWasserstein.BrownianNoise.configurationLaw_coordinate_increment_secondMoment' depends on axioms: [propext,
 Classical.choice,
 Quot.sound]
'SharpWasserstein.BrownianNoise.configurationLaw_increment_momentIntegral' depends on axioms: [propext,
 Classical.choice,
 Quot.sound]
'SharpWasserstein.productCost_sub_zero' depends on axioms: [propext, Classical.choice, Quot.sound]
'SharpWasserstein.FiniteAdditiveTrajectory.increment_equation' depends on axioms: [propext,
 Classical.choice,
 Quot.sound]
'SharpWasserstein.FiniteAdditiveTrajectory.increment_productCost_le' depends on axioms: [propext,
 Classical.choice,
 Quot.sound]
'SharpWasserstein.BrownianFlow.timeCost' depends on axioms: [propext, Classical.choice, Quot.sound]
'SharpWasserstein.BrownianFlow.timeCost_nonneg' depends on axioms: [propext, Classical.choice, Quot.sound]
'SharpWasserstein.BrownianFlow.timeCost_continuous' depends on axioms: [propext, Classical.choice, Quot.sound]
'SharpWasserstein.BrownianFlow.timeCost_self' depends on axioms: [propext, Classical.choice, Quot.sound]
'SharpWasserstein.BrownianFlow.law_time_wassersteinSq_le' depends on axioms: [propext, Classical.choice, Quot.sound]
'SharpWasserstein.BrownianFlow.law_time_wassersteinSq_tendsto' depends on axioms: [propext,
 Classical.choice,
 Quot.sound]
'SharpWasserstein.BrownianParticle.law_time_wassersteinSq_le' depends on axioms: [propext, Classical.choice, Quot.sound]
'SharpWasserstein.SwitchCurve.law' depends on axioms: [propext, Classical.choice, Quot.sound]
'SharpWasserstein.SwitchCurve.law_probability' depends on axioms: [propext, Classical.choice, Quot.sound]
'SharpWasserstein.SwitchCurve.law_secondMoment' depends on axioms: [propext, Classical.choice, Quot.sound]
'SharpWasserstein.SwitchCurve.law_zero' depends on axioms: [propext, Classical.choice, Quot.sound]
'SharpWasserstein.SwitchCurve.law_terminal' depends on axioms: [propext, Classical.choice, Quot.sound]
'SharpWasserstein.SwitchCurve.law_root_modulus' depends on axioms: [propext, Classical.choice, Quot.sound]
'SharpWasserstein.SwitchCurve.law_wassersteinSq_tendsto' depends on axioms: [propext, Classical.choice, Quot.sound]
