'SharpWasserstein.EulerianTransport.norm_toLp_sub_sq' depends on axioms: [propext, Classical.choice, Quot.sound]
'SharpWasserstein.EulerianTransport.continuous_toLp_of_uniform_bound' depends on axioms: [propext,
 Classical.choice,
 Quot.sound]
'SharpWasserstein.EulerianTransport.intervalIntegrable_toLp_of_uniform_bound' depends on axioms: [propext,
 Classical.choice,
 Quot.sound]
'SharpWasserstein.EulerianTransport.euclideanMap' depends on axioms: [propext, Classical.choice, Quot.sound]
'SharpWasserstein.EulerianTransport.euclideanMap_apply' depends on axioms: [propext, Classical.choice, Quot.sound]
'SharpWasserstein.EulerianTransport.euclideanMap_norm_sq' depends on axioms: [propext, Classical.choice, Quot.sound]
'SharpWasserstein.EulerianTransport.solution_norm_le' depends on axioms: [propext, Classical.choice, Quot.sound]
'SharpWasserstein.EulerianTransport.solution_memLp' depends on axioms: [propext, Classical.choice, Quot.sound]
'SharpWasserstein.EulerianTransport.flowLaw_secondMoment' depends on axioms: [propext, Classical.choice, Quot.sound]
'SharpWasserstein.EulerianTransport.velocity' depends on axioms: [propext, Classical.choice, Quot.sound]
'SharpWasserstein.EulerianTransport.velocity_joint_continuous' depends on axioms: [propext,
 Classical.choice,
 Quot.sound]
'SharpWasserstein.EulerianTransport.velocity_norm_le' depends on axioms: [propext, Classical.choice, Quot.sound]
'SharpWasserstein.EulerianTransport.velocity_memLp' depends on axioms: [propext, Classical.choice, Quot.sound]
'SharpWasserstein.EulerianTransport.velocity_norm_eq_action' depends on axioms: [propext, Classical.choice, Quot.sound]
'SharpWasserstein.EulerianTransport.flowLaw_wassersteinSq_le_action' depends on axioms: [propext,
 Classical.choice,
 Quot.sound]
'SharpWasserstein.EulerianTransport.WeakContinuity.eq_flowLaw' depends on axioms: [propext,
 Classical.choice,
 Quot.sound]
'SharpWasserstein.EulerianTransport.WeakContinuity.wassersteinSq_le_action' depends on axioms: [propext,
 Classical.choice,
 Quot.sound]
'SharpWasserstein.EulerianTransport.WeakContinuity.wasserstein_length_le_action' depends on axioms: [propext,
 Classical.choice,
 Quot.sound]
'SharpWasserstein.EulerianTransport.exists_compact_test_approximation' depends on axioms: [propext,
 Classical.choice,
 Quot.sound]
'SharpWasserstein.EulerianTransport.CompactWeakContinuity' depends on axioms: [propext, Classical.choice, Quot.sound]
'SharpWasserstein.EulerianTransport.CompactWeakContinuity.toWeakContinuity' depends on axioms: [propext,
 Classical.choice,
 Quot.sound]
'SharpWasserstein.EulerianTransport.CompactWeakContinuity.wassersteinSq_le_action' depends on axioms: [propext,
 Classical.choice,
 Quot.sound]
'SharpWasserstein.EulerianTransport.CompactWeakContinuity.eq_flowLaw' depends on axioms: [propext,
 Classical.choice,
 Quot.sound]
'SharpWasserstein.EulerianTransport.CompactWeakContinuity.wasserstein_length_le_action' depends on axioms: [propext,
 Classical.choice,
 Quot.sound]
'SharpWasserstein.FlowSemigroupDerivative.expectation' depends on axioms: [propext, Classical.choice, Quot.sound]
'SharpWasserstein.FlowSemigroupDerivative.initialMap_lipschitz' depends on axioms: [propext,
 Classical.choice,
 Quot.sound]
'SharpWasserstein.FlowSemigroupDerivative.integrable_observable' depends on axioms: [propext,
 Classical.choice,
 Quot.sound]
'SharpWasserstein.FlowSemigroupDerivative.differential_continuous' depends on axioms: [propext,
 Classical.choice,
 Quot.sound]
'SharpWasserstein.FlowSemigroupDerivative.integrable_differential' depends on axioms: [propext,
 Classical.choice,
 Quot.sound]
'SharpWasserstein.FlowSemigroupDerivative.hasFDerivAt_expectation' depends on axioms: [propext,
 Classical.choice,
 Quot.sound]
'SharpWasserstein.FlowSemigroupDerivative.fderiv_expectation_apply' depends on axioms: [propext,
 Classical.choice,
 Quot.sound]
'SharpWasserstein.FlowSemigroupDerivative.expectation_contDiff_one' depends on axioms: [propext,
 Classical.choice,
 Quot.sound]
'SharpWasserstein.FlowSemigroupDerivative.norm_fderiv_expectation_le' depends on axioms: [propext,
 Classical.choice,
 Quot.sound]
'SharpWasserstein.FlowSemigroupDerivative.expectation_zero' depends on axioms: [propext, Classical.choice, Quot.sound]
'SharpWasserstein.FlowSemigroupDerivative.integrable_differential_pairing' depends on axioms: [propext,
 Classical.choice,
 Quot.sound]
'SharpWasserstein.FlowSemigroupDerivative.integral_fderiv_expectation_eq' depends on axioms: [propext,
 Classical.choice,
 Quot.sound]
'SharpWasserstein.PropagatedFlux.mapPreserving' depends on axioms: [propext, Classical.choice, Quot.sound]
'SharpWasserstein.PropagatedFlux.pullback' depends on axioms: [propext, Classical.choice, Quot.sound]
'SharpWasserstein.PropagatedFlux.tangentFunctional' depends on axioms: [propext, Classical.choice, Quot.sound]
'SharpWasserstein.PropagatedFlux.tangentFunctional_norm_le' depends on axioms: [propext, Classical.choice, Quot.sound]
'SharpWasserstein.PropagatedFlux.source' depends on axioms: [propext, Classical.choice, Quot.sound]
'SharpWasserstein.PropagatedFlux.source_eq_inner' depends on axioms: [propext, Classical.choice, Quot.sound]
'SharpWasserstein.PropagatedFlux.source_apply' depends on axioms: [propext, Classical.choice, Quot.sound]
'SharpWasserstein.PropagatedFlux.testObjective_le' depends on axioms: [propext, Classical.choice, Quot.sound]
'SharpWasserstein.PropagatedFlux.source_finiteEnergy' depends on axioms: [propext, Classical.choice, Quot.sound]
'SharpWasserstein.PropagatedFlux.source_energy_le' depends on axioms: [propext, Classical.choice, Quot.sound]
'SharpWasserstein.PropagatedFlux.Flow.endpoint' depends on axioms: [propext, Classical.choice, Quot.sound]
'SharpWasserstein.PropagatedFlux.Flow.velocity' depends on axioms: [propext, Classical.choice, Quot.sound]
'SharpWasserstein.PropagatedFlux.Flow.endpoint_measurable' depends on axioms: [propext, Classical.choice, Quot.sound]
'SharpWasserstein.PropagatedFlux.Flow.velocity_memLp' depends on axioms: [propext, Classical.choice, Quot.sound]
'SharpWasserstein.PropagatedFlux.Flow.source' depends on axioms: [propext, Classical.choice, Quot.sound]
'SharpWasserstein.PropagatedFlux.Flow.source_apply' depends on axioms: [propext, Classical.choice, Quot.sound]
'SharpWasserstein.PropagatedFlux.Flow.source_eq_semigroup_pairing' depends on axioms: [propext,
 Classical.choice,
 Quot.sound]
'SharpWasserstein.PropagatedFlux.Flow.source_finiteEnergy' depends on axioms: [propext, Classical.choice, Quot.sound]
'SharpWasserstein.PropagatedFlux.Flow.source_energy_le' depends on axioms: [propext, Classical.choice, Quot.sound]
'SharpWasserstein.PropagatedFlux.Flow.distribution' depends on axioms: [propext, Classical.choice, Quot.sound]
'SharpWasserstein.PropagatedFlux.Flow.distribution_apply' depends on axioms: [propext, Classical.choice, Quot.sound]
'SharpWasserstein.PropagatedFlux.Flow.distribution_finiteEnergy_and_energy_le' depends on axioms: [propext,
 Classical.choice,
 Quot.sound]
'SharpWasserstein.PropagatedFlux.Flow.distribution_zero' depends on axioms: [propext, Classical.choice, Quot.sound]
'SharpWasserstein.PeriodicConvolution.flattenEquiv' depends on axioms: [propext, Classical.choice, Quot.sound]
'SharpWasserstein.PeriodicConvolution.flattenEquiv_apply' depends on axioms: [propext, Classical.choice, Quot.sound]
'SharpWasserstein.PeriodicConvolution.flattenEquiv_coordinateVector' depends on axioms: [propext,
 Classical.choice,
 Quot.sound]
'SharpWasserstein.PeriodicConvolution.coordinateDerivative_flatten' depends on axioms: [propext,
 Classical.choice,
 Quot.sound]
'SharpWasserstein.PeriodicConvolution.laplacian_flatten' depends on axioms: [propext, Classical.choice, Quot.sound]
'SharpWasserstein.PeriodicConvolution.coordinatePartial_reflect' depends on axioms: [propext,
 Classical.choice,
 Quot.sound]
'SharpWasserstein.PeriodicConvolution.laplacian_reflect' depends on axioms: [propext, Classical.choice, Quot.sound]
'SharpWasserstein.PeriodicConvolution.generator_kernelTest' depends on axioms: [propext, Classical.choice, Quot.sound]
'SharpWasserstein.PeriodicConvolution.flattenEquiv_symm_apply' depends on axioms: [propext,
 Classical.choice,
 Quot.sound]
'SharpWasserstein.PeriodicConvolution.flattenedDrift' depends on axioms: [propext, Classical.choice, Quot.sound]
'SharpWasserstein.PeriodicConvolution.flattenedDrift_continuous' depends on axioms: [propext,
 Classical.choice,
 Quot.sound]
'SharpWasserstein.PeriodicConvolution.flattenedDrift_at_flatten' depends on axioms: [propext,
 Classical.choice,
 Quot.sound]
'SharpWasserstein.PeriodicConvolution.flattenedDrift_contDiff' depends on axioms: [propext,
 Classical.choice,
 Quot.sound]
'SharpWasserstein.PeriodicConvolution.divergence_sub' depends on axioms: [propext, Classical.choice, Quot.sound]
'SharpWasserstein.PeriodicConvolution.divergence_commutator' depends on axioms: [propext, Classical.choice, Quot.sound]
'SharpWasserstein.PeriodicConvolution.coordinatePartial_average' depends on axioms: [propext,
 Classical.choice,
 Quot.sound]
'SharpWasserstein.PeriodicConvolution.laplacian_average' depends on axioms: [propext, Classical.choice, Quot.sound]
'SharpWasserstein.PeriodicConvolution.laplacian_density' depends on axioms: [propext, Classical.choice, Quot.sound]
'SharpWasserstein.PeriodicConvolution.kernelFDeriv_smulRight_integrable' depends on axioms: [propext,
 Classical.choice,
 Quot.sound]
'SharpWasserstein.PeriodicConvolution.coordinatePartial_flux' depends on axioms: [propext, Classical.choice, Quot.sound]
'SharpWasserstein.PeriodicConvolution.fderiv_eq_sum_coordinatePartial' depends on axioms: [propext,
 Classical.choice,
 Quot.sound]
'SharpWasserstein.PeriodicConvolution.divergence_flux' depends on axioms: [propext, Classical.choice, Quot.sound]
'SharpWasserstein.PeriodicConvolution.kernel_drift_integrable' depends on axioms: [propext,
 Classical.choice,
 Quot.sound]
'SharpWasserstein.PeriodicConvolution.kernel_laplacian_integrable' depends on axioms: [propext,
 Classical.choice,
 Quot.sound]
'SharpWasserstein.PeriodicConvolution.flattenedDrift_integrable' depends on axioms: [propext,
 Classical.choice,
 Quot.sound]
'SharpWasserstein.PeriodicConvolution.integral_generator_kernelTest_eq' depends on axioms: [propext,
 Classical.choice,
 Quot.sound]
'SharpWasserstein.PeriodicConvolution.integral_generator_kernelTest_eq_commutator' depends on axioms: [propext,
 Classical.choice,
 Quot.sound]
'SharpWasserstein.PeriodicConvolution.evolutionGeneratorBCF_eq_laplacian_sub_divergence' depends on axioms: [propext,
 Classical.choice,
 Quot.sound]
'SharpWasserstein.PeriodicConvolution.evolutionDensity_hasDerivWithinAt_pde' depends on axioms: [propext,
 Classical.choice,
 Quot.sound]
'SharpWasserstein.PeriodicConvolution.evolutionDensity_hasDerivAt_pde' depends on axioms: [propext,
 Classical.choice,
 Quot.sound]
'SharpWasserstein.PeriodicConvolution.evolutionGeneratorBCF_eq_commutator' depends on axioms: [propext,
 Classical.choice,
 Quot.sound]
