'SharpWasserstein.WeakTestContinuity.cutoff_eq_one_of_norm_le' depends on axioms: [propext,
 Classical.choice,
 Quot.sound]
'SharpWasserstein.WeakTestContinuity.cutoff_error_le_moment' depends on axioms: [propext, Classical.choice, Quot.sound]
'SharpWasserstein.WeakTestContinuity.integral_cutoff_error_le' depends on axioms: [propext,
 Classical.choice,
 Quot.sound]
'SharpWasserstein.WeakTestContinuity.continuous_integral_smooth_of_uniformMoment' depends on axioms: [propext,
 Classical.choice,
 Quot.sound]
'SharpWasserstein.WeakTestContinuity.continuous_integral_lipschitz_of_uniformMoment' depends on axioms: [propext,
 Classical.choice,
 Quot.sound]
'SharpWasserstein.WeakTestContinuity.continuous_probabilityMeasure_of_uniformMoment' depends on axioms: [propext,
 Classical.choice,
 Quot.sound]
'SharpWasserstein.integrable_norm_sq_euclideanLaw' depends on axioms: [propext, Classical.choice, Quot.sound]
'SharpWasserstein.integral_norm_sq_euclideanLaw' depends on axioms: [propext, Classical.choice, Quot.sound]
'SharpWasserstein.WeakEvolution.continuous_clippedEuclideanCurve' depends on axioms: [propext,
 Classical.choice,
 Quot.sound]
'SharpWasserstein.WeakEvolution.continuous_euclideanProbabilityCurve' depends on axioms: [propext,
 Classical.choice,
 Quot.sound]
'SharpWasserstein.WeakEvolution.continuous_probabilityCurve' depends on axioms: [propext, Classical.choice, Quot.sound]
'SharpWasserstein.coordinateDerivative_pullback' depends on axioms: [propext, Classical.choice, Quot.sound]
'SharpWasserstein.coordinateDerivative_twice_pullback' depends on axioms: [propext, Classical.choice, Quot.sound]
'SharpWasserstein.laplacian_pullback' depends on axioms: [propext, Classical.choice, Quot.sound]
'SharpWasserstein.generator_pullback' depends on axioms: [propext, Classical.choice, Quot.sound]
'SharpWasserstein.generator_pullback_norm_le' depends on axioms: [propext, Classical.choice, Quot.sound]
'SharpWasserstein.integral_generator_pullback_norm_le' depends on axioms: [propext, Classical.choice, Quot.sound]
'SharpWasserstein.integrable_generator_pullback' depends on axioms: [propext, Classical.choice, Quot.sound]
'SharpWasserstein.WeakEvolution.equation_bounded_smooth' depends on axioms: [propext, Classical.choice, Quot.sound]
